<html>
<body>
<pre>
<h1>µVision Build Log</h1>
<h2>Tool Versions:</h2>
IDE-Version: µVision V5.40.0.0
Copyright (C) 2024 ARM Ltd and ARM Germany GmbH. All rights reserved.
License Information: nguyen thai
tulasolution
User-based license: Keil MDK Community (non-commercial free of charge)
Valid until: Jun 1 2033. Cached until: Sep 27 2024
 
Tool Versions:
Toolchain:       Keil MDK Community (non-commercial free of charge  Version: 5.40.0.3
Toolchain Path:  C:\Users\TULA_KT01\AppData\Local\Keil_v5\ARM\ARMCLANG\Bin
C Compiler:      ArmClang.exe V6.22
Assembler:       Armasm.exe V6.22
Linker/Locator:  ArmLink.exe V6.22
Library Manager: ArmAr.exe V6.22
Hex Converter:   FromElf.exe V6.22
CPU DLL:         SARMCM3.DLL V5.40.0.3
Dialog DLL:      DARMCM1.DLL V1.19.6.0
Target DLL:      NULink\Nu_Link.dll V3.15
Dialog DLL:      TARMCM1.DLL V1.14.6.0
 
<h2>Project:</h2>
C:\Users\TULA_KT01\Desktop\github\Saban_Wi_V3_LoraPhy_NoBootloader\SabanWi_Master\MDK-ARM\Saban_Master\SabanWi_Master.uvprojx
Project File Date:  09/20/2024

<h2>Output:</h2>
*** Using Compiler 'V6.22', folder: 'C:\Users\TULA_KT01\AppData\Local\Keil_v5\ARM\ARMCLANG\Bin'
Build target 'SabanWi_Master'
compiling radio.c...
compiling operation.c...
compiling usb_stack.c...
../../App/RF_Transfer/src/RF_Transfer.c(621): warning: cast to smaller integer type 'uint16_t' (aka 'unsigned short') from 'uint8_t *' (aka 'unsigned char *') [-Wpointer-to-int-cast]
  621 |             Save_Receive_Data_RF_Transfer(pkg_client_recv, MasterID, Commnad, MCCode, SlaveID, u16cmd, Data, (uint16_t)receive_sha);
      |                                                                                                              ^~~~~~~~~~~~~~~~~~~~~
../../App/RF_Transfer/src/RF_Transfer.c(877): warning: cast to smaller integer type 'uint16_t' (aka 'unsigned short') from 'uint8_t *' (aka 'unsigned char *') [-Wpointer-to-int-cast]
  877 |             pkg_client_recv[SlaveID].crc_result = (uint16_t) receive_crc ;
      |                                                   ^~~~~~~~~~~~~~~~~~~~~~
2 warnings generated.
compiling RF_Transfer.c...
compiling SX1278.c...
compiling SX1278-Fsk.c...
compiling SX1278-LoRa.c...
compiling SX1278Fsk_Misc.c...
compiling SX1278LoRa_Misc.c...
compiling log.c...
linking...
Program Size: Code=40520 RO-data=4340 RW-data=412 ZI-data=15408  
FromELF: creating hex file...
After Build - User command #1: fromelf --bin ".\Objects\SabanWi_Master.axf" --output ".\Objects\SabanWi_Master.bin"
After Build - User command #2: fromelf --text -c ".\Objects\SabanWi_Master.axf" --output ".\Objects\SabanWi_Master.txt"
".\Objects\SabanWi_Master.axf" - 0 Error(s), 2 Warning(s).

<h2>Software Packages used:</h2>

Package Vendor: ARM
                https://www.keil.com/pack/ARM.CMSIS.6.1.0.pack
                ARM::CMSIS@6.1.0
                CMSIS (Common Microcontroller Software Interface Standard)
   * Component: CORE Version: 6.1.0

Package Vendor: Nuvoton
                https://github.com/OpenNuvoton/cmsis-packs/raw/master/Nuvoton_DFP/Nuvoton.NuMicro_DFP.1.3.24.pack
                Nuvoton::NuMicro_DFP@1.3.24
                Nuvoton ARM Cortex-M NuMicro Family Device Support

<h2>Collection of Component include folders:</h2>
  ./RTE/_SabanWi_Master
  C:/Users/TULA_KT01/AppData/Local/Arm/Packs/ARM/CMSIS/6.1.0/CMSIS/Core/Include
  C:/Users/TULA_KT01/AppData/Local/Arm/Packs/Nuvoton/NuMicro_DFP/1.3.24/Device/NUC200/Include

<h2>Collection of Component Files used:</h2>

   * Component: ARM::CMSIS:CORE@6.1.0
Build Time Elapsed:  00:00:02
</pre>
</body>
</html>
