<!doctype html public "-//w3c//dtd html 4.0 transitional//en">
<html><head>
<title>Static Call Graph - [.\Objects\SabanWi_Master.axf]</title></head>
<body><HR>
<H1>Static Call Graph for image .\Objects\SabanWi_Master.axf</H1><HR>
<BR><P>#&#060CALLGRAPH&#062# ARM Linker, 6220000: Last Updated: Thu Sep 19 21:57:14 2024
<BR><P>
<H3>Maximum Stack Usage =        916 bytes + Unknown(Cycles, Untraceable Function Pointers)</H3><H3>
Call chain for Maximum Stack Depth:</H3>
main &rArr; OnMaster &rArr; Saban_Mode_RS485 &rArr; Rf_Send_Request_AESSHA &rArr; Creat_Packet_Request_AESSHA &rArr; Sha256Update &rArr; TransformFunction
<P>
<H3>
Mutually Recursive functions
</H3> <LI><a href="#[1]">NMI_Handler</a>&nbsp;&nbsp;&nbsp;&rArr;&nbsp;&nbsp;&nbsp;<a href="#[1]">NMI_Handler</a><BR>
 <LI><a href="#[3]">SVC_Handler</a>&nbsp;&nbsp;&nbsp;&rArr;&nbsp;&nbsp;&nbsp;<a href="#[3]">SVC_Handler</a><BR>
 <LI><a href="#[4]">PendSV_Handler</a>&nbsp;&nbsp;&nbsp;&rArr;&nbsp;&nbsp;&nbsp;<a href="#[4]">PendSV_Handler</a><BR>
 <LI><a href="#[5]">SysTick_Handler</a>&nbsp;&nbsp;&nbsp;&rArr;&nbsp;&nbsp;&nbsp;<a href="#[5]">SysTick_Handler</a><BR>
 <LI><a href="#[117]">USBD_MemCopy</a>&nbsp;&nbsp;&nbsp;&rArr;&nbsp;&nbsp;&nbsp;<a href="#[117]">USBD_MemCopy</a><BR>
 <LI><a href="#[24]">Default_Handler</a>&nbsp;&nbsp;&nbsp;&rArr;&nbsp;&nbsp;&nbsp;<a href="#[24]">Default_Handler</a><BR>
</UL>
<P>
<H3>
Function Pointers
</H3><UL>
 <LI><a href="#[1f]">ACMP_IRQHandler</a> from startup_nuc200series.o(.text) referenced from startup_nuc200series.o(RESET)
 <LI><a href="#[23]">ADC_IRQHandler</a> from startup_nuc200series.o(.text) referenced from startup_nuc200series.o(RESET)
 <LI><a href="#[6]">BOD_IRQHandler</a> from startup_nuc200series.o(.text) referenced from startup_nuc200series.o(RESET)
 <LI><a href="#[1a]">CAN0_IRQHandler</a> from startup_nuc200series.o(.text) referenced from startup_nuc200series.o(RESET)
 <LI><a href="#[1b]">CAN1_IRQHandler</a> from startup_nuc200series.o(.text) referenced from startup_nuc200series.o(RESET)
 <LI><a href="#[24]">Default_Handler</a> from startup_nuc200series.o(.text) referenced from startup_nuc200series.o(RESET)
 <LI><a href="#[8]">EINT0_IRQHandler</a> from startup_nuc200series.o(.text) referenced from startup_nuc200series.o(RESET)
 <LI><a href="#[9]">EINT1_IRQHandler</a> from startup_nuc200series.o(.text) referenced from startup_nuc200series.o(RESET)
 <LI><a href="#[a]">GPAB_IRQHandler</a> from startup_nuc200series.o(.text) referenced from startup_nuc200series.o(RESET)
 <LI><a href="#[b]">GPCDEF_IRQHandler</a> from startup_nuc200series.o(.text) referenced from startup_nuc200series.o(RESET)
 <LI><a href="#[2d]">GPIO_SetMode</a> from gpio.o(.text.GPIO_SetMode) referenced from gpio_driver.o(.text.SB_Master_GPIO_Init)
 <LI><a href="#[2d]">GPIO_SetMode</a> from gpio.o(.text.GPIO_SetMode) referenced from sx1278_hw.o(.text.SX1276InitIO)
 <LI><a href="#[2e]">HID_ClassRequest</a> from hid_transfer.o(.text.HID_ClassRequest) referenced from usb_driver.o(.text.SB_Usb_Driver_Init)
 <LI><a href="#[2]">HardFault_Handler</a> from retarget.o(.text.HardFault_Handler) referenced from startup_nuc200series.o(RESET)
 <LI><a href="#[2c]">Hard_Fault_Handler</a> from retarget.o(.text.Hard_Fault_Handler) referenced from retarget.o(.text.HardFault_Handler)
 <LI><a href="#[18]">I2C0_IRQHandler</a> from startup_nuc200series.o(.text) referenced from startup_nuc200series.o(RESET)
 <LI><a href="#[19]">I2C1_IRQHandler</a> from startup_nuc200series.o(.text) referenced from startup_nuc200series.o(RESET)
 <LI><a href="#[21]">I2S_IRQHandler</a> from startup_nuc200series.o(.text) referenced from startup_nuc200series.o(RESET)
 <LI><a href="#[1]">NMI_Handler</a> from startup_nuc200series.o(.text) referenced from startup_nuc200series.o(RESET)
 <LI><a href="#[20]">PDMA_IRQHandler</a> from startup_nuc200series.o(.text) referenced from startup_nuc200series.o(RESET)
 <LI><a href="#[1e]">PS2_IRQHandler</a> from startup_nuc200series.o(.text) referenced from startup_nuc200series.o(RESET)
 <LI><a href="#[c]">PWMA_IRQHandler</a> from startup_nuc200series.o(.text) referenced from startup_nuc200series.o(RESET)
 <LI><a href="#[d]">PWMB_IRQHandler</a> from startup_nuc200series.o(.text) referenced from startup_nuc200series.o(RESET)
 <LI><a href="#[22]">PWRWU_IRQHandler</a> from startup_nuc200series.o(.text) referenced from startup_nuc200series.o(RESET)
 <LI><a href="#[4]">PendSV_Handler</a> from startup_nuc200series.o(.text) referenced from startup_nuc200series.o(RESET)
 <LI><a href="#[25]">RTC_IRQHandler</a> from startup_nuc200series.o(.text) referenced from startup_nuc200series.o(RESET)
 <LI><a href="#[0]">Reset_Handler</a> from startup_nuc200series.o(.text) referenced from startup_nuc200series.o(RESET)
 <LI><a href="#[1c]">SC012_IRQHandler</a> from startup_nuc200series.o(.text) referenced from startup_nuc200series.o(RESET)
 <LI><a href="#[2a]">SIM_EEPROM_READ</a> from dataflash_driver.o(.text.SIM_EEPROM_READ) referenced from dataflash_stack.o(.text.DataFlash_Master_Init)
 <LI><a href="#[14]">SPI0_IRQHandler</a> from startup_nuc200series.o(.text) referenced from startup_nuc200series.o(RESET)
 <LI><a href="#[15]">SPI1_IRQHandler</a> from startup_nuc200series.o(.text) referenced from startup_nuc200series.o(RESET)
 <LI><a href="#[16]">SPI2_IRQHandler</a> from startup_nuc200series.o(.text) referenced from startup_nuc200series.o(RESET)
 <LI><a href="#[17]">SPI3_IRQHandler</a> from startup_nuc200series.o(.text) referenced from startup_nuc200series.o(RESET)
 <LI><a href="#[3]">SVC_Handler</a> from startup_nuc200series.o(.text) referenced from startup_nuc200series.o(RESET)
 <LI><a href="#[2f]">SX1276Write</a> from sx1278_hw.o(.text.SX1276Write) referenced from sx1278-fsk.o(.text.SX1276FskInit)
 <LI><a href="#[2f]">SX1276Write</a> from sx1278_hw.o(.text.SX1276Write) referenced from sx1278-lora.o(.text.SX1276LoRaProcess)
 <LI><a href="#[5]">SysTick_Handler</a> from startup_nuc200series.o(.text) referenced from startup_nuc200series.o(RESET)
 <LI><a href="#[27]">SystemInit</a> from system_nuc200series.o(.text.SystemInit) referenced from startup_nuc200series.o(.text)
 <LI><a href="#[e]">TMR0_IRQHandler</a> from timer_driver_irq.o(.text.TMR0_IRQHandler) referenced from startup_nuc200series.o(RESET)
 <LI><a href="#[f]">TMR1_IRQHandler</a> from timer_driver_irq.o(.text.TMR1_IRQHandler) referenced from startup_nuc200series.o(RESET)
 <LI><a href="#[10]">TMR2_IRQHandler</a> from timer_driver_irq.o(.text.TMR2_IRQHandler) referenced from startup_nuc200series.o(RESET)
 <LI><a href="#[11]">TMR3_IRQHandler</a> from timer_driver_irq.o(.text.TMR3_IRQHandler) referenced from startup_nuc200series.o(RESET)
 <LI><a href="#[12]">UART02_IRQHandler</a> from startup_nuc200series.o(.text) referenced from startup_nuc200series.o(RESET)
 <LI><a href="#[13]">UART1_IRQHandler</a> from uart_driver_irq.o(.text.UART1_IRQHandler) referenced from startup_nuc200series.o(RESET)
 <LI><a href="#[1d]">USBD_IRQHandler</a> from hid_transfer.o(.text.USBD_IRQHandler) referenced from startup_nuc200series.o(RESET)
 <LI><a href="#[7]">WDT_IRQHandler</a> from wdt_driver_irq.o(.text.WDT_IRQHandler) referenced from startup_nuc200series.o(RESET)
 <LI><a href="#[2b]">__2printf</a> from printfa.o(i.__0printf) referenced from rf_transfer.o(.text.Decode_Packet_Receive_AESSHA)
 <LI><a href="#[2b]">__2printf</a> from printfa.o(i.__0printf) referenced from retarget.o(.text.Hard_Fault_Handler)
 <LI><a href="#[28]">__main</a> from entry.o(.ARM.Collect$$$$00000000) referenced from startup_nuc200series.o(.text)
 <LI><a href="#[32]">_snputc</a> from printfa.o(i._snputc) referenced from printfa.o(i.__0vsnprintf)
 <LI><a href="#[31]">fputc</a> from retarget.o(.text.fputc) referenced from printfa.o(i.__0printf)
 <LI><a href="#[30]">log_message</a> from log.o(.text.log_message) referenced from rf_transfer.o(.text.Save_Receive_Data_RF_Transfer)
 <LI><a href="#[26]">main</a> from main.o(.text.main) referenced from entry9a.o(.ARM.Collect$$$$0000000B)
 <LI><a href="#[29]">xtime</a> from aes.o(.text.xtime) referenced from aes.o(.text.Cipher)
</UL>
<P>
<H3>
Global Symbols
</H3>
<P><STRONG><a name="[28]"></a>__main</STRONG> (Thumb, 0 bytes, Stack size unknown bytes, entry.o(.ARM.Collect$$$$00000000))
<BR>[Address Reference Count : 1]<UL><LI> startup_nuc200series.o(.text)
</UL>
<P><STRONG><a name="[130]"></a>_main_stk</STRONG> (Thumb, 0 bytes, Stack size unknown bytes, entry2.o(.ARM.Collect$$$$00000001))

<P><STRONG><a name="[33]"></a>_main_scatterload</STRONG> (Thumb, 0 bytes, Stack size unknown bytes, entry5.o(.ARM.Collect$$$$00000004))
<BR><BR>[Calls]<UL><LI><a href="#[34]">&gt;&gt;</a>&nbsp;&nbsp;&nbsp;__scatterload
</UL>

<P><STRONG><a name="[4c]"></a>__main_after_scatterload</STRONG> (Thumb, 0 bytes, Stack size unknown bytes, entry5.o(.ARM.Collect$$$$00000004))
<BR><BR>[Called By]<UL><LI><a href="#[34]">&gt;&gt;</a>&nbsp;&nbsp;&nbsp;__scatterload
</UL>

<P><STRONG><a name="[131]"></a>_main_clock</STRONG> (Thumb, 0 bytes, Stack size unknown bytes, entry7b.o(.ARM.Collect$$$$00000008))

<P><STRONG><a name="[132]"></a>_main_cpp_init</STRONG> (Thumb, 0 bytes, Stack size unknown bytes, entry8b.o(.ARM.Collect$$$$0000000A))

<P><STRONG><a name="[133]"></a>_main_init</STRONG> (Thumb, 0 bytes, Stack size unknown bytes, entry9a.o(.ARM.Collect$$$$0000000B))

<P><STRONG><a name="[134]"></a>__rt_final_cpp</STRONG> (Thumb, 0 bytes, Stack size unknown bytes, entry10a.o(.ARM.Collect$$$$0000000D))

<P><STRONG><a name="[135]"></a>__rt_final_exit</STRONG> (Thumb, 0 bytes, Stack size unknown bytes, entry11a.o(.ARM.Collect$$$$0000000F))

<P><STRONG><a name="[0]"></a>Reset_Handler</STRONG> (Thumb, 32 bytes, Stack size 0 bytes, startup_nuc200series.o(.text))
<BR>[Address Reference Count : 1]<UL><LI> startup_nuc200series.o(RESET)
</UL>
<P><STRONG><a name="[1]"></a>NMI_Handler</STRONG> (Thumb, 2 bytes, Stack size 0 bytes, startup_nuc200series.o(.text))
<BR><BR>[Calls]<UL><LI><a href="#[1]">&gt;&gt;</a>&nbsp;&nbsp;&nbsp;NMI_Handler
</UL>
<BR>[Called By]<UL><LI><a href="#[1]">&gt;&gt;</a>&nbsp;&nbsp;&nbsp;NMI_Handler
</UL>
<BR>[Address Reference Count : 1]<UL><LI> startup_nuc200series.o(RESET)
</UL>
<P><STRONG><a name="[3]"></a>SVC_Handler</STRONG> (Thumb, 2 bytes, Stack size 0 bytes, startup_nuc200series.o(.text))
<BR><BR>[Calls]<UL><LI><a href="#[3]">&gt;&gt;</a>&nbsp;&nbsp;&nbsp;SVC_Handler
</UL>
<BR>[Called By]<UL><LI><a href="#[3]">&gt;&gt;</a>&nbsp;&nbsp;&nbsp;SVC_Handler
</UL>
<BR>[Address Reference Count : 1]<UL><LI> startup_nuc200series.o(RESET)
</UL>
<P><STRONG><a name="[4]"></a>PendSV_Handler</STRONG> (Thumb, 2 bytes, Stack size 0 bytes, startup_nuc200series.o(.text))
<BR><BR>[Calls]<UL><LI><a href="#[4]">&gt;&gt;</a>&nbsp;&nbsp;&nbsp;PendSV_Handler
</UL>
<BR>[Called By]<UL><LI><a href="#[4]">&gt;&gt;</a>&nbsp;&nbsp;&nbsp;PendSV_Handler
</UL>
<BR>[Address Reference Count : 1]<UL><LI> startup_nuc200series.o(RESET)
</UL>
<P><STRONG><a name="[5]"></a>SysTick_Handler</STRONG> (Thumb, 2 bytes, Stack size 0 bytes, startup_nuc200series.o(.text))
<BR><BR>[Calls]<UL><LI><a href="#[5]">&gt;&gt;</a>&nbsp;&nbsp;&nbsp;SysTick_Handler
</UL>
<BR>[Called By]<UL><LI><a href="#[5]">&gt;&gt;</a>&nbsp;&nbsp;&nbsp;SysTick_Handler
</UL>
<BR>[Address Reference Count : 1]<UL><LI> startup_nuc200series.o(RESET)
</UL>
<P><STRONG><a name="[1f]"></a>ACMP_IRQHandler</STRONG> (Thumb, 0 bytes, Stack size 0 bytes, startup_nuc200series.o(.text))
<BR>[Address Reference Count : 1]<UL><LI> startup_nuc200series.o(RESET)
</UL>
<P><STRONG><a name="[23]"></a>ADC_IRQHandler</STRONG> (Thumb, 0 bytes, Stack size 0 bytes, startup_nuc200series.o(.text))
<BR>[Address Reference Count : 1]<UL><LI> startup_nuc200series.o(RESET)
</UL>
<P><STRONG><a name="[6]"></a>BOD_IRQHandler</STRONG> (Thumb, 0 bytes, Stack size 0 bytes, startup_nuc200series.o(.text))
<BR>[Address Reference Count : 1]<UL><LI> startup_nuc200series.o(RESET)
</UL>
<P><STRONG><a name="[1a]"></a>CAN0_IRQHandler</STRONG> (Thumb, 0 bytes, Stack size 0 bytes, startup_nuc200series.o(.text))
<BR>[Address Reference Count : 1]<UL><LI> startup_nuc200series.o(RESET)
</UL>
<P><STRONG><a name="[1b]"></a>CAN1_IRQHandler</STRONG> (Thumb, 0 bytes, Stack size 0 bytes, startup_nuc200series.o(.text))
<BR>[Address Reference Count : 1]<UL><LI> startup_nuc200series.o(RESET)
</UL>
<P><STRONG><a name="[8]"></a>EINT0_IRQHandler</STRONG> (Thumb, 0 bytes, Stack size 0 bytes, startup_nuc200series.o(.text))
<BR>[Address Reference Count : 1]<UL><LI> startup_nuc200series.o(RESET)
</UL>
<P><STRONG><a name="[9]"></a>EINT1_IRQHandler</STRONG> (Thumb, 0 bytes, Stack size 0 bytes, startup_nuc200series.o(.text))
<BR>[Address Reference Count : 1]<UL><LI> startup_nuc200series.o(RESET)
</UL>
<P><STRONG><a name="[a]"></a>GPAB_IRQHandler</STRONG> (Thumb, 0 bytes, Stack size 0 bytes, startup_nuc200series.o(.text))
<BR>[Address Reference Count : 1]<UL><LI> startup_nuc200series.o(RESET)
</UL>
<P><STRONG><a name="[b]"></a>GPCDEF_IRQHandler</STRONG> (Thumb, 0 bytes, Stack size 0 bytes, startup_nuc200series.o(.text))
<BR>[Address Reference Count : 1]<UL><LI> startup_nuc200series.o(RESET)
</UL>
<P><STRONG><a name="[18]"></a>I2C0_IRQHandler</STRONG> (Thumb, 0 bytes, Stack size 0 bytes, startup_nuc200series.o(.text))
<BR>[Address Reference Count : 1]<UL><LI> startup_nuc200series.o(RESET)
</UL>
<P><STRONG><a name="[19]"></a>I2C1_IRQHandler</STRONG> (Thumb, 0 bytes, Stack size 0 bytes, startup_nuc200series.o(.text))
<BR>[Address Reference Count : 1]<UL><LI> startup_nuc200series.o(RESET)
</UL>
<P><STRONG><a name="[21]"></a>I2S_IRQHandler</STRONG> (Thumb, 0 bytes, Stack size 0 bytes, startup_nuc200series.o(.text))
<BR>[Address Reference Count : 1]<UL><LI> startup_nuc200series.o(RESET)
</UL>
<P><STRONG><a name="[20]"></a>PDMA_IRQHandler</STRONG> (Thumb, 0 bytes, Stack size 0 bytes, startup_nuc200series.o(.text))
<BR>[Address Reference Count : 1]<UL><LI> startup_nuc200series.o(RESET)
</UL>
<P><STRONG><a name="[1e]"></a>PS2_IRQHandler</STRONG> (Thumb, 0 bytes, Stack size 0 bytes, startup_nuc200series.o(.text))
<BR>[Address Reference Count : 1]<UL><LI> startup_nuc200series.o(RESET)
</UL>
<P><STRONG><a name="[c]"></a>PWMA_IRQHandler</STRONG> (Thumb, 0 bytes, Stack size 0 bytes, startup_nuc200series.o(.text))
<BR>[Address Reference Count : 1]<UL><LI> startup_nuc200series.o(RESET)
</UL>
<P><STRONG><a name="[d]"></a>PWMB_IRQHandler</STRONG> (Thumb, 0 bytes, Stack size 0 bytes, startup_nuc200series.o(.text))
<BR>[Address Reference Count : 1]<UL><LI> startup_nuc200series.o(RESET)
</UL>
<P><STRONG><a name="[22]"></a>PWRWU_IRQHandler</STRONG> (Thumb, 0 bytes, Stack size 0 bytes, startup_nuc200series.o(.text))
<BR>[Address Reference Count : 1]<UL><LI> startup_nuc200series.o(RESET)
</UL>
<P><STRONG><a name="[25]"></a>RTC_IRQHandler</STRONG> (Thumb, 0 bytes, Stack size 0 bytes, startup_nuc200series.o(.text))
<BR>[Address Reference Count : 1]<UL><LI> startup_nuc200series.o(RESET)
</UL>
<P><STRONG><a name="[1c]"></a>SC012_IRQHandler</STRONG> (Thumb, 0 bytes, Stack size 0 bytes, startup_nuc200series.o(.text))
<BR>[Address Reference Count : 1]<UL><LI> startup_nuc200series.o(RESET)
</UL>
<P><STRONG><a name="[14]"></a>SPI0_IRQHandler</STRONG> (Thumb, 0 bytes, Stack size 0 bytes, startup_nuc200series.o(.text))
<BR>[Address Reference Count : 1]<UL><LI> startup_nuc200series.o(RESET)
</UL>
<P><STRONG><a name="[15]"></a>SPI1_IRQHandler</STRONG> (Thumb, 0 bytes, Stack size 0 bytes, startup_nuc200series.o(.text))
<BR>[Address Reference Count : 1]<UL><LI> startup_nuc200series.o(RESET)
</UL>
<P><STRONG><a name="[16]"></a>SPI2_IRQHandler</STRONG> (Thumb, 0 bytes, Stack size 0 bytes, startup_nuc200series.o(.text))
<BR>[Address Reference Count : 1]<UL><LI> startup_nuc200series.o(RESET)
</UL>
<P><STRONG><a name="[17]"></a>SPI3_IRQHandler</STRONG> (Thumb, 0 bytes, Stack size 0 bytes, startup_nuc200series.o(.text))
<BR>[Address Reference Count : 1]<UL><LI> startup_nuc200series.o(RESET)
</UL>
<P><STRONG><a name="[12]"></a>UART02_IRQHandler</STRONG> (Thumb, 0 bytes, Stack size 0 bytes, startup_nuc200series.o(.text))
<BR>[Address Reference Count : 1]<UL><LI> startup_nuc200series.o(RESET)
</UL>
<P><STRONG><a name="[4e]"></a>__aeabi_memcpy</STRONG> (Thumb, 36 bytes, Stack size 0 bytes, memcpya.o(.text))
<BR><BR>[Called By]<UL><LI><a href="#[63]">&gt;&gt;</a>&nbsp;&nbsp;&nbsp;Creat_Packet_Request_AESSHA
<LI><a href="#[65]">&gt;&gt;</a>&nbsp;&nbsp;&nbsp;Sha256Update
<LI><a href="#[4d]">&gt;&gt;</a>&nbsp;&nbsp;&nbsp;AES_CBC_decrypt_buffer
<LI><a href="#[51]">&gt;&gt;</a>&nbsp;&nbsp;&nbsp;AES_CBC_encrypt_buffer
<LI><a href="#[53]">&gt;&gt;</a>&nbsp;&nbsp;&nbsp;AES_init_ctx_iv
<LI><a href="#[5e]">&gt;&gt;</a>&nbsp;&nbsp;&nbsp;Creat_Packet_Request_AESCRC
<LI><a href="#[6e]">&gt;&gt;</a>&nbsp;&nbsp;&nbsp;Decode_Packet_Receive_AESCRC
<LI><a href="#[70]">&gt;&gt;</a>&nbsp;&nbsp;&nbsp;Decode_Packet_Receive_AESSHA
<LI><a href="#[f3]">&gt;&gt;</a>&nbsp;&nbsp;&nbsp;SX1276FskSetTxPacket
<LI><a href="#[10a]">&gt;&gt;</a>&nbsp;&nbsp;&nbsp;SX1276LoRaSetTxPacket
<LI><a href="#[d9]">&gt;&gt;</a>&nbsp;&nbsp;&nbsp;SX1276FskGetRxPacket
<LI><a href="#[f5]">&gt;&gt;</a>&nbsp;&nbsp;&nbsp;SX1276LoRaGetRxPacket
<LI><a href="#[7d]">&gt;&gt;</a>&nbsp;&nbsp;&nbsp;ProcessCommand
</UL>

<P><STRONG><a name="[136]"></a>__aeabi_memcpy4</STRONG> (Thumb, 0 bytes, Stack size 0 bytes, memcpya.o(.text), UNUSED)

<P><STRONG><a name="[137]"></a>__aeabi_memcpy8</STRONG> (Thumb, 0 bytes, Stack size 0 bytes, memcpya.o(.text), UNUSED)

<P><STRONG><a name="[36]"></a>__aeabi_memset</STRONG> (Thumb, 14 bytes, Stack size 0 bytes, memseta.o(.text))
<BR><BR>[Called By]<UL><LI><a href="#[37]">&gt;&gt;</a>&nbsp;&nbsp;&nbsp;_memset$wrapper
<LI><a href="#[35]">&gt;&gt;</a>&nbsp;&nbsp;&nbsp;__aeabi_memclr
</UL>

<P><STRONG><a name="[138]"></a>__aeabi_memset4</STRONG> (Thumb, 0 bytes, Stack size 0 bytes, memseta.o(.text), UNUSED)

<P><STRONG><a name="[139]"></a>__aeabi_memset8</STRONG> (Thumb, 0 bytes, Stack size 0 bytes, memseta.o(.text), UNUSED)

<P><STRONG><a name="[35]"></a>__aeabi_memclr</STRONG> (Thumb, 4 bytes, Stack size 0 bytes, memseta.o(.text))
<BR><BR>[Calls]<UL><LI><a href="#[36]">&gt;&gt;</a>&nbsp;&nbsp;&nbsp;__aeabi_memset
</UL>
<BR>[Called By]<UL><LI><a href="#[97]">&gt;&gt;</a>&nbsp;&nbsp;&nbsp;SendHMIDataFromMasterToPC
<LI><a href="#[8e]">&gt;&gt;</a>&nbsp;&nbsp;&nbsp;SendBackDevicesStatus
<LI><a href="#[91]">&gt;&gt;</a>&nbsp;&nbsp;&nbsp;SendBack
</UL>

<P><STRONG><a name="[8b]"></a>__aeabi_memclr4</STRONG> (Thumb, 0 bytes, Stack size 0 bytes, memseta.o(.text))
<BR><BR>[Called By]<UL><LI><a href="#[af]">&gt;&gt;</a>&nbsp;&nbsp;&nbsp;Rf_Send_Request_AESSHA
<LI><a href="#[b1]">&gt;&gt;</a>&nbsp;&nbsp;&nbsp;Rf_Send_Request_SHA
<LI><a href="#[a9]">&gt;&gt;</a>&nbsp;&nbsp;&nbsp;Rf_Send_Request_AESCRC
<LI><a href="#[e9]">&gt;&gt;</a>&nbsp;&nbsp;&nbsp;SX1276FskProcess
<LI><a href="#[106]">&gt;&gt;</a>&nbsp;&nbsp;&nbsp;SX1276LoRaProcess
<LI><a href="#[7d]">&gt;&gt;</a>&nbsp;&nbsp;&nbsp;ProcessCommand
<LI><a href="#[93]">&gt;&gt;</a>&nbsp;&nbsp;&nbsp;SendBackClientSettingInfo
<LI><a href="#[8c]">&gt;&gt;</a>&nbsp;&nbsp;&nbsp;SendBackDeviceSettingInfo
</UL>

<P><STRONG><a name="[13a]"></a>__aeabi_memclr8</STRONG> (Thumb, 0 bytes, Stack size 0 bytes, memseta.o(.text), UNUSED)

<P><STRONG><a name="[37]"></a>_memset$wrapper</STRONG> (Thumb, 18 bytes, Stack size 8 bytes, memseta.o(.text), UNUSED)
<BR><BR>[Calls]<UL><LI><a href="#[36]">&gt;&gt;</a>&nbsp;&nbsp;&nbsp;__aeabi_memset
</UL>

<P><STRONG><a name="[71]"></a>memcmp</STRONG> (Thumb, 26 bytes, Stack size 12 bytes, memcmp.o(.text))
<BR><BR>[Stack]<UL><LI>Max Depth = 12<LI>Call Chain = memcmp
</UL>
<BR>[Called By]<UL><LI><a href="#[70]">&gt;&gt;</a>&nbsp;&nbsp;&nbsp;Decode_Packet_Receive_AESSHA
<LI><a href="#[73]">&gt;&gt;</a>&nbsp;&nbsp;&nbsp;Decode_Packet_Receive_SHA
</UL>

<P><STRONG><a name="[38]"></a>__aeabi_dadd</STRONG> (Thumb, 328 bytes, Stack size 48 bytes, dadd.o(.text))
<BR><BR>[Stack]<UL><LI>Max Depth = 104<LI>Call Chain = __aeabi_dadd &rArr; _double_epilogue &rArr; __aeabi_llsr
</UL>
<BR>[Calls]<UL><LI><a href="#[3a]">&gt;&gt;</a>&nbsp;&nbsp;&nbsp;__aeabi_lasr
<LI><a href="#[39]">&gt;&gt;</a>&nbsp;&nbsp;&nbsp;__aeabi_llsl
<LI><a href="#[3c]">&gt;&gt;</a>&nbsp;&nbsp;&nbsp;_double_round
<LI><a href="#[3b]">&gt;&gt;</a>&nbsp;&nbsp;&nbsp;_double_epilogue
</UL>
<BR>[Called By]<UL><LI><a href="#[a7]">&gt;&gt;</a>&nbsp;&nbsp;&nbsp;SX1276FskGetTimeOnAir
<LI><a href="#[3d]">&gt;&gt;</a>&nbsp;&nbsp;&nbsp;__aeabi_dsub
<LI><a href="#[e9]">&gt;&gt;</a>&nbsp;&nbsp;&nbsp;SX1276FskProcess
<LI><a href="#[106]">&gt;&gt;</a>&nbsp;&nbsp;&nbsp;SX1276LoRaProcess
<LI><a href="#[108]">&gt;&gt;</a>&nbsp;&nbsp;&nbsp;SX1276LoRaReadRssi
<LI><a href="#[db]">&gt;&gt;</a>&nbsp;&nbsp;&nbsp;round
<LI><a href="#[3e]">&gt;&gt;</a>&nbsp;&nbsp;&nbsp;__aeabi_drsub
<LI><a href="#[129]">&gt;&gt;</a>&nbsp;&nbsp;&nbsp;_fp_digits
</UL>

<P><STRONG><a name="[3d]"></a>__aeabi_dsub</STRONG> (Thumb, 12 bytes, Stack size 8 bytes, dadd.o(.text))
<BR><BR>[Stack]<UL><LI>Max Depth = 112<LI>Call Chain = __aeabi_dsub &rArr; __aeabi_dadd &rArr; _double_epilogue &rArr; __aeabi_llsr
</UL>
<BR>[Calls]<UL><LI><a href="#[38]">&gt;&gt;</a>&nbsp;&nbsp;&nbsp;__aeabi_dadd
</UL>
<BR>[Called By]<UL><LI><a href="#[e0]">&gt;&gt;</a>&nbsp;&nbsp;&nbsp;SX1276FskSetDccBw
<LI><a href="#[db]">&gt;&gt;</a>&nbsp;&nbsp;&nbsp;round
</UL>

<P><STRONG><a name="[3e]"></a>__aeabi_drsub</STRONG> (Thumb, 12 bytes, Stack size 8 bytes, dadd.o(.text), UNUSED)
<BR><BR>[Calls]<UL><LI><a href="#[38]">&gt;&gt;</a>&nbsp;&nbsp;&nbsp;__aeabi_dadd
</UL>

<P><STRONG><a name="[3f]"></a>__aeabi_dmul</STRONG> (Thumb, 202 bytes, Stack size 72 bytes, dmul.o(.text))
<BR><BR>[Stack]<UL><LI>Max Depth = 128<LI>Call Chain = __aeabi_dmul &rArr; _double_epilogue &rArr; __aeabi_llsr
</UL>
<BR>[Calls]<UL><LI><a href="#[3b]">&gt;&gt;</a>&nbsp;&nbsp;&nbsp;_double_epilogue
</UL>
<BR>[Called By]<UL><LI><a href="#[a7]">&gt;&gt;</a>&nbsp;&nbsp;&nbsp;SX1276FskGetTimeOnAir
<LI><a href="#[ed]">&gt;&gt;</a>&nbsp;&nbsp;&nbsp;SX1276FskReadAfc
<LI><a href="#[e0]">&gt;&gt;</a>&nbsp;&nbsp;&nbsp;SX1276FskSetDccBw
<LI><a href="#[e9]">&gt;&gt;</a>&nbsp;&nbsp;&nbsp;SX1276FskProcess
<LI><a href="#[106]">&gt;&gt;</a>&nbsp;&nbsp;&nbsp;SX1276LoRaProcess
<LI><a href="#[ec]">&gt;&gt;</a>&nbsp;&nbsp;&nbsp;SX1276FskReadRssi
<LI><a href="#[d7]">&gt;&gt;</a>&nbsp;&nbsp;&nbsp;SX1276FskGetRFFrequency
<LI><a href="#[cb]">&gt;&gt;</a>&nbsp;&nbsp;&nbsp;SX1276LoRaGetRFFrequency
<LI><a href="#[129]">&gt;&gt;</a>&nbsp;&nbsp;&nbsp;_fp_digits
</UL>

<P><STRONG><a name="[40]"></a>__aeabi_ddiv</STRONG> (Thumb, 234 bytes, Stack size 40 bytes, ddiv.o(.text))
<BR><BR>[Stack]<UL><LI>Max Depth = 48<LI>Call Chain = __aeabi_ddiv &rArr; _double_round
</UL>
<BR>[Calls]<UL><LI><a href="#[3c]">&gt;&gt;</a>&nbsp;&nbsp;&nbsp;_double_round
</UL>
<BR>[Called By]<UL><LI><a href="#[98]">&gt;&gt;</a>&nbsp;&nbsp;&nbsp;SX1276LoRaSetRFFrequency
<LI><a href="#[a7]">&gt;&gt;</a>&nbsp;&nbsp;&nbsp;SX1276FskGetTimeOnAir
<LI><a href="#[9e]">&gt;&gt;</a>&nbsp;&nbsp;&nbsp;SX1276FskSetBitrate
<LI><a href="#[9d]">&gt;&gt;</a>&nbsp;&nbsp;&nbsp;SX1276FskSetRFFrequency
<LI><a href="#[e0]">&gt;&gt;</a>&nbsp;&nbsp;&nbsp;SX1276FskSetDccBw
<LI><a href="#[df]">&gt;&gt;</a>&nbsp;&nbsp;&nbsp;SX1276FskSetFdev
<LI><a href="#[e9]">&gt;&gt;</a>&nbsp;&nbsp;&nbsp;SX1276FskProcess
<LI><a href="#[d2]">&gt;&gt;</a>&nbsp;&nbsp;&nbsp;SX1276FskGetBitrate
<LI><a href="#[129]">&gt;&gt;</a>&nbsp;&nbsp;&nbsp;_fp_digits
</UL>

<P><STRONG><a name="[f2]"></a>__aeabi_dcmplt</STRONG> (Thumb, 44 bytes, Stack size 8 bytes, dcmplt.o(.text))
<BR><BR>[Stack]<UL><LI>Max Depth = 8<LI>Call Chain = __aeabi_dcmplt
</UL>
<BR>[Called By]<UL><LI><a href="#[e0]">&gt;&gt;</a>&nbsp;&nbsp;&nbsp;SX1276FskSetDccBw
</UL>

<P><STRONG><a name="[41]"></a>__aeabi_i2d</STRONG> (Thumb, 34 bytes, Stack size 16 bytes, dflti.o(.text))
<BR><BR>[Stack]<UL><LI>Max Depth = 72<LI>Call Chain = __aeabi_i2d &rArr; _double_epilogue &rArr; __aeabi_llsr
</UL>
<BR>[Calls]<UL><LI><a href="#[3b]">&gt;&gt;</a>&nbsp;&nbsp;&nbsp;_double_epilogue
</UL>
<BR>[Called By]<UL><LI><a href="#[98]">&gt;&gt;</a>&nbsp;&nbsp;&nbsp;SX1276LoRaSetRFFrequency
<LI><a href="#[ed]">&gt;&gt;</a>&nbsp;&nbsp;&nbsp;SX1276FskReadAfc
<LI><a href="#[106]">&gt;&gt;</a>&nbsp;&nbsp;&nbsp;SX1276LoRaProcess
<LI><a href="#[cb]">&gt;&gt;</a>&nbsp;&nbsp;&nbsp;SX1276LoRaGetRFFrequency
</UL>

<P><STRONG><a name="[42]"></a>__aeabi_ui2d</STRONG> (Thumb, 24 bytes, Stack size 16 bytes, dfltui.o(.text))
<BR><BR>[Stack]<UL><LI>Max Depth = 72<LI>Call Chain = __aeabi_ui2d &rArr; _double_epilogue &rArr; __aeabi_llsr
</UL>
<BR>[Calls]<UL><LI><a href="#[3b]">&gt;&gt;</a>&nbsp;&nbsp;&nbsp;_double_epilogue
</UL>
<BR>[Called By]<UL><LI><a href="#[a7]">&gt;&gt;</a>&nbsp;&nbsp;&nbsp;SX1276FskGetTimeOnAir
<LI><a href="#[9e]">&gt;&gt;</a>&nbsp;&nbsp;&nbsp;SX1276FskSetBitrate
<LI><a href="#[9d]">&gt;&gt;</a>&nbsp;&nbsp;&nbsp;SX1276FskSetRFFrequency
<LI><a href="#[e0]">&gt;&gt;</a>&nbsp;&nbsp;&nbsp;SX1276FskSetDccBw
<LI><a href="#[df]">&gt;&gt;</a>&nbsp;&nbsp;&nbsp;SX1276FskSetFdev
<LI><a href="#[e9]">&gt;&gt;</a>&nbsp;&nbsp;&nbsp;SX1276FskProcess
<LI><a href="#[106]">&gt;&gt;</a>&nbsp;&nbsp;&nbsp;SX1276LoRaProcess
<LI><a href="#[ec]">&gt;&gt;</a>&nbsp;&nbsp;&nbsp;SX1276FskReadRssi
<LI><a href="#[108]">&gt;&gt;</a>&nbsp;&nbsp;&nbsp;SX1276LoRaReadRssi
<LI><a href="#[d2]">&gt;&gt;</a>&nbsp;&nbsp;&nbsp;SX1276FskGetBitrate
<LI><a href="#[d7]">&gt;&gt;</a>&nbsp;&nbsp;&nbsp;SX1276FskGetRFFrequency
</UL>

<P><STRONG><a name="[43]"></a>__aeabi_d2iz</STRONG> (Thumb, 62 bytes, Stack size 16 bytes, dfixi.o(.text))
<BR><BR>[Stack]<UL><LI>Max Depth = 24<LI>Call Chain = __aeabi_d2iz &rArr; __aeabi_llsr
</UL>
<BR>[Calls]<UL><LI><a href="#[44]">&gt;&gt;</a>&nbsp;&nbsp;&nbsp;__aeabi_llsr
</UL>
<BR>[Called By]<UL><LI><a href="#[a7]">&gt;&gt;</a>&nbsp;&nbsp;&nbsp;SX1276FskGetTimeOnAir
<LI><a href="#[9e]">&gt;&gt;</a>&nbsp;&nbsp;&nbsp;SX1276FskSetBitrate
<LI><a href="#[ed]">&gt;&gt;</a>&nbsp;&nbsp;&nbsp;SX1276FskReadAfc
<LI><a href="#[df]">&gt;&gt;</a>&nbsp;&nbsp;&nbsp;SX1276FskSetFdev
<LI><a href="#[e9]">&gt;&gt;</a>&nbsp;&nbsp;&nbsp;SX1276FskProcess
<LI><a href="#[d2]">&gt;&gt;</a>&nbsp;&nbsp;&nbsp;SX1276FskGetBitrate
</UL>

<P><STRONG><a name="[45]"></a>__aeabi_d2uiz</STRONG> (Thumb, 50 bytes, Stack size 8 bytes, dfixui.o(.text))
<BR><BR>[Stack]<UL><LI>Max Depth = 16<LI>Call Chain = __aeabi_d2uiz &rArr; __aeabi_llsr
</UL>
<BR>[Calls]<UL><LI><a href="#[44]">&gt;&gt;</a>&nbsp;&nbsp;&nbsp;__aeabi_llsr
</UL>
<BR>[Called By]<UL><LI><a href="#[98]">&gt;&gt;</a>&nbsp;&nbsp;&nbsp;SX1276LoRaSetRFFrequency
<LI><a href="#[9d]">&gt;&gt;</a>&nbsp;&nbsp;&nbsp;SX1276FskSetRFFrequency
<LI><a href="#[d7]">&gt;&gt;</a>&nbsp;&nbsp;&nbsp;SX1276FskGetRFFrequency
<LI><a href="#[cb]">&gt;&gt;</a>&nbsp;&nbsp;&nbsp;SX1276LoRaGetRFFrequency
</UL>

<P><STRONG><a name="[57]"></a>__aeabi_uidiv</STRONG> (Thumb, 0 bytes, Stack size 16 bytes, uidiv_div0.o(.text))
<BR><BR>[Stack]<UL><LI>Max Depth = 16<LI>Call Chain = __aeabi_uidiv
</UL>
<BR>[Called By]<UL><LI><a href="#[ca]">&gt;&gt;</a>&nbsp;&nbsp;&nbsp;SPI_Open
<LI><a href="#[5a]">&gt;&gt;</a>&nbsp;&nbsp;&nbsp;CLK_GetPLLClockFreq
<LI><a href="#[55]">&gt;&gt;</a>&nbsp;&nbsp;&nbsp;CLK_EnablePLL
<LI><a href="#[59]">&gt;&gt;</a>&nbsp;&nbsp;&nbsp;SystemCoreClockUpdate
<LI><a href="#[a8]">&gt;&gt;</a>&nbsp;&nbsp;&nbsp;SX1276GetTimeOnAir
<LI><a href="#[bc]">&gt;&gt;</a>&nbsp;&nbsp;&nbsp;TIMER_Open
<LI><a href="#[c0]">&gt;&gt;</a>&nbsp;&nbsp;&nbsp;SB_Uart_Driver_Init
</UL>

<P><STRONG><a name="[47]"></a>__aeabi_uidivmod</STRONG> (Thumb, 62 bytes, Stack size 16 bytes, uidiv_div0.o(.text))
<BR><BR>[Stack]<UL><LI>Max Depth = 16<LI>Call Chain = __aeabi_uidivmod
</UL>
<BR>[Called By]<UL><LI><a href="#[119]">&gt;&gt;</a>&nbsp;&nbsp;&nbsp;USBD_GetDescriptor
<LI><a href="#[46]">&gt;&gt;</a>&nbsp;&nbsp;&nbsp;__aeabi_idivmod
<LI><a href="#[124]">&gt;&gt;</a>&nbsp;&nbsp;&nbsp;_printf_core
</UL>

<P><STRONG><a name="[f6]"></a>__aeabi_idiv</STRONG> (Thumb, 0 bytes, Stack size 16 bytes, idiv_div0.o(.text))
<BR><BR>[Stack]<UL><LI>Max Depth = 16<LI>Call Chain = __aeabi_idiv
</UL>
<BR>[Called By]<UL><LI><a href="#[a8]">&gt;&gt;</a>&nbsp;&nbsp;&nbsp;SX1276GetTimeOnAir
</UL>

<P><STRONG><a name="[46]"></a>__aeabi_idivmod</STRONG> (Thumb, 74 bytes, Stack size 16 bytes, idiv_div0.o(.text), UNUSED)
<BR><BR>[Calls]<UL><LI><a href="#[47]">&gt;&gt;</a>&nbsp;&nbsp;&nbsp;__aeabi_uidivmod
</UL>

<P><STRONG><a name="[48]"></a>__aeabi_uldivmod</STRONG> (Thumb, 96 bytes, Stack size 48 bytes, uldiv.o(.text), UNUSED)
<BR><BR>[Calls]<UL><LI><a href="#[44]">&gt;&gt;</a>&nbsp;&nbsp;&nbsp;__aeabi_llsr
<LI><a href="#[39]">&gt;&gt;</a>&nbsp;&nbsp;&nbsp;__aeabi_llsl
</UL>
<BR>[Called By]<UL><LI><a href="#[124]">&gt;&gt;</a>&nbsp;&nbsp;&nbsp;_printf_core
<LI><a href="#[129]">&gt;&gt;</a>&nbsp;&nbsp;&nbsp;_fp_digits
</UL>

<P><STRONG><a name="[39]"></a>__aeabi_llsl</STRONG> (Thumb, 32 bytes, Stack size 8 bytes, llshl.o(.text))
<BR><BR>[Stack]<UL><LI>Max Depth = 8<LI>Call Chain = __aeabi_llsl
</UL>
<BR>[Called By]<UL><LI><a href="#[38]">&gt;&gt;</a>&nbsp;&nbsp;&nbsp;__aeabi_dadd
<LI><a href="#[4a]">&gt;&gt;</a>&nbsp;&nbsp;&nbsp;_drnd
<LI><a href="#[48]">&gt;&gt;</a>&nbsp;&nbsp;&nbsp;__aeabi_uldivmod
<LI><a href="#[3b]">&gt;&gt;</a>&nbsp;&nbsp;&nbsp;_double_epilogue
<LI><a href="#[4b]">&gt;&gt;</a>&nbsp;&nbsp;&nbsp;__aeabi_d2ulz
</UL>

<P><STRONG><a name="[13b]"></a>_ll_shift_l</STRONG> (Thumb, 0 bytes, Stack size 8 bytes, llshl.o(.text), UNUSED)

<P><STRONG><a name="[44]"></a>__aeabi_llsr</STRONG> (Thumb, 34 bytes, Stack size 8 bytes, llushr.o(.text))
<BR><BR>[Stack]<UL><LI>Max Depth = 8<LI>Call Chain = __aeabi_llsr
</UL>
<BR>[Called By]<UL><LI><a href="#[45]">&gt;&gt;</a>&nbsp;&nbsp;&nbsp;__aeabi_d2uiz
<LI><a href="#[43]">&gt;&gt;</a>&nbsp;&nbsp;&nbsp;__aeabi_d2iz
<LI><a href="#[4a]">&gt;&gt;</a>&nbsp;&nbsp;&nbsp;_drnd
<LI><a href="#[48]">&gt;&gt;</a>&nbsp;&nbsp;&nbsp;__aeabi_uldivmod
<LI><a href="#[3b]">&gt;&gt;</a>&nbsp;&nbsp;&nbsp;_double_epilogue
<LI><a href="#[4b]">&gt;&gt;</a>&nbsp;&nbsp;&nbsp;__aeabi_d2ulz
</UL>

<P><STRONG><a name="[13c]"></a>_ll_ushift_r</STRONG> (Thumb, 0 bytes, Stack size 8 bytes, llushr.o(.text), UNUSED)

<P><STRONG><a name="[3a]"></a>__aeabi_lasr</STRONG> (Thumb, 38 bytes, Stack size 8 bytes, llsshr.o(.text))
<BR><BR>[Stack]<UL><LI>Max Depth = 8<LI>Call Chain = __aeabi_lasr
</UL>
<BR>[Called By]<UL><LI><a href="#[38]">&gt;&gt;</a>&nbsp;&nbsp;&nbsp;__aeabi_dadd
</UL>

<P><STRONG><a name="[13d]"></a>_ll_sshift_r</STRONG> (Thumb, 0 bytes, Stack size 8 bytes, llsshr.o(.text), UNUSED)

<P><STRONG><a name="[13e]"></a>__I$use$fp</STRONG> (Thumb, 0 bytes, Stack size 8 bytes, iusefp.o(.text), UNUSED)

<P><STRONG><a name="[3c]"></a>_double_round</STRONG> (Thumb, 26 bytes, Stack size 8 bytes, depilogue.o(.text))
<BR><BR>[Stack]<UL><LI>Max Depth = 8<LI>Call Chain = _double_round
</UL>
<BR>[Called By]<UL><LI><a href="#[38]">&gt;&gt;</a>&nbsp;&nbsp;&nbsp;__aeabi_dadd
<LI><a href="#[40]">&gt;&gt;</a>&nbsp;&nbsp;&nbsp;__aeabi_ddiv
<LI><a href="#[4a]">&gt;&gt;</a>&nbsp;&nbsp;&nbsp;_drnd
<LI><a href="#[3b]">&gt;&gt;</a>&nbsp;&nbsp;&nbsp;_double_epilogue
</UL>

<P><STRONG><a name="[3b]"></a>_double_epilogue</STRONG> (Thumb, 164 bytes, Stack size 48 bytes, depilogue.o(.text))
<BR><BR>[Stack]<UL><LI>Max Depth = 56<LI>Call Chain = _double_epilogue &rArr; __aeabi_llsr
</UL>
<BR>[Calls]<UL><LI><a href="#[49]">&gt;&gt;</a>&nbsp;&nbsp;&nbsp;__ARM_clz
<LI><a href="#[44]">&gt;&gt;</a>&nbsp;&nbsp;&nbsp;__aeabi_llsr
<LI><a href="#[39]">&gt;&gt;</a>&nbsp;&nbsp;&nbsp;__aeabi_llsl
<LI><a href="#[3c]">&gt;&gt;</a>&nbsp;&nbsp;&nbsp;_double_round
</UL>
<BR>[Called By]<UL><LI><a href="#[38]">&gt;&gt;</a>&nbsp;&nbsp;&nbsp;__aeabi_dadd
<LI><a href="#[42]">&gt;&gt;</a>&nbsp;&nbsp;&nbsp;__aeabi_ui2d
<LI><a href="#[3f]">&gt;&gt;</a>&nbsp;&nbsp;&nbsp;__aeabi_dmul
<LI><a href="#[41]">&gt;&gt;</a>&nbsp;&nbsp;&nbsp;__aeabi_i2d
</UL>

<P><STRONG><a name="[127]"></a>__ARM_scalbn</STRONG> (Thumb, 44 bytes, Stack size 16 bytes, dscalb.o(.text))
<BR><BR>[Stack]<UL><LI>Max Depth = 16<LI>Call Chain = __ARM_scalbn
</UL>
<BR>[Called By]<UL><LI><a href="#[f1]">&gt;&gt;</a>&nbsp;&nbsp;&nbsp;ldexp
<LI><a href="#[128]">&gt;&gt;</a>&nbsp;&nbsp;&nbsp;__mathlib_dbl_underflow
<LI><a href="#[126]">&gt;&gt;</a>&nbsp;&nbsp;&nbsp;__mathlib_dbl_overflow
</UL>

<P><STRONG><a name="[13f]"></a>scalbn</STRONG> (Thumb, 0 bytes, Stack size 16 bytes, dscalb.o(.text), UNUSED)

<P><STRONG><a name="[4a]"></a>_drnd</STRONG> (Thumb, 114 bytes, Stack size 24 bytes, drnd.o(.text))
<BR><BR>[Stack]<UL><LI>Max Depth = 32<LI>Call Chain = _drnd &rArr; __aeabi_llsr
</UL>
<BR>[Calls]<UL><LI><a href="#[44]">&gt;&gt;</a>&nbsp;&nbsp;&nbsp;__aeabi_llsr
<LI><a href="#[39]">&gt;&gt;</a>&nbsp;&nbsp;&nbsp;__aeabi_llsl
<LI><a href="#[3c]">&gt;&gt;</a>&nbsp;&nbsp;&nbsp;_double_round
</UL>
<BR>[Called By]<UL><LI><a href="#[db]">&gt;&gt;</a>&nbsp;&nbsp;&nbsp;round
</UL>

<P><STRONG><a name="[4b]"></a>__aeabi_d2ulz</STRONG> (Thumb, 54 bytes, Stack size 8 bytes, dfixul.o(.text), UNUSED)
<BR><BR>[Calls]<UL><LI><a href="#[44]">&gt;&gt;</a>&nbsp;&nbsp;&nbsp;__aeabi_llsr
<LI><a href="#[39]">&gt;&gt;</a>&nbsp;&nbsp;&nbsp;__aeabi_llsl
</UL>
<BR>[Called By]<UL><LI><a href="#[129]">&gt;&gt;</a>&nbsp;&nbsp;&nbsp;_fp_digits
</UL>

<P><STRONG><a name="[12d]"></a>__aeabi_cdcmpeq</STRONG> (Thumb, 0 bytes, Stack size 0 bytes, cdcmple.o(.text))
<BR><BR>[Called By]<UL><LI><a href="#[f1]">&gt;&gt;</a>&nbsp;&nbsp;&nbsp;ldexp
</UL>

<P><STRONG><a name="[12f]"></a>__aeabi_cdcmple</STRONG> (Thumb, 38 bytes, Stack size 0 bytes, cdcmple.o(.text))
<BR><BR>[Called By]<UL><LI><a href="#[db]">&gt;&gt;</a>&nbsp;&nbsp;&nbsp;round
</UL>

<P><STRONG><a name="[12a]"></a>__aeabi_cdrcmple</STRONG> (Thumb, 38 bytes, Stack size 0 bytes, cdrcmple.o(.text))
<BR><BR>[Called By]<UL><LI><a href="#[db]">&gt;&gt;</a>&nbsp;&nbsp;&nbsp;round
<LI><a href="#[129]">&gt;&gt;</a>&nbsp;&nbsp;&nbsp;_fp_digits
</UL>

<P><STRONG><a name="[34]"></a>__scatterload</STRONG> (Thumb, 38 bytes, Stack size 0 bytes, init.o(.text))
<BR><BR>[Calls]<UL><LI><a href="#[4c]">&gt;&gt;</a>&nbsp;&nbsp;&nbsp;__main_after_scatterload
</UL>
<BR>[Called By]<UL><LI><a href="#[33]">&gt;&gt;</a>&nbsp;&nbsp;&nbsp;_main_scatterload
</UL>

<P><STRONG><a name="[140]"></a>__scatterload_rt2</STRONG> (Thumb, 0 bytes, Stack size 0 bytes, init.o(.text), UNUSED)

<P><STRONG><a name="[4d]"></a>AES_CBC_decrypt_buffer</STRONG> (Thumb, 74 bytes, Stack size 56 bytes, aes.o(.text.AES_CBC_decrypt_buffer))
<BR><BR>[Stack]<UL><LI>Max Depth = 168<LI>Call Chain = AES_CBC_decrypt_buffer &rArr; InvCipher &rArr; AddRoundKey
</UL>
<BR>[Calls]<UL><LI><a href="#[50]">&gt;&gt;</a>&nbsp;&nbsp;&nbsp;XorWithIv
<LI><a href="#[4f]">&gt;&gt;</a>&nbsp;&nbsp;&nbsp;InvCipher
<LI><a href="#[4e]">&gt;&gt;</a>&nbsp;&nbsp;&nbsp;__aeabi_memcpy
</UL>
<BR>[Called By]<UL><LI><a href="#[6e]">&gt;&gt;</a>&nbsp;&nbsp;&nbsp;Decode_Packet_Receive_AESCRC
<LI><a href="#[70]">&gt;&gt;</a>&nbsp;&nbsp;&nbsp;Decode_Packet_Receive_AESSHA
</UL>

<P><STRONG><a name="[51]"></a>AES_CBC_encrypt_buffer</STRONG> (Thumb, 54 bytes, Stack size 32 bytes, aes.o(.text.AES_CBC_encrypt_buffer))
<BR><BR>[Stack]<UL><LI>Max Depth = 112<LI>Call Chain = AES_CBC_encrypt_buffer &rArr; Cipher &rArr; AddRoundKey
</UL>
<BR>[Calls]<UL><LI><a href="#[50]">&gt;&gt;</a>&nbsp;&nbsp;&nbsp;XorWithIv
<LI><a href="#[52]">&gt;&gt;</a>&nbsp;&nbsp;&nbsp;Cipher
<LI><a href="#[4e]">&gt;&gt;</a>&nbsp;&nbsp;&nbsp;__aeabi_memcpy
</UL>
<BR>[Called By]<UL><LI><a href="#[63]">&gt;&gt;</a>&nbsp;&nbsp;&nbsp;Creat_Packet_Request_AESSHA
<LI><a href="#[5e]">&gt;&gt;</a>&nbsp;&nbsp;&nbsp;Creat_Packet_Request_AESCRC
<LI><a href="#[6e]">&gt;&gt;</a>&nbsp;&nbsp;&nbsp;Decode_Packet_Receive_AESCRC
<LI><a href="#[70]">&gt;&gt;</a>&nbsp;&nbsp;&nbsp;Decode_Packet_Receive_AESSHA
</UL>

<P><STRONG><a name="[53]"></a>AES_init_ctx_iv</STRONG> (Thumb, 24 bytes, Stack size 16 bytes, aes.o(.text.AES_init_ctx_iv))
<BR><BR>[Stack]<UL><LI>Max Depth = 44<LI>Call Chain = AES_init_ctx_iv &rArr; KeyExpansion
</UL>
<BR>[Calls]<UL><LI><a href="#[54]">&gt;&gt;</a>&nbsp;&nbsp;&nbsp;KeyExpansion
<LI><a href="#[4e]">&gt;&gt;</a>&nbsp;&nbsp;&nbsp;__aeabi_memcpy
</UL>
<BR>[Called By]<UL><LI><a href="#[63]">&gt;&gt;</a>&nbsp;&nbsp;&nbsp;Creat_Packet_Request_AESSHA
<LI><a href="#[5e]">&gt;&gt;</a>&nbsp;&nbsp;&nbsp;Creat_Packet_Request_AESCRC
<LI><a href="#[6e]">&gt;&gt;</a>&nbsp;&nbsp;&nbsp;Decode_Packet_Receive_AESCRC
<LI><a href="#[70]">&gt;&gt;</a>&nbsp;&nbsp;&nbsp;Decode_Packet_Receive_AESSHA
</UL>

<P><STRONG><a name="[121]"></a>All_Led_ON</STRONG> (Thumb, 44 bytes, Stack size 0 bytes, gpio_driver.o(.text.All_Led_ON))
<BR><BR>[Called By]<UL><LI><a href="#[26]">&gt;&gt;</a>&nbsp;&nbsp;&nbsp;main
</UL>

<P><STRONG><a name="[122]"></a>All_Led_Off</STRONG> (Thumb, 44 bytes, Stack size 0 bytes, gpio_driver.o(.text.All_Led_Off))
<BR><BR>[Called By]<UL><LI><a href="#[26]">&gt;&gt;</a>&nbsp;&nbsp;&nbsp;main
</UL>

<P><STRONG><a name="[b7]"></a>CLK_DisablePLL</STRONG> (Thumb, 16 bytes, Stack size 0 bytes, clk.o(.text.CLK_DisablePLL))
<BR><BR>[Called By]<UL><LI><a href="#[b5]">&gt;&gt;</a>&nbsp;&nbsp;&nbsp;SB_SYS_Init
</UL>

<P><STRONG><a name="[b8]"></a>CLK_EnableCKO</STRONG> (Thumb, 28 bytes, Stack size 0 bytes, clk.o(.text.CLK_EnableCKO))
<BR><BR>[Called By]<UL><LI><a href="#[b5]">&gt;&gt;</a>&nbsp;&nbsp;&nbsp;SB_SYS_Init
</UL>

<P><STRONG><a name="[b4]"></a>CLK_EnableModuleClock</STRONG> (Thumb, 28 bytes, Stack size 0 bytes, clk.o(.text.CLK_EnableModuleClock))
<BR><BR>[Called By]<UL><LI><a href="#[be]">&gt;&gt;</a>&nbsp;&nbsp;&nbsp;SB_Timer3_Init
<LI><a href="#[bd]">&gt;&gt;</a>&nbsp;&nbsp;&nbsp;SB_Timer1_Init
<LI><a href="#[ba]">&gt;&gt;</a>&nbsp;&nbsp;&nbsp;SB_Timer0_Init
<LI><a href="#[c1]">&gt;&gt;</a>&nbsp;&nbsp;&nbsp;SB_Usb_Driver_Init
<LI><a href="#[c5]">&gt;&gt;</a>&nbsp;&nbsp;&nbsp;SB_WDT_Driver_Init
<LI><a href="#[b2]">&gt;&gt;</a>&nbsp;&nbsp;&nbsp;SB_SPI_Driver_Init
<LI><a href="#[c0]">&gt;&gt;</a>&nbsp;&nbsp;&nbsp;SB_Uart_Driver_Init
<LI><a href="#[b5]">&gt;&gt;</a>&nbsp;&nbsp;&nbsp;SB_SYS_Init
</UL>

<P><STRONG><a name="[55]"></a>CLK_EnablePLL</STRONG> (Thumb, 372 bytes, Stack size 48 bytes, clk.o(.text.CLK_EnablePLL))
<BR><BR>[Stack]<UL><LI>Max Depth = 64<LI>Call Chain = CLK_EnablePLL &rArr; __aeabi_uidiv
</UL>
<BR>[Calls]<UL><LI><a href="#[56]">&gt;&gt;</a>&nbsp;&nbsp;&nbsp;CLK_WaitClockReady
<LI><a href="#[57]">&gt;&gt;</a>&nbsp;&nbsp;&nbsp;__aeabi_uidiv
</UL>
<BR>[Called By]<UL><LI><a href="#[5b]">&gt;&gt;</a>&nbsp;&nbsp;&nbsp;CLK_SetCoreClock
</UL>

<P><STRONG><a name="[b9]"></a>CLK_EnableSysTick</STRONG> (Thumb, 48 bytes, Stack size 16 bytes, clk.o(.text.CLK_EnableSysTick))
<BR><BR>[Stack]<UL><LI>Max Depth = 16<LI>Call Chain = CLK_EnableSysTick
</UL>
<BR>[Called By]<UL><LI><a href="#[b5]">&gt;&gt;</a>&nbsp;&nbsp;&nbsp;SB_SYS_Init
</UL>

<P><STRONG><a name="[b6]"></a>CLK_EnableXtalRC</STRONG> (Thumb, 12 bytes, Stack size 0 bytes, clk.o(.text.CLK_EnableXtalRC))
<BR><BR>[Called By]<UL><LI><a href="#[b5]">&gt;&gt;</a>&nbsp;&nbsp;&nbsp;SB_SYS_Init
</UL>

<P><STRONG><a name="[58]"></a>CLK_GetHCLKFreq</STRONG> (Thumb, 12 bytes, Stack size 8 bytes, clk.o(.text.CLK_GetHCLKFreq))
<BR><BR>[Stack]<UL><LI>Max Depth = 40<LI>Call Chain = CLK_GetHCLKFreq &rArr; SystemCoreClockUpdate &rArr; __aeabi_uidiv
</UL>
<BR>[Calls]<UL><LI><a href="#[59]">&gt;&gt;</a>&nbsp;&nbsp;&nbsp;SystemCoreClockUpdate
</UL>
<BR>[Called By]<UL><LI><a href="#[ca]">&gt;&gt;</a>&nbsp;&nbsp;&nbsp;SPI_Open
</UL>

<P><STRONG><a name="[5b]"></a>CLK_SetCoreClock</STRONG> (Thumb, 104 bytes, Stack size 24 bytes, clk.o(.text.CLK_SetCoreClock))
<BR><BR>[Stack]<UL><LI>Max Depth = 88<LI>Call Chain = CLK_SetCoreClock &rArr; CLK_EnablePLL &rArr; __aeabi_uidiv
</UL>
<BR>[Calls]<UL><LI><a href="#[55]">&gt;&gt;</a>&nbsp;&nbsp;&nbsp;CLK_EnablePLL
<LI><a href="#[5c]">&gt;&gt;</a>&nbsp;&nbsp;&nbsp;CLK_SetHCLK
</UL>
<BR>[Called By]<UL><LI><a href="#[b5]">&gt;&gt;</a>&nbsp;&nbsp;&nbsp;SB_SYS_Init
</UL>

<P><STRONG><a name="[5c]"></a>CLK_SetHCLK</STRONG> (Thumb, 64 bytes, Stack size 24 bytes, clk.o(.text.CLK_SetHCLK))
<BR><BR>[Stack]<UL><LI>Max Depth = 56<LI>Call Chain = CLK_SetHCLK &rArr; SystemCoreClockUpdate &rArr; __aeabi_uidiv
</UL>
<BR>[Calls]<UL><LI><a href="#[59]">&gt;&gt;</a>&nbsp;&nbsp;&nbsp;SystemCoreClockUpdate
</UL>
<BR>[Called By]<UL><LI><a href="#[5b]">&gt;&gt;</a>&nbsp;&nbsp;&nbsp;CLK_SetCoreClock
<LI><a href="#[b5]">&gt;&gt;</a>&nbsp;&nbsp;&nbsp;SB_SYS_Init
</UL>

<P><STRONG><a name="[b3]"></a>CLK_SetModuleClock</STRONG> (Thumb, 132 bytes, Stack size 16 bytes, clk.o(.text.CLK_SetModuleClock))
<BR><BR>[Stack]<UL><LI>Max Depth = 16<LI>Call Chain = CLK_SetModuleClock
</UL>
<BR>[Called By]<UL><LI><a href="#[be]">&gt;&gt;</a>&nbsp;&nbsp;&nbsp;SB_Timer3_Init
<LI><a href="#[bd]">&gt;&gt;</a>&nbsp;&nbsp;&nbsp;SB_Timer1_Init
<LI><a href="#[ba]">&gt;&gt;</a>&nbsp;&nbsp;&nbsp;SB_Timer0_Init
<LI><a href="#[c1]">&gt;&gt;</a>&nbsp;&nbsp;&nbsp;SB_Usb_Driver_Init
<LI><a href="#[c5]">&gt;&gt;</a>&nbsp;&nbsp;&nbsp;SB_WDT_Driver_Init
<LI><a href="#[b2]">&gt;&gt;</a>&nbsp;&nbsp;&nbsp;SB_SPI_Driver_Init
<LI><a href="#[c0]">&gt;&gt;</a>&nbsp;&nbsp;&nbsp;SB_Uart_Driver_Init
</UL>

<P><STRONG><a name="[56]"></a>CLK_WaitClockReady</STRONG> (Thumb, 24 bytes, Stack size 0 bytes, clk.o(.text.CLK_WaitClockReady))
<BR><BR>[Called By]<UL><LI><a href="#[55]">&gt;&gt;</a>&nbsp;&nbsp;&nbsp;CLK_EnablePLL
<LI><a href="#[b5]">&gt;&gt;</a>&nbsp;&nbsp;&nbsp;SB_SYS_Init
</UL>

<P><STRONG><a name="[5e]"></a>Creat_Packet_Request_AESCRC</STRONG> (Thumb, 196 bytes, Stack size 288 bytes, rf_transfer.o(.text.Creat_Packet_Request_AESCRC))
<BR><BR>[Stack]<UL><LI>Max Depth = 600<LI>Call Chain = Creat_Packet_Request_AESCRC &rArr; log_message &rArr; vsnprintf
</UL>
<BR>[Calls]<UL><LI><a href="#[51]">&gt;&gt;</a>&nbsp;&nbsp;&nbsp;AES_CBC_encrypt_buffer
<LI><a href="#[53]">&gt;&gt;</a>&nbsp;&nbsp;&nbsp;AES_init_ctx_iv
<LI><a href="#[61]">&gt;&gt;</a>&nbsp;&nbsp;&nbsp;crc16
<LI><a href="#[30]">&gt;&gt;</a>&nbsp;&nbsp;&nbsp;log_message
<LI><a href="#[62]">&gt;&gt;</a>&nbsp;&nbsp;&nbsp;Timer3_ResetTickMs
<LI><a href="#[60]">&gt;&gt;</a>&nbsp;&nbsp;&nbsp;Timer3_GetTickMs
<LI><a href="#[5f]">&gt;&gt;</a>&nbsp;&nbsp;&nbsp;Timer3_SetTickMs
<LI><a href="#[4e]">&gt;&gt;</a>&nbsp;&nbsp;&nbsp;__aeabi_memcpy
</UL>
<BR>[Called By]<UL><LI><a href="#[a9]">&gt;&gt;</a>&nbsp;&nbsp;&nbsp;Rf_Send_Request_AESCRC
</UL>

<P><STRONG><a name="[63]"></a>Creat_Packet_Request_AESSHA</STRONG> (Thumb, 192 bytes, Stack size 424 bytes, rf_transfer.o(.text.Creat_Packet_Request_AESSHA))
<BR><BR>[Stack]<UL><LI>Max Depth = 796<LI>Call Chain = Creat_Packet_Request_AESSHA &rArr; Sha256Update &rArr; TransformFunction
</UL>
<BR>[Calls]<UL><LI><a href="#[66]">&gt;&gt;</a>&nbsp;&nbsp;&nbsp;Sha256Finalise
<LI><a href="#[65]">&gt;&gt;</a>&nbsp;&nbsp;&nbsp;Sha256Update
<LI><a href="#[64]">&gt;&gt;</a>&nbsp;&nbsp;&nbsp;Sha256Initialise
<LI><a href="#[51]">&gt;&gt;</a>&nbsp;&nbsp;&nbsp;AES_CBC_encrypt_buffer
<LI><a href="#[53]">&gt;&gt;</a>&nbsp;&nbsp;&nbsp;AES_init_ctx_iv
<LI><a href="#[30]">&gt;&gt;</a>&nbsp;&nbsp;&nbsp;log_message
<LI><a href="#[62]">&gt;&gt;</a>&nbsp;&nbsp;&nbsp;Timer3_ResetTickMs
<LI><a href="#[60]">&gt;&gt;</a>&nbsp;&nbsp;&nbsp;Timer3_GetTickMs
<LI><a href="#[5f]">&gt;&gt;</a>&nbsp;&nbsp;&nbsp;Timer3_SetTickMs
<LI><a href="#[4e]">&gt;&gt;</a>&nbsp;&nbsp;&nbsp;__aeabi_memcpy
</UL>
<BR>[Called By]<UL><LI><a href="#[af]">&gt;&gt;</a>&nbsp;&nbsp;&nbsp;Rf_Send_Request_AESSHA
</UL>

<P><STRONG><a name="[67]"></a>Creat_Packet_Request_CRC</STRONG> (Thumb, 136 bytes, Stack size 40 bytes, rf_transfer.o(.text.Creat_Packet_Request_CRC))
<BR><BR>[Stack]<UL><LI>Max Depth = 352<LI>Call Chain = Creat_Packet_Request_CRC &rArr; log_message &rArr; vsnprintf
</UL>
<BR>[Calls]<UL><LI><a href="#[61]">&gt;&gt;</a>&nbsp;&nbsp;&nbsp;crc16
<LI><a href="#[30]">&gt;&gt;</a>&nbsp;&nbsp;&nbsp;log_message
<LI><a href="#[62]">&gt;&gt;</a>&nbsp;&nbsp;&nbsp;Timer3_ResetTickMs
<LI><a href="#[60]">&gt;&gt;</a>&nbsp;&nbsp;&nbsp;Timer3_GetTickMs
<LI><a href="#[5f]">&gt;&gt;</a>&nbsp;&nbsp;&nbsp;Timer3_SetTickMs
</UL>
<BR>[Called By]<UL><LI><a href="#[b0]">&gt;&gt;</a>&nbsp;&nbsp;&nbsp;Rf_Send_Request_CRC
</UL>

<P><STRONG><a name="[68]"></a>Creat_Packet_Request_SHA</STRONG> (Thumb, 176 bytes, Stack size 192 bytes, rf_transfer.o(.text.Creat_Packet_Request_SHA))
<BR><BR>[Stack]<UL><LI>Max Depth = 564<LI>Call Chain = Creat_Packet_Request_SHA &rArr; Sha256Update &rArr; TransformFunction
</UL>
<BR>[Calls]<UL><LI><a href="#[66]">&gt;&gt;</a>&nbsp;&nbsp;&nbsp;Sha256Finalise
<LI><a href="#[65]">&gt;&gt;</a>&nbsp;&nbsp;&nbsp;Sha256Update
<LI><a href="#[64]">&gt;&gt;</a>&nbsp;&nbsp;&nbsp;Sha256Initialise
<LI><a href="#[30]">&gt;&gt;</a>&nbsp;&nbsp;&nbsp;log_message
<LI><a href="#[62]">&gt;&gt;</a>&nbsp;&nbsp;&nbsp;Timer3_ResetTickMs
<LI><a href="#[60]">&gt;&gt;</a>&nbsp;&nbsp;&nbsp;Timer3_GetTickMs
<LI><a href="#[5f]">&gt;&gt;</a>&nbsp;&nbsp;&nbsp;Timer3_SetTickMs
</UL>
<BR>[Called By]<UL><LI><a href="#[b1]">&gt;&gt;</a>&nbsp;&nbsp;&nbsp;Rf_Send_Request_SHA
</UL>

<P><STRONG><a name="[69]"></a>DataFlash_Master_Init</STRONG> (Thumb, 200 bytes, Stack size 24 bytes, dataflash_stack.o(.text.DataFlash_Master_Init))
<BR><BR>[Stack]<UL><LI>Max Depth = 72<LI>Call Chain = DataFlash_Master_Init &rArr; SetDataFlashBase &rArr; FMC_WriteConfig
</UL>
<BR>[Calls]<UL><LI><a href="#[6c]">&gt;&gt;</a>&nbsp;&nbsp;&nbsp;FMC_ReadDataFlashBaseAddr
<LI><a href="#[6a]">&gt;&gt;</a>&nbsp;&nbsp;&nbsp;FMC_Open
<LI><a href="#[6b]">&gt;&gt;</a>&nbsp;&nbsp;&nbsp;SetDataFlashBase
<LI><a href="#[2a]">&gt;&gt;</a>&nbsp;&nbsp;&nbsp;SIM_EEPROM_READ
<LI><a href="#[6d]">&gt;&gt;</a>&nbsp;&nbsp;&nbsp;puts
<LI><a href="#[2b]">&gt;&gt;</a>&nbsp;&nbsp;&nbsp;__2printf
</UL>
<BR>[Called By]<UL><LI><a href="#[26]">&gt;&gt;</a>&nbsp;&nbsp;&nbsp;main
</UL>

<P><STRONG><a name="[6e]"></a>Decode_Packet_Receive_AESCRC</STRONG> (Thumb, 244 bytes, Stack size 336 bytes, rf_transfer.o(.text.Decode_Packet_Receive_AESCRC))
<BR><BR>[Stack]<UL><LI>Max Depth = 648<LI>Call Chain = Decode_Packet_Receive_AESCRC &rArr; log_message &rArr; vsnprintf
</UL>
<BR>[Calls]<UL><LI><a href="#[4d]">&gt;&gt;</a>&nbsp;&nbsp;&nbsp;AES_CBC_decrypt_buffer
<LI><a href="#[51]">&gt;&gt;</a>&nbsp;&nbsp;&nbsp;AES_CBC_encrypt_buffer
<LI><a href="#[53]">&gt;&gt;</a>&nbsp;&nbsp;&nbsp;AES_init_ctx_iv
<LI><a href="#[61]">&gt;&gt;</a>&nbsp;&nbsp;&nbsp;crc16
<LI><a href="#[6f]">&gt;&gt;</a>&nbsp;&nbsp;&nbsp;Save_Receive_Data_RF_Transfer
<LI><a href="#[30]">&gt;&gt;</a>&nbsp;&nbsp;&nbsp;log_message
<LI><a href="#[62]">&gt;&gt;</a>&nbsp;&nbsp;&nbsp;Timer3_ResetTickMs
<LI><a href="#[60]">&gt;&gt;</a>&nbsp;&nbsp;&nbsp;Timer3_GetTickMs
<LI><a href="#[5f]">&gt;&gt;</a>&nbsp;&nbsp;&nbsp;Timer3_SetTickMs
<LI><a href="#[4e]">&gt;&gt;</a>&nbsp;&nbsp;&nbsp;__aeabi_memcpy
</UL>
<BR>[Called By]<UL><LI><a href="#[82]">&gt;&gt;</a>&nbsp;&nbsp;&nbsp;OnMaster
</UL>

<P><STRONG><a name="[70]"></a>Decode_Packet_Receive_AESSHA</STRONG> (Thumb, 292 bytes, Stack size 480 bytes, rf_transfer.o(.text.Decode_Packet_Receive_AESSHA))
<BR><BR>[Stack]<UL><LI>Max Depth = 852<LI>Call Chain = Decode_Packet_Receive_AESSHA &rArr; Sha256Update &rArr; TransformFunction
</UL>
<BR>[Calls]<UL><LI><a href="#[66]">&gt;&gt;</a>&nbsp;&nbsp;&nbsp;Sha256Finalise
<LI><a href="#[65]">&gt;&gt;</a>&nbsp;&nbsp;&nbsp;Sha256Update
<LI><a href="#[64]">&gt;&gt;</a>&nbsp;&nbsp;&nbsp;Sha256Initialise
<LI><a href="#[4d]">&gt;&gt;</a>&nbsp;&nbsp;&nbsp;AES_CBC_decrypt_buffer
<LI><a href="#[51]">&gt;&gt;</a>&nbsp;&nbsp;&nbsp;AES_CBC_encrypt_buffer
<LI><a href="#[53]">&gt;&gt;</a>&nbsp;&nbsp;&nbsp;AES_init_ctx_iv
<LI><a href="#[30]">&gt;&gt;</a>&nbsp;&nbsp;&nbsp;log_message
<LI><a href="#[62]">&gt;&gt;</a>&nbsp;&nbsp;&nbsp;Timer3_ResetTickMs
<LI><a href="#[60]">&gt;&gt;</a>&nbsp;&nbsp;&nbsp;Timer3_GetTickMs
<LI><a href="#[5f]">&gt;&gt;</a>&nbsp;&nbsp;&nbsp;Timer3_SetTickMs
<LI><a href="#[71]">&gt;&gt;</a>&nbsp;&nbsp;&nbsp;memcmp
<LI><a href="#[4e]">&gt;&gt;</a>&nbsp;&nbsp;&nbsp;__aeabi_memcpy
</UL>
<BR>[Called By]<UL><LI><a href="#[82]">&gt;&gt;</a>&nbsp;&nbsp;&nbsp;OnMaster
</UL>

<P><STRONG><a name="[72]"></a>Decode_Packet_Receive_CRC</STRONG> (Thumb, 124 bytes, Stack size 48 bytes, rf_transfer.o(.text.Decode_Packet_Receive_CRC))
<BR><BR>[Stack]<UL><LI>Max Depth = 360<LI>Call Chain = Decode_Packet_Receive_CRC &rArr; log_message &rArr; vsnprintf
</UL>
<BR>[Calls]<UL><LI><a href="#[61]">&gt;&gt;</a>&nbsp;&nbsp;&nbsp;crc16
<LI><a href="#[6f]">&gt;&gt;</a>&nbsp;&nbsp;&nbsp;Save_Receive_Data_RF_Transfer
<LI><a href="#[30]">&gt;&gt;</a>&nbsp;&nbsp;&nbsp;log_message
<LI><a href="#[62]">&gt;&gt;</a>&nbsp;&nbsp;&nbsp;Timer3_ResetTickMs
<LI><a href="#[60]">&gt;&gt;</a>&nbsp;&nbsp;&nbsp;Timer3_GetTickMs
<LI><a href="#[5f]">&gt;&gt;</a>&nbsp;&nbsp;&nbsp;Timer3_SetTickMs
</UL>
<BR>[Called By]<UL><LI><a href="#[82]">&gt;&gt;</a>&nbsp;&nbsp;&nbsp;OnMaster
</UL>

<P><STRONG><a name="[73]"></a>Decode_Packet_Receive_SHA</STRONG> (Thumb, 196 bytes, Stack size 240 bytes, rf_transfer.o(.text.Decode_Packet_Receive_SHA))
<BR><BR>[Stack]<UL><LI>Max Depth = 612<LI>Call Chain = Decode_Packet_Receive_SHA &rArr; Sha256Update &rArr; TransformFunction
</UL>
<BR>[Calls]<UL><LI><a href="#[66]">&gt;&gt;</a>&nbsp;&nbsp;&nbsp;Sha256Finalise
<LI><a href="#[65]">&gt;&gt;</a>&nbsp;&nbsp;&nbsp;Sha256Update
<LI><a href="#[64]">&gt;&gt;</a>&nbsp;&nbsp;&nbsp;Sha256Initialise
<LI><a href="#[6f]">&gt;&gt;</a>&nbsp;&nbsp;&nbsp;Save_Receive_Data_RF_Transfer
<LI><a href="#[30]">&gt;&gt;</a>&nbsp;&nbsp;&nbsp;log_message
<LI><a href="#[62]">&gt;&gt;</a>&nbsp;&nbsp;&nbsp;Timer3_ResetTickMs
<LI><a href="#[60]">&gt;&gt;</a>&nbsp;&nbsp;&nbsp;Timer3_GetTickMs
<LI><a href="#[5f]">&gt;&gt;</a>&nbsp;&nbsp;&nbsp;Timer3_SetTickMs
<LI><a href="#[71]">&gt;&gt;</a>&nbsp;&nbsp;&nbsp;memcmp
</UL>
<BR>[Called By]<UL><LI><a href="#[82]">&gt;&gt;</a>&nbsp;&nbsp;&nbsp;OnMaster
</UL>

<P><STRONG><a name="[74]"></a>EP3_Handler</STRONG> (Thumb, 24 bytes, Stack size 8 bytes, hid_transfer.o(.text.EP3_Handler))
<BR><BR>[Stack]<UL><LI>Max Depth = 768<LI>Call Chain = EP3_Handler &rArr; HID_GetOutReport &rArr; ProcessCommand &rArr; Update_DataFlashDevice_From_PC &rArr; SIM_EEPROM_WRITE &rArr; SIM_EEPROM_READ
</UL>
<BR>[Calls]<UL><LI><a href="#[75]">&gt;&gt;</a>&nbsp;&nbsp;&nbsp;HID_GetOutReport
</UL>
<BR>[Called By]<UL><LI><a href="#[1d]">&gt;&gt;</a>&nbsp;&nbsp;&nbsp;USBD_IRQHandler
</UL>

<P><STRONG><a name="[6a]"></a>FMC_Open</STRONG> (Thumb, 12 bytes, Stack size 0 bytes, fmc.o(.text.FMC_Open))
<BR><BR>[Called By]<UL><LI><a href="#[69]">&gt;&gt;</a>&nbsp;&nbsp;&nbsp;DataFlash_Master_Init
</UL>

<P><STRONG><a name="[76]"></a>FMC_ReadConfig</STRONG> (Thumb, 32 bytes, Stack size 16 bytes, fmc.o(.text.FMC_ReadConfig))
<BR><BR>[Stack]<UL><LI>Max Depth = 16<LI>Call Chain = FMC_ReadConfig
</UL>
<BR>[Calls]<UL><LI><a href="#[77]">&gt;&gt;</a>&nbsp;&nbsp;&nbsp;FMC_Read
</UL>
<BR>[Called By]<UL><LI><a href="#[6b]">&gt;&gt;</a>&nbsp;&nbsp;&nbsp;SetDataFlashBase
</UL>

<P><STRONG><a name="[6c]"></a>FMC_ReadDataFlashBaseAddr</STRONG> (Thumb, 8 bytes, Stack size 0 bytes, fmc.o(.text.FMC_ReadDataFlashBaseAddr))
<BR><BR>[Called By]<UL><LI><a href="#[69]">&gt;&gt;</a>&nbsp;&nbsp;&nbsp;DataFlash_Master_Init
</UL>

<P><STRONG><a name="[78]"></a>FMC_WriteConfig</STRONG> (Thumb, 76 bytes, Stack size 32 bytes, fmc.o(.text.FMC_WriteConfig))
<BR><BR>[Stack]<UL><LI>Max Depth = 32<LI>Call Chain = FMC_WriteConfig
</UL>
<BR>[Calls]<UL><LI><a href="#[77]">&gt;&gt;</a>&nbsp;&nbsp;&nbsp;FMC_Read
</UL>
<BR>[Called By]<UL><LI><a href="#[6b]">&gt;&gt;</a>&nbsp;&nbsp;&nbsp;SetDataFlashBase
</UL>

<P><STRONG><a name="[2d]"></a>GPIO_SetMode</STRONG> (Thumb, 42 bytes, Stack size 20 bytes, gpio.o(.text.GPIO_SetMode))
<BR><BR>[Stack]<UL><LI>Max Depth = 20<LI>Call Chain = GPIO_SetMode
</UL>
<BR>[Called By]<UL><LI><a href="#[26]">&gt;&gt;</a>&nbsp;&nbsp;&nbsp;main
<LI><a href="#[10d]">&gt;&gt;</a>&nbsp;&nbsp;&nbsp;SX1276SetReset
</UL>
<BR>[Address Reference Count : 2]<UL><LI> gpio_driver.o(.text.SB_Master_GPIO_Init)
<LI> sx1278_hw.o(.text.SX1276InitIO)
</UL>
<P><STRONG><a name="[2e]"></a>HID_ClassRequest</STRONG> (Thumb, 164 bytes, Stack size 16 bytes, hid_transfer.o(.text.HID_ClassRequest))
<BR><BR>[Stack]<UL><LI>Max Depth = 32<LI>Call Chain = HID_ClassRequest &rArr; USBD_PrepareCtrlIn
</UL>
<BR>[Calls]<UL><LI><a href="#[7b]">&gt;&gt;</a>&nbsp;&nbsp;&nbsp;USBD_PrepareCtrlOut
<LI><a href="#[7a]">&gt;&gt;</a>&nbsp;&nbsp;&nbsp;USBD_PrepareCtrlIn
<LI><a href="#[79]">&gt;&gt;</a>&nbsp;&nbsp;&nbsp;USBD_GetSetupPacket
<LI><a href="#[7c]">&gt;&gt;</a>&nbsp;&nbsp;&nbsp;USBD_SetStall
</UL>
<BR>[Address Reference Count : 1]<UL><LI> usb_driver.o(.text.SB_Usb_Driver_Init)
</UL>
<P><STRONG><a name="[75]"></a>HID_GetOutReport</STRONG> (Thumb, 8 bytes, Stack size 8 bytes, usb_stack.o(.text.HID_GetOutReport))
<BR><BR>[Stack]<UL><LI>Max Depth = 760<LI>Call Chain = HID_GetOutReport &rArr; ProcessCommand &rArr; Update_DataFlashDevice_From_PC &rArr; SIM_EEPROM_WRITE &rArr; SIM_EEPROM_READ
</UL>
<BR>[Calls]<UL><LI><a href="#[7d]">&gt;&gt;</a>&nbsp;&nbsp;&nbsp;ProcessCommand
</UL>
<BR>[Called By]<UL><LI><a href="#[74]">&gt;&gt;</a>&nbsp;&nbsp;&nbsp;EP3_Handler
</UL>

<P><STRONG><a name="[c3]"></a>HID_Init</STRONG> (Thumb, 48 bytes, Stack size 0 bytes, hid_transfer.o(.text.HID_Init))
<BR><BR>[Called By]<UL><LI><a href="#[c1]">&gt;&gt;</a>&nbsp;&nbsp;&nbsp;SB_Usb_Driver_Init
</UL>

<P><STRONG><a name="[11c]"></a>HID_SetInReport</STRONG> (Thumb, 2 bytes, Stack size 0 bytes, usb_stack.o(.text.HID_SetInReport))
<BR><BR>[Called By]<UL><LI><a href="#[1d]">&gt;&gt;</a>&nbsp;&nbsp;&nbsp;USBD_IRQHandler
</UL>

<P><STRONG><a name="[2]"></a>HardFault_Handler</STRONG> (Thumb, 28 bytes, Stack size 0 bytes, retarget.o(.text.HardFault_Handler))
<BR><BR>[Stack]<UL><LI>Max Depth = 32<LI>Call Chain = HardFault_Handler &rArr; Hard_Fault_Handler &rArr; puts &rArr; fputc
</UL>
<BR>[Calls]<UL><LI><a href="#[2c]">&gt;&gt;</a>&nbsp;&nbsp;&nbsp;Hard_Fault_Handler
</UL>
<BR>[Address Reference Count : 1]<UL><LI> startup_nuc200series.o(RESET)
</UL>
<P><STRONG><a name="[2c]"></a>Hard_Fault_Handler</STRONG> (Thumb, 68 bytes, Stack size 16 bytes, retarget.o(.text.Hard_Fault_Handler))
<BR><BR>[Stack]<UL><LI>Max Depth = 32<LI>Call Chain = Hard_Fault_Handler &rArr; puts &rArr; fputc
</UL>
<BR>[Calls]<UL><LI><a href="#[6d]">&gt;&gt;</a>&nbsp;&nbsp;&nbsp;puts
</UL>
<BR>[Called By]<UL><LI><a href="#[2]">&gt;&gt;</a>&nbsp;&nbsp;&nbsp;HardFault_Handler
</UL>
<BR>[Address Reference Count : 1]<UL><LI> retarget.o(.text.HardFault_Handler)
</UL>
<P><STRONG><a name="[115]"></a>Led_Display</STRONG> (Thumb, 684 bytes, Stack size 0 bytes, gpio_control.o(.text.Led_Display))
<BR><BR>[Called By]<UL><LI><a href="#[f]">&gt;&gt;</a>&nbsp;&nbsp;&nbsp;TMR1_IRQHandler
</UL>

<P><STRONG><a name="[7e]"></a>Modbus_Master_GetByte</STRONG> (Thumb, 20 bytes, Stack size 8 bytes, trans_recieve_buff_control.o(.text.Modbus_Master_GetByte))
<BR><BR>[Stack]<UL><LI>Max Depth = 24<LI>Call Chain = Modbus_Master_GetByte &rArr; UART_Read
</UL>
<BR>[Calls]<UL><LI><a href="#[7f]">&gt;&gt;</a>&nbsp;&nbsp;&nbsp;UART_Read
</UL>
<BR>[Called By]<UL><LI><a href="#[80]">&gt;&gt;</a>&nbsp;&nbsp;&nbsp;Modbus_Master_Rece_Handler
</UL>

<P><STRONG><a name="[80]"></a>Modbus_Master_Rece_Handler</STRONG> (Thumb, 28 bytes, Stack size 16 bytes, trans_recieve_buff_control.o(.text.Modbus_Master_Rece_Handler))
<BR><BR>[Stack]<UL><LI>Max Depth = 40<LI>Call Chain = Modbus_Master_Rece_Handler &rArr; Modbus_Master_GetByte &rArr; UART_Read
</UL>
<BR>[Calls]<UL><LI><a href="#[7e]">&gt;&gt;</a>&nbsp;&nbsp;&nbsp;Modbus_Master_GetByte
<LI><a href="#[81]">&gt;&gt;</a>&nbsp;&nbsp;&nbsp;rbPush
</UL>
<BR>[Called By]<UL><LI><a href="#[13]">&gt;&gt;</a>&nbsp;&nbsp;&nbsp;UART1_IRQHandler
</UL>

<P><STRONG><a name="[82]"></a>OnMaster</STRONG> (Thumb, 548 bytes, Stack size 32 bytes, operation.o(.text.OnMaster))
<BR><BR>[Stack]<UL><LI>Max Depth = 916<LI>Call Chain = OnMaster &rArr; Saban_Mode_RS485 &rArr; Rf_Send_Request_AESSHA &rArr; Creat_Packet_Request_AESSHA &rArr; Sha256Update &rArr; TransformFunction
</UL>
<BR>[Calls]<UL><LI><a href="#[6e]">&gt;&gt;</a>&nbsp;&nbsp;&nbsp;Decode_Packet_Receive_AESCRC
<LI><a href="#[70]">&gt;&gt;</a>&nbsp;&nbsp;&nbsp;Decode_Packet_Receive_AESSHA
<LI><a href="#[73]">&gt;&gt;</a>&nbsp;&nbsp;&nbsp;Decode_Packet_Receive_SHA
<LI><a href="#[8a]">&gt;&gt;</a>&nbsp;&nbsp;&nbsp;Saban_Mode_RS485
<LI><a href="#[88]">&gt;&gt;</a>&nbsp;&nbsp;&nbsp;Saban_Mode_IO_Standand
<LI><a href="#[72]">&gt;&gt;</a>&nbsp;&nbsp;&nbsp;Decode_Packet_Receive_CRC
<LI><a href="#[86]">&gt;&gt;</a>&nbsp;&nbsp;&nbsp;SX1276GetRxPacket
<LI><a href="#[85]">&gt;&gt;</a>&nbsp;&nbsp;&nbsp;SX1276GetPacketSnr
<LI><a href="#[84]">&gt;&gt;</a>&nbsp;&nbsp;&nbsp;SX1276ReadRssi
<LI><a href="#[83]">&gt;&gt;</a>&nbsp;&nbsp;&nbsp;SX1276Process
<LI><a href="#[87]">&gt;&gt;</a>&nbsp;&nbsp;&nbsp;SX1276StartCad
<LI><a href="#[89]">&gt;&gt;</a>&nbsp;&nbsp;&nbsp;SX1276StartRx
<LI><a href="#[30]">&gt;&gt;</a>&nbsp;&nbsp;&nbsp;log_message
<LI><a href="#[62]">&gt;&gt;</a>&nbsp;&nbsp;&nbsp;Timer3_ResetTickMs
<LI><a href="#[60]">&gt;&gt;</a>&nbsp;&nbsp;&nbsp;Timer3_GetTickMs
<LI><a href="#[5f]">&gt;&gt;</a>&nbsp;&nbsp;&nbsp;Timer3_SetTickMs
</UL>
<BR>[Called By]<UL><LI><a href="#[26]">&gt;&gt;</a>&nbsp;&nbsp;&nbsp;main
</UL>

<P><STRONG><a name="[7d]"></a>ProcessCommand</STRONG> (Thumb, 452 bytes, Stack size 160 bytes, usb_stack.o(.text.ProcessCommand))
<BR><BR>[Stack]<UL><LI>Max Depth = 752<LI>Call Chain = ProcessCommand &rArr; Update_DataFlashDevice_From_PC &rArr; SIM_EEPROM_WRITE &rArr; SIM_EEPROM_READ
</UL>
<BR>[Calls]<UL><LI><a href="#[a0]">&gt;&gt;</a>&nbsp;&nbsp;&nbsp;SYS_ResetChip
<LI><a href="#[9c]">&gt;&gt;</a>&nbsp;&nbsp;&nbsp;SX1276LoRaSetErrorCoding
<LI><a href="#[9b]">&gt;&gt;</a>&nbsp;&nbsp;&nbsp;SX1276LoRaSetSpreadingFactor
<LI><a href="#[9a]">&gt;&gt;</a>&nbsp;&nbsp;&nbsp;SX1276LoRaSetSignalBandwidth
<LI><a href="#[99]">&gt;&gt;</a>&nbsp;&nbsp;&nbsp;SX1276LoRaSetRFPower
<LI><a href="#[98]">&gt;&gt;</a>&nbsp;&nbsp;&nbsp;SX1276LoRaSetRFFrequency
<LI><a href="#[9e]">&gt;&gt;</a>&nbsp;&nbsp;&nbsp;SX1276FskSetBitrate
<LI><a href="#[9d]">&gt;&gt;</a>&nbsp;&nbsp;&nbsp;SX1276FskSetRFFrequency
<LI><a href="#[92]">&gt;&gt;</a>&nbsp;&nbsp;&nbsp;Update_DataFlashDevice_From_PC
<LI><a href="#[90]">&gt;&gt;</a>&nbsp;&nbsp;&nbsp;Update_DataFlash_ModbusConfig_From_PC
<LI><a href="#[8f]">&gt;&gt;</a>&nbsp;&nbsp;&nbsp;Update_DataFlash_ID_From_PC
<LI><a href="#[8d]">&gt;&gt;</a>&nbsp;&nbsp;&nbsp;Update_DataFlash_RFConfig_From_PC
<LI><a href="#[96]">&gt;&gt;</a>&nbsp;&nbsp;&nbsp;save_user_pass_to_byte_array
<LI><a href="#[97]">&gt;&gt;</a>&nbsp;&nbsp;&nbsp;SendHMIDataFromMasterToPC
<LI><a href="#[95]">&gt;&gt;</a>&nbsp;&nbsp;&nbsp;compute_checksum
<LI><a href="#[94]">&gt;&gt;</a>&nbsp;&nbsp;&nbsp;init_crc16_table
<LI><a href="#[8e]">&gt;&gt;</a>&nbsp;&nbsp;&nbsp;SendBackDevicesStatus
<LI><a href="#[93]">&gt;&gt;</a>&nbsp;&nbsp;&nbsp;SendBackClientSettingInfo
<LI><a href="#[91]">&gt;&gt;</a>&nbsp;&nbsp;&nbsp;SendBack
<LI><a href="#[8c]">&gt;&gt;</a>&nbsp;&nbsp;&nbsp;SendBackDeviceSettingInfo
<LI><a href="#[9f]">&gt;&gt;</a>&nbsp;&nbsp;&nbsp;CLK_SysTickDelay
<LI><a href="#[8b]">&gt;&gt;</a>&nbsp;&nbsp;&nbsp;__aeabi_memclr4
<LI><a href="#[4e]">&gt;&gt;</a>&nbsp;&nbsp;&nbsp;__aeabi_memcpy
</UL>
<BR>[Called By]<UL><LI><a href="#[75]">&gt;&gt;</a>&nbsp;&nbsp;&nbsp;HID_GetOutReport
</UL>

<P><STRONG><a name="[a1]"></a>Radio_Start</STRONG> (Thumb, 236 bytes, Stack size 16 bytes, operation.o(.text.Radio_Start))
<BR><BR>[Stack]<UL><LI>Max Depth = 328<LI>Call Chain = Radio_Start &rArr; log_message &rArr; vsnprintf
</UL>
<BR>[Calls]<UL><LI><a href="#[87]">&gt;&gt;</a>&nbsp;&nbsp;&nbsp;SX1276StartCad
<LI><a href="#[a8]">&gt;&gt;</a>&nbsp;&nbsp;&nbsp;SX1276GetTimeOnAir
<LI><a href="#[9c]">&gt;&gt;</a>&nbsp;&nbsp;&nbsp;SX1276LoRaSetErrorCoding
<LI><a href="#[9b]">&gt;&gt;</a>&nbsp;&nbsp;&nbsp;SX1276LoRaSetSpreadingFactor
<LI><a href="#[9a]">&gt;&gt;</a>&nbsp;&nbsp;&nbsp;SX1276LoRaSetSignalBandwidth
<LI><a href="#[99]">&gt;&gt;</a>&nbsp;&nbsp;&nbsp;SX1276LoRaSetRFPower
<LI><a href="#[98]">&gt;&gt;</a>&nbsp;&nbsp;&nbsp;SX1276LoRaSetRFFrequency
<LI><a href="#[89]">&gt;&gt;</a>&nbsp;&nbsp;&nbsp;SX1276StartRx
<LI><a href="#[a7]">&gt;&gt;</a>&nbsp;&nbsp;&nbsp;SX1276FskGetTimeOnAir
<LI><a href="#[9e]">&gt;&gt;</a>&nbsp;&nbsp;&nbsp;SX1276FskSetBitrate
<LI><a href="#[9d]">&gt;&gt;</a>&nbsp;&nbsp;&nbsp;SX1276FskSetRFFrequency
<LI><a href="#[a6]">&gt;&gt;</a>&nbsp;&nbsp;&nbsp;SX1276FskGetVersion
<LI><a href="#[30]">&gt;&gt;</a>&nbsp;&nbsp;&nbsp;log_message
<LI><a href="#[a5]">&gt;&gt;</a>&nbsp;&nbsp;&nbsp;SX1276CheckLoRaConfigError
<LI><a href="#[a4]">&gt;&gt;</a>&nbsp;&nbsp;&nbsp;SX1276LoRaGetVersion
<LI><a href="#[a3]">&gt;&gt;</a>&nbsp;&nbsp;&nbsp;SX1276Init
<LI><a href="#[a2]">&gt;&gt;</a>&nbsp;&nbsp;&nbsp;SX1276SetMode
</UL>
<BR>[Called By]<UL><LI><a href="#[26]">&gt;&gt;</a>&nbsp;&nbsp;&nbsp;main
</UL>

<P><STRONG><a name="[a9]"></a>Rf_Send_Request_AESCRC</STRONG> (Thumb, 112 bytes, Stack size 56 bytes, rf_transfer.o(.text.Rf_Send_Request_AESCRC))
<BR><BR>[Stack]<UL><LI>Max Depth = 656<LI>Call Chain = Rf_Send_Request_AESCRC &rArr; Creat_Packet_Request_AESCRC &rArr; log_message &rArr; vsnprintf
</UL>
<BR>[Calls]<UL><LI><a href="#[5e]">&gt;&gt;</a>&nbsp;&nbsp;&nbsp;Creat_Packet_Request_AESCRC
<LI><a href="#[ae]">&gt;&gt;</a>&nbsp;&nbsp;&nbsp;SX1276SetTxPacket
<LI><a href="#[ad]">&gt;&gt;</a>&nbsp;&nbsp;&nbsp;SX1276FskSetPayloadLength
<LI><a href="#[ac]">&gt;&gt;</a>&nbsp;&nbsp;&nbsp;SX1276LoRaSetRxPacketTimeout
<LI><a href="#[ab]">&gt;&gt;</a>&nbsp;&nbsp;&nbsp;SX1276LoRaSetPayloadLength
<LI><a href="#[aa]">&gt;&gt;</a>&nbsp;&nbsp;&nbsp;SX1276GetMode
<LI><a href="#[a8]">&gt;&gt;</a>&nbsp;&nbsp;&nbsp;SX1276GetTimeOnAir
<LI><a href="#[8b]">&gt;&gt;</a>&nbsp;&nbsp;&nbsp;__aeabi_memclr4
</UL>
<BR>[Called By]<UL><LI><a href="#[8a]">&gt;&gt;</a>&nbsp;&nbsp;&nbsp;Saban_Mode_RS485
<LI><a href="#[88]">&gt;&gt;</a>&nbsp;&nbsp;&nbsp;Saban_Mode_IO_Standand
</UL>

<P><STRONG><a name="[af]"></a>Rf_Send_Request_AESSHA</STRONG> (Thumb, 112 bytes, Stack size 80 bytes, rf_transfer.o(.text.Rf_Send_Request_AESSHA))
<BR><BR>[Stack]<UL><LI>Max Depth = 876<LI>Call Chain = Rf_Send_Request_AESSHA &rArr; Creat_Packet_Request_AESSHA &rArr; Sha256Update &rArr; TransformFunction
</UL>
<BR>[Calls]<UL><LI><a href="#[63]">&gt;&gt;</a>&nbsp;&nbsp;&nbsp;Creat_Packet_Request_AESSHA
<LI><a href="#[ae]">&gt;&gt;</a>&nbsp;&nbsp;&nbsp;SX1276SetTxPacket
<LI><a href="#[ad]">&gt;&gt;</a>&nbsp;&nbsp;&nbsp;SX1276FskSetPayloadLength
<LI><a href="#[ac]">&gt;&gt;</a>&nbsp;&nbsp;&nbsp;SX1276LoRaSetRxPacketTimeout
<LI><a href="#[ab]">&gt;&gt;</a>&nbsp;&nbsp;&nbsp;SX1276LoRaSetPayloadLength
<LI><a href="#[aa]">&gt;&gt;</a>&nbsp;&nbsp;&nbsp;SX1276GetMode
<LI><a href="#[a8]">&gt;&gt;</a>&nbsp;&nbsp;&nbsp;SX1276GetTimeOnAir
<LI><a href="#[8b]">&gt;&gt;</a>&nbsp;&nbsp;&nbsp;__aeabi_memclr4
</UL>
<BR>[Called By]<UL><LI><a href="#[8a]">&gt;&gt;</a>&nbsp;&nbsp;&nbsp;Saban_Mode_RS485
<LI><a href="#[88]">&gt;&gt;</a>&nbsp;&nbsp;&nbsp;Saban_Mode_IO_Standand
</UL>

<P><STRONG><a name="[b0]"></a>Rf_Send_Request_CRC</STRONG> (Thumb, 112 bytes, Stack size 40 bytes, rf_transfer.o(.text.Rf_Send_Request_CRC))
<BR><BR>[Stack]<UL><LI>Max Depth = 392<LI>Call Chain = Rf_Send_Request_CRC &rArr; Creat_Packet_Request_CRC &rArr; log_message &rArr; vsnprintf
</UL>
<BR>[Calls]<UL><LI><a href="#[ae]">&gt;&gt;</a>&nbsp;&nbsp;&nbsp;SX1276SetTxPacket
<LI><a href="#[ad]">&gt;&gt;</a>&nbsp;&nbsp;&nbsp;SX1276FskSetPayloadLength
<LI><a href="#[ac]">&gt;&gt;</a>&nbsp;&nbsp;&nbsp;SX1276LoRaSetRxPacketTimeout
<LI><a href="#[ab]">&gt;&gt;</a>&nbsp;&nbsp;&nbsp;SX1276LoRaSetPayloadLength
<LI><a href="#[aa]">&gt;&gt;</a>&nbsp;&nbsp;&nbsp;SX1276GetMode
<LI><a href="#[67]">&gt;&gt;</a>&nbsp;&nbsp;&nbsp;Creat_Packet_Request_CRC
<LI><a href="#[a8]">&gt;&gt;</a>&nbsp;&nbsp;&nbsp;SX1276GetTimeOnAir
</UL>
<BR>[Called By]<UL><LI><a href="#[8a]">&gt;&gt;</a>&nbsp;&nbsp;&nbsp;Saban_Mode_RS485
<LI><a href="#[88]">&gt;&gt;</a>&nbsp;&nbsp;&nbsp;Saban_Mode_IO_Standand
</UL>

<P><STRONG><a name="[b1]"></a>Rf_Send_Request_SHA</STRONG> (Thumb, 112 bytes, Stack size 72 bytes, rf_transfer.o(.text.Rf_Send_Request_SHA))
<BR><BR>[Stack]<UL><LI>Max Depth = 636<LI>Call Chain = Rf_Send_Request_SHA &rArr; Creat_Packet_Request_SHA &rArr; Sha256Update &rArr; TransformFunction
</UL>
<BR>[Calls]<UL><LI><a href="#[68]">&gt;&gt;</a>&nbsp;&nbsp;&nbsp;Creat_Packet_Request_SHA
<LI><a href="#[ae]">&gt;&gt;</a>&nbsp;&nbsp;&nbsp;SX1276SetTxPacket
<LI><a href="#[ad]">&gt;&gt;</a>&nbsp;&nbsp;&nbsp;SX1276FskSetPayloadLength
<LI><a href="#[ac]">&gt;&gt;</a>&nbsp;&nbsp;&nbsp;SX1276LoRaSetRxPacketTimeout
<LI><a href="#[ab]">&gt;&gt;</a>&nbsp;&nbsp;&nbsp;SX1276LoRaSetPayloadLength
<LI><a href="#[aa]">&gt;&gt;</a>&nbsp;&nbsp;&nbsp;SX1276GetMode
<LI><a href="#[a8]">&gt;&gt;</a>&nbsp;&nbsp;&nbsp;SX1276GetTimeOnAir
<LI><a href="#[8b]">&gt;&gt;</a>&nbsp;&nbsp;&nbsp;__aeabi_memclr4
</UL>
<BR>[Called By]<UL><LI><a href="#[8a]">&gt;&gt;</a>&nbsp;&nbsp;&nbsp;Saban_Mode_RS485
<LI><a href="#[88]">&gt;&gt;</a>&nbsp;&nbsp;&nbsp;Saban_Mode_IO_Standand
</UL>

<P><STRONG><a name="[120]"></a>SB_Master_GPIO_Init</STRONG> (Thumb, 152 bytes, Stack size 24 bytes, gpio_driver.o(.text.SB_Master_GPIO_Init))
<BR><BR>[Stack]<UL><LI>Max Depth = 24<LI>Call Chain = SB_Master_GPIO_Init
</UL>
<BR>[Called By]<UL><LI><a href="#[26]">&gt;&gt;</a>&nbsp;&nbsp;&nbsp;main
</UL>

<P><STRONG><a name="[b2]"></a>SB_SPI_Driver_Init</STRONG> (Thumb, 52 bytes, Stack size 8 bytes, spi_driver.o(.text.SB_SPI_Driver_Init))
<BR><BR>[Stack]<UL><LI>Max Depth = 24<LI>Call Chain = SB_SPI_Driver_Init &rArr; CLK_SetModuleClock
</UL>
<BR>[Calls]<UL><LI><a href="#[b3]">&gt;&gt;</a>&nbsp;&nbsp;&nbsp;CLK_SetModuleClock
<LI><a href="#[b4]">&gt;&gt;</a>&nbsp;&nbsp;&nbsp;CLK_EnableModuleClock
</UL>
<BR>[Called By]<UL><LI><a href="#[26]">&gt;&gt;</a>&nbsp;&nbsp;&nbsp;main
</UL>

<P><STRONG><a name="[b5]"></a>SB_SYS_Init</STRONG> (Thumb, 104 bytes, Stack size 8 bytes, systerm.o(.text.SB_SYS_Init))
<BR><BR>[Stack]<UL><LI>Max Depth = 96<LI>Call Chain = SB_SYS_Init &rArr; CLK_SetCoreClock &rArr; CLK_EnablePLL &rArr; __aeabi_uidiv
</UL>
<BR>[Calls]<UL><LI><a href="#[b9]">&gt;&gt;</a>&nbsp;&nbsp;&nbsp;CLK_EnableSysTick
<LI><a href="#[b4]">&gt;&gt;</a>&nbsp;&nbsp;&nbsp;CLK_EnableModuleClock
<LI><a href="#[b8]">&gt;&gt;</a>&nbsp;&nbsp;&nbsp;CLK_EnableCKO
<LI><a href="#[5b]">&gt;&gt;</a>&nbsp;&nbsp;&nbsp;CLK_SetCoreClock
<LI><a href="#[5c]">&gt;&gt;</a>&nbsp;&nbsp;&nbsp;CLK_SetHCLK
<LI><a href="#[b7]">&gt;&gt;</a>&nbsp;&nbsp;&nbsp;CLK_DisablePLL
<LI><a href="#[56]">&gt;&gt;</a>&nbsp;&nbsp;&nbsp;CLK_WaitClockReady
<LI><a href="#[b6]">&gt;&gt;</a>&nbsp;&nbsp;&nbsp;CLK_EnableXtalRC
</UL>
<BR>[Called By]<UL><LI><a href="#[26]">&gt;&gt;</a>&nbsp;&nbsp;&nbsp;main
</UL>

<P><STRONG><a name="[ba]"></a>SB_Timer0_Init</STRONG> (Thumb, 84 bytes, Stack size 16 bytes, timer_driver.o(.text.SB_Timer0_Init))
<BR><BR>[Stack]<UL><LI>Max Depth = 56<LI>Call Chain = SB_Timer0_Init &rArr; TIMER_Open &rArr; __aeabi_uidiv
</UL>
<BR>[Calls]<UL><LI><a href="#[bc]">&gt;&gt;</a>&nbsp;&nbsp;&nbsp;TIMER_Open
<LI><a href="#[bb]">&gt;&gt;</a>&nbsp;&nbsp;&nbsp;SYS_ResetModule
<LI><a href="#[b3]">&gt;&gt;</a>&nbsp;&nbsp;&nbsp;CLK_SetModuleClock
<LI><a href="#[b4]">&gt;&gt;</a>&nbsp;&nbsp;&nbsp;CLK_EnableModuleClock
</UL>
<BR>[Called By]<UL><LI><a href="#[bf]">&gt;&gt;</a>&nbsp;&nbsp;&nbsp;SB_Timer_Driver_Init
</UL>

<P><STRONG><a name="[bd]"></a>SB_Timer1_Init</STRONG> (Thumb, 100 bytes, Stack size 16 bytes, timer_driver.o(.text.SB_Timer1_Init))
<BR><BR>[Stack]<UL><LI>Max Depth = 56<LI>Call Chain = SB_Timer1_Init &rArr; TIMER_Open &rArr; __aeabi_uidiv
</UL>
<BR>[Calls]<UL><LI><a href="#[bc]">&gt;&gt;</a>&nbsp;&nbsp;&nbsp;TIMER_Open
<LI><a href="#[bb]">&gt;&gt;</a>&nbsp;&nbsp;&nbsp;SYS_ResetModule
<LI><a href="#[b3]">&gt;&gt;</a>&nbsp;&nbsp;&nbsp;CLK_SetModuleClock
<LI><a href="#[b4]">&gt;&gt;</a>&nbsp;&nbsp;&nbsp;CLK_EnableModuleClock
</UL>
<BR>[Called By]<UL><LI><a href="#[bf]">&gt;&gt;</a>&nbsp;&nbsp;&nbsp;SB_Timer_Driver_Init
</UL>

<P><STRONG><a name="[be]"></a>SB_Timer3_Init</STRONG> (Thumb, 80 bytes, Stack size 16 bytes, timer_driver.o(.text.SB_Timer3_Init))
<BR><BR>[Stack]<UL><LI>Max Depth = 56<LI>Call Chain = SB_Timer3_Init &rArr; TIMER_Open &rArr; __aeabi_uidiv
</UL>
<BR>[Calls]<UL><LI><a href="#[bc]">&gt;&gt;</a>&nbsp;&nbsp;&nbsp;TIMER_Open
<LI><a href="#[bb]">&gt;&gt;</a>&nbsp;&nbsp;&nbsp;SYS_ResetModule
<LI><a href="#[b3]">&gt;&gt;</a>&nbsp;&nbsp;&nbsp;CLK_SetModuleClock
<LI><a href="#[b4]">&gt;&gt;</a>&nbsp;&nbsp;&nbsp;CLK_EnableModuleClock
</UL>
<BR>[Called By]<UL><LI><a href="#[bf]">&gt;&gt;</a>&nbsp;&nbsp;&nbsp;SB_Timer_Driver_Init
</UL>

<P><STRONG><a name="[bf]"></a>SB_Timer_Driver_Init</STRONG> (Thumb, 16 bytes, Stack size 8 bytes, timer_driver.o(.text.SB_Timer_Driver_Init))
<BR><BR>[Stack]<UL><LI>Max Depth = 64<LI>Call Chain = SB_Timer_Driver_Init &rArr; SB_Timer3_Init &rArr; TIMER_Open &rArr; __aeabi_uidiv
</UL>
<BR>[Calls]<UL><LI><a href="#[be]">&gt;&gt;</a>&nbsp;&nbsp;&nbsp;SB_Timer3_Init
<LI><a href="#[bd]">&gt;&gt;</a>&nbsp;&nbsp;&nbsp;SB_Timer1_Init
<LI><a href="#[ba]">&gt;&gt;</a>&nbsp;&nbsp;&nbsp;SB_Timer0_Init
</UL>
<BR>[Called By]<UL><LI><a href="#[26]">&gt;&gt;</a>&nbsp;&nbsp;&nbsp;main
</UL>

<P><STRONG><a name="[c0]"></a>SB_Uart_Driver_Init</STRONG> (Thumb, 252 bytes, Stack size 24 bytes, uart_driver.o(.text.SB_Uart_Driver_Init))
<BR><BR>[Stack]<UL><LI>Max Depth = 40<LI>Call Chain = SB_Uart_Driver_Init &rArr; CLK_SetModuleClock
</UL>
<BR>[Calls]<UL><LI><a href="#[bb]">&gt;&gt;</a>&nbsp;&nbsp;&nbsp;SYS_ResetModule
<LI><a href="#[b3]">&gt;&gt;</a>&nbsp;&nbsp;&nbsp;CLK_SetModuleClock
<LI><a href="#[b4]">&gt;&gt;</a>&nbsp;&nbsp;&nbsp;CLK_EnableModuleClock
<LI><a href="#[57]">&gt;&gt;</a>&nbsp;&nbsp;&nbsp;__aeabi_uidiv
</UL>
<BR>[Called By]<UL><LI><a href="#[26]">&gt;&gt;</a>&nbsp;&nbsp;&nbsp;main
</UL>

<P><STRONG><a name="[c1]"></a>SB_Usb_Driver_Init</STRONG> (Thumb, 52 bytes, Stack size 16 bytes, usb_driver.o(.text.SB_Usb_Driver_Init))
<BR><BR>[Stack]<UL><LI>Max Depth = 32<LI>Call Chain = SB_Usb_Driver_Init &rArr; CLK_SetModuleClock
</UL>
<BR>[Calls]<UL><LI><a href="#[c4]">&gt;&gt;</a>&nbsp;&nbsp;&nbsp;USBD_Start
<LI><a href="#[c3]">&gt;&gt;</a>&nbsp;&nbsp;&nbsp;HID_Init
<LI><a href="#[c2]">&gt;&gt;</a>&nbsp;&nbsp;&nbsp;USBD_Open
<LI><a href="#[b3]">&gt;&gt;</a>&nbsp;&nbsp;&nbsp;CLK_SetModuleClock
<LI><a href="#[b4]">&gt;&gt;</a>&nbsp;&nbsp;&nbsp;CLK_EnableModuleClock
</UL>
<BR>[Called By]<UL><LI><a href="#[26]">&gt;&gt;</a>&nbsp;&nbsp;&nbsp;main
</UL>

<P><STRONG><a name="[c5]"></a>SB_WDT_Driver_Init</STRONG> (Thumb, 80 bytes, Stack size 16 bytes, wdt_driver.o(.text.SB_WDT_Driver_Init))
<BR><BR>[Stack]<UL><LI>Max Depth = 32<LI>Call Chain = SB_WDT_Driver_Init &rArr; CLK_SetModuleClock
</UL>
<BR>[Calls]<UL><LI><a href="#[c6]">&gt;&gt;</a>&nbsp;&nbsp;&nbsp;WDT_Open
<LI><a href="#[b3]">&gt;&gt;</a>&nbsp;&nbsp;&nbsp;CLK_SetModuleClock
<LI><a href="#[b4]">&gt;&gt;</a>&nbsp;&nbsp;&nbsp;CLK_EnableModuleClock
<LI><a href="#[6d]">&gt;&gt;</a>&nbsp;&nbsp;&nbsp;puts
</UL>
<BR>[Called By]<UL><LI><a href="#[26]">&gt;&gt;</a>&nbsp;&nbsp;&nbsp;main
</UL>

<P><STRONG><a name="[2a]"></a>SIM_EEPROM_READ</STRONG> (Thumb, 30 bytes, Stack size 8 bytes, dataflash_driver.o(.text.SIM_EEPROM_READ))
<BR><BR>[Stack]<UL><LI>Max Depth = 8<LI>Call Chain = SIM_EEPROM_READ
</UL>
<BR>[Calls]<UL><LI><a href="#[c7]">&gt;&gt;</a>&nbsp;&nbsp;&nbsp;FMC_Read
</UL>
<BR>[Called By]<UL><LI><a href="#[c8]">&gt;&gt;</a>&nbsp;&nbsp;&nbsp;SIM_EEPROM_WRITE
<LI><a href="#[69]">&gt;&gt;</a>&nbsp;&nbsp;&nbsp;DataFlash_Master_Init
<LI><a href="#[92]">&gt;&gt;</a>&nbsp;&nbsp;&nbsp;Update_DataFlashDevice_From_PC
<LI><a href="#[90]">&gt;&gt;</a>&nbsp;&nbsp;&nbsp;Update_DataFlash_ModbusConfig_From_PC
<LI><a href="#[8f]">&gt;&gt;</a>&nbsp;&nbsp;&nbsp;Update_DataFlash_ID_From_PC
<LI><a href="#[8d]">&gt;&gt;</a>&nbsp;&nbsp;&nbsp;Update_DataFlash_RFConfig_From_PC
</UL>
<BR>[Address Reference Count : 1]<UL><LI> dataflash_stack.o(.text.DataFlash_Master_Init)
</UL>
<P><STRONG><a name="[c8]"></a>SIM_EEPROM_WRITE</STRONG> (Thumb, 212 bytes, Stack size 552 bytes, dataflash_driver.o(.text.SIM_EEPROM_WRITE))
<BR><BR>[Stack]<UL><LI>Max Depth = 560<LI>Call Chain = SIM_EEPROM_WRITE &rArr; SIM_EEPROM_READ
</UL>
<BR>[Calls]<UL><LI><a href="#[2a]">&gt;&gt;</a>&nbsp;&nbsp;&nbsp;SIM_EEPROM_READ
<LI><a href="#[c9]">&gt;&gt;</a>&nbsp;&nbsp;&nbsp;FMC_Write
<LI><a href="#[c7]">&gt;&gt;</a>&nbsp;&nbsp;&nbsp;FMC_Read
</UL>
<BR>[Called By]<UL><LI><a href="#[92]">&gt;&gt;</a>&nbsp;&nbsp;&nbsp;Update_DataFlashDevice_From_PC
<LI><a href="#[90]">&gt;&gt;</a>&nbsp;&nbsp;&nbsp;Update_DataFlash_ModbusConfig_From_PC
<LI><a href="#[8f]">&gt;&gt;</a>&nbsp;&nbsp;&nbsp;Update_DataFlash_ID_From_PC
<LI><a href="#[8d]">&gt;&gt;</a>&nbsp;&nbsp;&nbsp;Update_DataFlash_RFConfig_From_PC
</UL>

<P><STRONG><a name="[10b]"></a>SPI_Command</STRONG> (Thumb, 24 bytes, Stack size 0 bytes, sx1278_hw.o(.text.SPI_Command))
<BR><BR>[Called By]<UL><LI><a href="#[d3]">&gt;&gt;</a>&nbsp;&nbsp;&nbsp;SX1276ReadBuffer
<LI><a href="#[de]">&gt;&gt;</a>&nbsp;&nbsp;&nbsp;SX1276WriteBuffer
</UL>

<P><STRONG><a name="[fc]"></a>SPI_DisableAutoSS</STRONG> (Thumb, 10 bytes, Stack size 0 bytes, spi.o(.text.SPI_DisableAutoSS))
<BR><BR>[Called By]<UL><LI><a href="#[f7]">&gt;&gt;</a>&nbsp;&nbsp;&nbsp;SX1276InitIO
</UL>

<P><STRONG><a name="[fb]"></a>SPI_EnableAutoSS</STRONG> (Thumb, 18 bytes, Stack size 0 bytes, spi.o(.text.SPI_EnableAutoSS))
<BR><BR>[Called By]<UL><LI><a href="#[f7]">&gt;&gt;</a>&nbsp;&nbsp;&nbsp;SX1276InitIO
</UL>

<P><STRONG><a name="[ca]"></a>SPI_Open</STRONG> (Thumb, 344 bytes, Stack size 24 bytes, spi.o(.text.SPI_Open))
<BR><BR>[Stack]<UL><LI>Max Depth = 64<LI>Call Chain = SPI_Open &rArr; CLK_GetHCLKFreq &rArr; SystemCoreClockUpdate &rArr; __aeabi_uidiv
</UL>
<BR>[Calls]<UL><LI><a href="#[5a]">&gt;&gt;</a>&nbsp;&nbsp;&nbsp;CLK_GetPLLClockFreq
<LI><a href="#[58]">&gt;&gt;</a>&nbsp;&nbsp;&nbsp;CLK_GetHCLKFreq
<LI><a href="#[57]">&gt;&gt;</a>&nbsp;&nbsp;&nbsp;__aeabi_uidiv
</UL>
<BR>[Called By]<UL><LI><a href="#[f7]">&gt;&gt;</a>&nbsp;&nbsp;&nbsp;SX1276InitIO
</UL>

<P><STRONG><a name="[10c]"></a>SPI_Readbyte</STRONG> (Thumb, 28 bytes, Stack size 0 bytes, sx1278_hw.o(.text.SPI_Readbyte))
<BR><BR>[Called By]<UL><LI><a href="#[d3]">&gt;&gt;</a>&nbsp;&nbsp;&nbsp;SX1276ReadBuffer
</UL>

<P><STRONG><a name="[a5]"></a>SX1276CheckLoRaConfigError</STRONG> (Thumb, 48 bytes, Stack size 8 bytes, sx1278-lora.o(.text.SX1276CheckLoRaConfigError))
<BR><BR>[Stack]<UL><LI>Max Depth = 144<LI>Call Chain = SX1276CheckLoRaConfigError &rArr; SX1276LoRaGetRFFrequency &rArr; __aeabi_dmul &rArr; _double_epilogue &rArr; __aeabi_llsr
</UL>
<BR>[Calls]<UL><LI><a href="#[d1]">&gt;&gt;</a>&nbsp;&nbsp;&nbsp;SX1276LoRaGetPayloadLength
<LI><a href="#[d0]">&gt;&gt;</a>&nbsp;&nbsp;&nbsp;SX1276LoRaGetPacketCrcOn
<LI><a href="#[cf]">&gt;&gt;</a>&nbsp;&nbsp;&nbsp;SX1276LoRaGetErrorCoding
<LI><a href="#[ce]">&gt;&gt;</a>&nbsp;&nbsp;&nbsp;SX1276LoRaGetSpreadingFactor
<LI><a href="#[cd]">&gt;&gt;</a>&nbsp;&nbsp;&nbsp;SX1276LoRaGetSignalBandwidth
<LI><a href="#[cc]">&gt;&gt;</a>&nbsp;&nbsp;&nbsp;SX1276LoRaGetRFPower
<LI><a href="#[cb]">&gt;&gt;</a>&nbsp;&nbsp;&nbsp;SX1276LoRaGetRFFrequency
</UL>
<BR>[Called By]<UL><LI><a href="#[a1]">&gt;&gt;</a>&nbsp;&nbsp;&nbsp;Radio_Start
</UL>

<P><STRONG><a name="[d2]"></a>SX1276FskGetBitrate</STRONG> (Thumb, 52 bytes, Stack size 8 bytes, sx1278fsk_misc.o(.text.SX1276FskGetBitrate))
<BR><BR>[Stack]<UL><LI>Max Depth = 80<LI>Call Chain = SX1276FskGetBitrate &rArr; __aeabi_ui2d &rArr; _double_epilogue &rArr; __aeabi_llsr
</UL>
<BR>[Calls]<UL><LI><a href="#[40]">&gt;&gt;</a>&nbsp;&nbsp;&nbsp;__aeabi_ddiv
<LI><a href="#[42]">&gt;&gt;</a>&nbsp;&nbsp;&nbsp;__aeabi_ui2d
<LI><a href="#[43]">&gt;&gt;</a>&nbsp;&nbsp;&nbsp;__aeabi_d2iz
<LI><a href="#[d3]">&gt;&gt;</a>&nbsp;&nbsp;&nbsp;SX1276ReadBuffer
</UL>
<BR>[Called By]<UL><LI><a href="#[8c]">&gt;&gt;</a>&nbsp;&nbsp;&nbsp;SendBackDeviceSettingInfo
</UL>

<P><STRONG><a name="[d4]"></a>SX1276FskGetPacketCrcOn</STRONG> (Thumb, 32 bytes, Stack size 16 bytes, sx1278fsk_misc.o(.text.SX1276FskGetPacketCrcOn))
<BR><BR>[Stack]<UL><LI>Max Depth = 40<LI>Call Chain = SX1276FskGetPacketCrcOn &rArr; SX1276Read &rArr; SX1276ReadBuffer
</UL>
<BR>[Calls]<UL><LI><a href="#[d5]">&gt;&gt;</a>&nbsp;&nbsp;&nbsp;SX1276Read
</UL>
<BR>[Called By]<UL><LI><a href="#[dc]">&gt;&gt;</a>&nbsp;&nbsp;&nbsp;SX1276FskInit
</UL>

<P><STRONG><a name="[da]"></a>SX1276FskGetPacketPayloadSize</STRONG> (Thumb, 48 bytes, Stack size 0 bytes, sx1278-fsk.o(.text.SX1276FskGetPacketPayloadSize))
<BR><BR>[Called By]<UL><LI><a href="#[a7]">&gt;&gt;</a>&nbsp;&nbsp;&nbsp;SX1276FskGetTimeOnAir
<LI><a href="#[e9]">&gt;&gt;</a>&nbsp;&nbsp;&nbsp;SX1276FskProcess
</UL>

<P><STRONG><a name="[d6]"></a>SX1276FskGetPreambleSize</STRONG> (Thumb, 36 bytes, Stack size 16 bytes, sx1278fsk_misc.o(.text.SX1276FskGetPreambleSize))
<BR><BR>[Stack]<UL><LI>Max Depth = 32<LI>Call Chain = SX1276FskGetPreambleSize &rArr; SX1276ReadBuffer
</UL>
<BR>[Calls]<UL><LI><a href="#[d3]">&gt;&gt;</a>&nbsp;&nbsp;&nbsp;SX1276ReadBuffer
</UL>
<BR>[Called By]<UL><LI><a href="#[dc]">&gt;&gt;</a>&nbsp;&nbsp;&nbsp;SX1276FskInit
</UL>

<P><STRONG><a name="[d7]"></a>SX1276FskGetRFFrequency</STRONG> (Thumb, 56 bytes, Stack size 8 bytes, sx1278fsk_misc.o(.text.SX1276FskGetRFFrequency))
<BR><BR>[Stack]<UL><LI>Max Depth = 136<LI>Call Chain = SX1276FskGetRFFrequency &rArr; __aeabi_dmul &rArr; _double_epilogue &rArr; __aeabi_llsr
</UL>
<BR>[Calls]<UL><LI><a href="#[45]">&gt;&gt;</a>&nbsp;&nbsp;&nbsp;__aeabi_d2uiz
<LI><a href="#[42]">&gt;&gt;</a>&nbsp;&nbsp;&nbsp;__aeabi_ui2d
<LI><a href="#[3f]">&gt;&gt;</a>&nbsp;&nbsp;&nbsp;__aeabi_dmul
<LI><a href="#[d3]">&gt;&gt;</a>&nbsp;&nbsp;&nbsp;SX1276ReadBuffer
</UL>
<BR>[Called By]<UL><LI><a href="#[e8]">&gt;&gt;</a>&nbsp;&nbsp;&nbsp;SX1276FskRxCalibrate
<LI><a href="#[8c]">&gt;&gt;</a>&nbsp;&nbsp;&nbsp;SendBackDeviceSettingInfo
</UL>

<P><STRONG><a name="[d8]"></a>SX1276FskGetRFPower</STRONG> (Thumb, 72 bytes, Stack size 16 bytes, sx1278fsk_misc.o(.text.SX1276FskGetRFPower))
<BR><BR>[Stack]<UL><LI>Max Depth = 40<LI>Call Chain = SX1276FskGetRFPower &rArr; SX1276Read &rArr; SX1276ReadBuffer
</UL>
<BR>[Calls]<UL><LI><a href="#[d5]">&gt;&gt;</a>&nbsp;&nbsp;&nbsp;SX1276Read
</UL>
<BR>[Called By]<UL><LI><a href="#[8c]">&gt;&gt;</a>&nbsp;&nbsp;&nbsp;SendBackDeviceSettingInfo
</UL>

<P><STRONG><a name="[d9]"></a>SX1276FskGetRxPacket</STRONG> (Thumb, 20 bytes, Stack size 8 bytes, sx1278-fsk.o(.text.SX1276FskGetRxPacket))
<BR><BR>[Stack]<UL><LI>Max Depth = 8<LI>Call Chain = SX1276FskGetRxPacket
</UL>
<BR>[Calls]<UL><LI><a href="#[4e]">&gt;&gt;</a>&nbsp;&nbsp;&nbsp;__aeabi_memcpy
</UL>
<BR>[Called By]<UL><LI><a href="#[86]">&gt;&gt;</a>&nbsp;&nbsp;&nbsp;SX1276GetRxPacket
</UL>

<P><STRONG><a name="[a7]"></a>SX1276FskGetTimeOnAir</STRONG> (Thumb, 72 bytes, Stack size 16 bytes, sx1278fsk_misc.o(.text.SX1276FskGetTimeOnAir))
<BR><BR>[Stack]<UL><LI>Max Depth = 160<LI>Call Chain = SX1276FskGetTimeOnAir &rArr; round &rArr; __aeabi_dsub &rArr; __aeabi_dadd &rArr; _double_epilogue &rArr; __aeabi_llsr
</UL>
<BR>[Calls]<UL><LI><a href="#[38]">&gt;&gt;</a>&nbsp;&nbsp;&nbsp;__aeabi_dadd
<LI><a href="#[40]">&gt;&gt;</a>&nbsp;&nbsp;&nbsp;__aeabi_ddiv
<LI><a href="#[da]">&gt;&gt;</a>&nbsp;&nbsp;&nbsp;SX1276FskGetPacketPayloadSize
<LI><a href="#[42]">&gt;&gt;</a>&nbsp;&nbsp;&nbsp;__aeabi_ui2d
<LI><a href="#[43]">&gt;&gt;</a>&nbsp;&nbsp;&nbsp;__aeabi_d2iz
<LI><a href="#[3f]">&gt;&gt;</a>&nbsp;&nbsp;&nbsp;__aeabi_dmul
<LI><a href="#[db]">&gt;&gt;</a>&nbsp;&nbsp;&nbsp;round
</UL>
<BR>[Called By]<UL><LI><a href="#[a1]">&gt;&gt;</a>&nbsp;&nbsp;&nbsp;Radio_Start
<LI><a href="#[8c]">&gt;&gt;</a>&nbsp;&nbsp;&nbsp;SendBackDeviceSettingInfo
</UL>

<P><STRONG><a name="[a6]"></a>SX1276FskGetVersion</STRONG> (Thumb, 24 bytes, Stack size 16 bytes, sx1278-fsk.o(.text.SX1276FskGetVersion))
<BR><BR>[Stack]<UL><LI>Max Depth = 40<LI>Call Chain = SX1276FskGetVersion &rArr; SX1276Read &rArr; SX1276ReadBuffer
</UL>
<BR>[Calls]<UL><LI><a href="#[d5]">&gt;&gt;</a>&nbsp;&nbsp;&nbsp;SX1276Read
</UL>
<BR>[Called By]<UL><LI><a href="#[a1]">&gt;&gt;</a>&nbsp;&nbsp;&nbsp;Radio_Start
</UL>

[...]
</UL>

<P><STRONG><a name="[90]"></a>Update_DataFlash_ModbusConfig_From_PC</STRONG> (Thumb, 152 bytes, Stack size 24 bytes, dataflash_stack.o(.text.Update_DataFlash_ModbusConfig_From_PC))
<BR><BR>[Stack]<UL><LI>Max Depth = 584<LI>Call Chain = Update_DataFlash_ModbusConfig_From_PC &rArr; SIM_EEPROM_WRITE &rArr; SIM_EEPROM_READ
</UL>
<BR>[Calls]<UL><LI><a href="#[c8]">&gt;&gt;</a>&nbsp;&nbsp;&nbsp;SIM_EEPROM_WRITE
<LI><a href="#[2a]">&gt;&gt;</a>&nbsp;&nbsp;&nbsp;SIM_EEPROM_READ
</UL>
<BR>[Called By]<UL><LI><a href="#[7d]">&gt;&gt;</a>&nbsp;&nbsp;&nbsp;ProcessCommand
</UL>

<P><STRONG><a name="[8d]"></a>Update_DataFlash_RFConfig_From_PC</STRONG> (Thumb, 184 bytes, Stack size 24 bytes, dataflash_stack.o(.text.Update_DataFlash_RFConfig_From_PC))
<BR><BR>[Stack]<UL><LI>Max Depth = 584<LI>Call Chain = Update_DataFlash_RFConfig_From_PC &rArr; SIM_EEPROM_WRITE &rArr; SIM_EEPROM_READ
</UL>
<BR>[Calls]<UL><LI><a href="#[c8]">&gt;&gt;</a>&nbsp;&nbsp;&nbsp;SIM_EEPROM_WRITE
<LI><a href="#[2a]">&gt;&gt;</a>&nbsp;&nbsp;&nbsp;SIM_EEPROM_READ
</UL>
<BR>[Called By]<UL><LI><a href="#[7d]">&gt;&gt;</a>&nbsp;&nbsp;&nbsp;ProcessCommand
</UL>

<P><STRONG><a name="[7]"></a>WDT_IRQHandler</STRONG> (Thumb, 80 bytes, Stack size 8 bytes, wdt_driver_irq.o(.text.WDT_IRQHandler))
<BR><BR>[Stack]<UL><LI>Max Depth = 24<LI>Call Chain = WDT_IRQHandler &rArr; puts &rArr; fputc
</UL>
<BR>[Calls]<UL><LI><a href="#[6d]">&gt;&gt;</a>&nbsp;&nbsp;&nbsp;puts
</UL>
<BR>[Address Reference Count : 1]<UL><LI> startup_nuc200series.o(RESET)
</UL>
<P><STRONG><a name="[c6]"></a>WDT_Open</STRONG> (Thumb, 24 bytes, Stack size 8 bytes, wdt.o(.text.WDT_Open))
<BR><BR>[Stack]<UL><LI>Max Depth = 8<LI>Call Chain = WDT_Open
</UL>
<BR>[Called By]<UL><LI><a href="#[c5]">&gt;&gt;</a>&nbsp;&nbsp;&nbsp;SB_WDT_Driver_Init
</UL>

<P><STRONG><a name="[95]"></a>compute_checksum</STRONG> (Thumb, 36 bytes, Stack size 16 bytes, usb_stack.o(.text.compute_checksum))
<BR><BR>[Stack]<UL><LI>Max Depth = 16<LI>Call Chain = compute_checksum
</UL>
<BR>[Called By]<UL><LI><a href="#[7d]">&gt;&gt;</a>&nbsp;&nbsp;&nbsp;ProcessCommand
</UL>

<P><STRONG><a name="[61]"></a>crc16</STRONG> (Thumb, 44 bytes, Stack size 16 bytes, crc_modbus.o(.text.crc16))
<BR><BR>[Stack]<UL><LI>Max Depth = 16<LI>Call Chain = crc16
</UL>
<BR>[Called By]<UL><LI><a href="#[5e]">&gt;&gt;</a>&nbsp;&nbsp;&nbsp;Creat_Packet_Request_AESCRC
<LI><a href="#[67]">&gt;&gt;</a>&nbsp;&nbsp;&nbsp;Creat_Packet_Request_CRC
<LI><a href="#[6e]">&gt;&gt;</a>&nbsp;&nbsp;&nbsp;Decode_Packet_Receive_AESCRC
<LI><a href="#[72]">&gt;&gt;</a>&nbsp;&nbsp;&nbsp;Decode_Packet_Receive_CRC
<LI><a href="#[97]">&gt;&gt;</a>&nbsp;&nbsp;&nbsp;SendHMIDataFromMasterToPC
</UL>

<P><STRONG><a name="[31]"></a>fputc</STRONG> (Thumb, 12 bytes, Stack size 8 bytes, retarget.o(.text.fputc))
<BR><BR>[Stack]<UL><LI>Max Depth = 8<LI>Call Chain = fputc
</UL>
<BR>[Calls]<UL><LI><a href="#[11e]">&gt;&gt;</a>&nbsp;&nbsp;&nbsp;SendChar_ToUART
</UL>
<BR>[Called By]<UL><LI><a href="#[6d]">&gt;&gt;</a>&nbsp;&nbsp;&nbsp;puts
</UL>
<BR>[Address Reference Count : 1]<UL><LI> printfa.o(i.__0printf)
</UL>
<P><STRONG><a name="[94]"></a>init_crc16_table</STRONG> (Thumb, 48 bytes, Stack size 16 bytes, usb_stack.o(.text.init_crc16_table))
<BR><BR>[Stack]<UL><LI>Max Depth = 16<LI>Call Chain = init_crc16_table
</UL>
<BR>[Called By]<UL><LI><a href="#[7d]">&gt;&gt;</a>&nbsp;&nbsp;&nbsp;ProcessCommand
</UL>

<P><STRONG><a name="[30]"></a>log_message</STRONG> (Thumb, 48 bytes, Stack size 288 bytes, log.o(.text.log_message))
<BR><BR>[Stack]<UL><LI>Max Depth = 312<LI>Call Chain = log_message &rArr; vsnprintf
</UL>
<BR>[Calls]<UL><LI><a href="#[6d]">&gt;&gt;</a>&nbsp;&nbsp;&nbsp;puts
<LI><a href="#[11f]">&gt;&gt;</a>&nbsp;&nbsp;&nbsp;vsnprintf
</UL>
<BR>[Called By]<UL><LI><a href="#[63]">&gt;&gt;</a>&nbsp;&nbsp;&nbsp;Creat_Packet_Request_AESSHA
<LI><a href="#[68]">&gt;&gt;</a>&nbsp;&nbsp;&nbsp;Creat_Packet_Request_SHA
<LI><a href="#[5e]">&gt;&gt;</a>&nbsp;&nbsp;&nbsp;Creat_Packet_Request_AESCRC
<LI><a href="#[67]">&gt;&gt;</a>&nbsp;&nbsp;&nbsp;Creat_Packet_Request_CRC
<LI><a href="#[6e]">&gt;&gt;</a>&nbsp;&nbsp;&nbsp;Decode_Packet_Receive_AESCRC
<LI><a href="#[70]">&gt;&gt;</a>&nbsp;&nbsp;&nbsp;Decode_Packet_Receive_AESSHA
<LI><a href="#[73]">&gt;&gt;</a>&nbsp;&nbsp;&nbsp;Decode_Packet_Receive_SHA
<LI><a href="#[72]">&gt;&gt;</a>&nbsp;&nbsp;&nbsp;Decode_Packet_Receive_CRC
<LI><a href="#[82]">&gt;&gt;</a>&nbsp;&nbsp;&nbsp;OnMaster
<LI><a href="#[a1]">&gt;&gt;</a>&nbsp;&nbsp;&nbsp;Radio_Start
</UL>
<BR>[Address Reference Count : 1]<UL><LI> rf_transfer.o(.text.Save_Receive_Data_RF_Transfer)
</UL>
<P><STRONG><a name="[26]"></a>main</STRONG> (Thumb, 112 bytes, Stack size 0 bytes, main.o(.text.main))
<BR><BR>[Stack]<UL><LI>Max Depth = 916<LI>Call Chain = main &rArr; OnMaster &rArr; Saban_Mode_RS485 &rArr; Rf_Send_Request_AESSHA &rArr; Creat_Packet_Request_AESSHA &rArr; Sha256Update &rArr; TransformFunction
</UL>
<BR>[Calls]<UL><LI><a href="#[82]">&gt;&gt;</a>&nbsp;&nbsp;&nbsp;OnMaster
<LI><a href="#[a1]">&gt;&gt;</a>&nbsp;&nbsp;&nbsp;Radio_Start
<LI><a href="#[69]">&gt;&gt;</a>&nbsp;&nbsp;&nbsp;DataFlash_Master_Init
<LI><a href="#[2d]">&gt;&gt;</a>&nbsp;&nbsp;&nbsp;GPIO_SetMode
<LI><a href="#[122]">&gt;&gt;</a>&nbsp;&nbsp;&nbsp;All_Led_Off
<LI><a href="#[121]">&gt;&gt;</a>&nbsp;&nbsp;&nbsp;All_Led_ON
<LI><a href="#[120]">&gt;&gt;</a>&nbsp;&nbsp;&nbsp;SB_Master_GPIO_Init
<LI><a href="#[c1]">&gt;&gt;</a>&nbsp;&nbsp;&nbsp;SB_Usb_Driver_Init
<LI><a href="#[bf]">&gt;&gt;</a>&nbsp;&nbsp;&nbsp;SB_Timer_Driver_Init
<LI><a href="#[c5]">&gt;&gt;</a>&nbsp;&nbsp;&nbsp;SB_WDT_Driver_Init
<LI><a href="#[b2]">&gt;&gt;</a>&nbsp;&nbsp;&nbsp;SB_SPI_Driver_Init
<LI><a href="#[c0]">&gt;&gt;</a>&nbsp;&nbsp;&nbsp;SB_Uart_Driver_Init
<LI><a href="#[b5]">&gt;&gt;</a>&nbsp;&nbsp;&nbsp;SB_SYS_Init
</UL>
<BR>[Address Reference Count : 1]<UL><LI> entry9a.o(.ARM.Collect$$$$0000000B)
</UL>
<P><STRONG><a name="[81]"></a>rbPush</STRONG> (Thumb, 34 bytes, Stack size 8 bytes, ringbuffer.o(.text.rbPush))
<BR><BR>[Stack]<UL><LI>Max Depth = 8<LI>Call Chain = rbPush
</UL>
<BR>[Called By]<UL><LI><a href="#[80]">&gt;&gt;</a>&nbsp;&nbsp;&nbsp;Modbus_Master_Rece_Handler
</UL>

<P><STRONG><a name="[96]"></a>save_user_pass_to_byte_array</STRONG> (Thumb, 42 bytes, Stack size 8 bytes, usb_stack.o(.text.save_user_pass_to_byte_array))
<BR><BR>[Stack]<UL><LI>Max Depth = 8<LI>Call Chain = save_user_pass_to_byte_array
</UL>
<BR>[Called By]<UL><LI><a href="#[7d]">&gt;&gt;</a>&nbsp;&nbsp;&nbsp;ProcessCommand
</UL>

<P><STRONG><a name="[123]"></a>__0printf</STRONG> (Thumb, 24 bytes, Stack size 24 bytes, printfa.o(i.__0printf), UNUSED)
<BR><BR>[Calls]<UL><LI><a href="#[124]">&gt;&gt;</a>&nbsp;&nbsp;&nbsp;_printf_core
</UL>

<P><STRONG><a name="[141]"></a>__1printf</STRONG> (Thumb, 0 bytes, Stack size 24 bytes, printfa.o(i.__0printf), UNUSED)

<P><STRONG><a name="[2b]"></a>__2printf</STRONG> (Thumb, 0 bytes, Stack size 24 bytes, printfa.o(i.__0printf))
<BR><BR>[Stack]<UL><LI>Max Depth = 24<LI>Call Chain = __2printf
</UL>
<BR>[Called By]<UL><LI><a href="#[69]">&gt;&gt;</a>&nbsp;&nbsp;&nbsp;DataFlash_Master_Init
<LI><a href="#[92]">&gt;&gt;</a>&nbsp;&nbsp;&nbsp;Update_DataFlashDevice_From_PC
</UL>
<BR>[Address Reference Count : 2]<UL><LI> rf_transfer.o(.text.Decode_Packet_Receive_AESSHA)
<LI> retarget.o(.text.Hard_Fault_Handler)
</UL>
<P><STRONG><a name="[142]"></a>__c89printf</STRONG> (Thumb, 0 bytes, Stack size 24 bytes, printfa.o(i.__0printf), UNUSED)

<P><STRONG><a name="[143]"></a>printf</STRONG> (Thumb, 0 bytes, Stack size 24 bytes, printfa.o(i.__0printf), UNUSED)

<P><STRONG><a name="[125]"></a>__0vsnprintf</STRONG> (Thumb, 44 bytes, Stack size 24 bytes, printfa.o(i.__0vsnprintf), UNUSED)
<BR><BR>[Calls]<UL><LI><a href="#[124]">&gt;&gt;</a>&nbsp;&nbsp;&nbsp;_printf_core
</UL>

<P><STRONG><a name="[144]"></a>__1vsnprintf</STRONG> (Thumb, 0 bytes, Stack size 24 bytes, printfa.o(i.__0vsnprintf), UNUSED)

<P><STRONG><a name="[145]"></a>__2vsnprintf</STRONG> (Thumb, 0 bytes, Stack size 24 bytes, printfa.o(i.__0vsnprintf), UNUSED)

<P><STRONG><a name="[146]"></a>__c89vsnprintf</STRONG> (Thumb, 0 bytes, Stack size 24 bytes, printfa.o(i.__0vsnprintf), UNUSED)

<P><STRONG><a name="[11f]"></a>vsnprintf</STRONG> (Thumb, 0 bytes, Stack size 24 bytes, printfa.o(i.__0vsnprintf))
<BR><BR>[Stack]<UL><LI>Max Depth = 24<LI>Call Chain = vsnprintf
</UL>
<BR>[Called By]<UL><LI><a href="#[30]">&gt;&gt;</a>&nbsp;&nbsp;&nbsp;log_message
</UL>

<P><STRONG><a name="[49]"></a>__ARM_clz</STRONG> (Thumb, 46 bytes, Stack size 0 bytes, depilogue.o(i.__ARM_clz))
<BR><BR>[Called By]<UL><LI><a href="#[3b]">&gt;&gt;</a>&nbsp;&nbsp;&nbsp;_double_epilogue
</UL>

<P><STRONG><a name="[126]"></a>__mathlib_dbl_overflow</STRONG> (Thumb, 16 bytes, Stack size 8 bytes, dunder.o(i.__mathlib_dbl_overflow))
<BR><BR>[Stack]<UL><LI>Max Depth = 24<LI>Call Chain = __mathlib_dbl_overflow &rArr; __ARM_scalbn
</UL>
<BR>[Calls]<UL><LI><a href="#[127]">&gt;&gt;</a>&nbsp;&nbsp;&nbsp;__ARM_scalbn
</UL>
<BR>[Called By]<UL><LI><a href="#[f1]">&gt;&gt;</a>&nbsp;&nbsp;&nbsp;ldexp
</UL>

<P><STRONG><a name="[128]"></a>__mathlib_dbl_underflow</STRONG> (Thumb, 14 bytes, Stack size 8 bytes, dunder.o(i.__mathlib_dbl_underflow))
<BR><BR>[Stack]<UL><LI>Max Depth = 24<LI>Call Chain = __mathlib_dbl_underflow &rArr; __ARM_scalbn
</UL>
<BR>[Calls]<UL><LI><a href="#[127]">&gt;&gt;</a>&nbsp;&nbsp;&nbsp;__ARM_scalbn
</UL>
<BR>[Called By]<UL><LI><a href="#[f1]">&gt;&gt;</a>&nbsp;&nbsp;&nbsp;ldexp
</UL>

<P><STRONG><a name="[147]"></a>__scatterload_copy</STRONG> (Thumb, 14 bytes, Stack size unknown bytes, handlers.o(i.__scatterload_copy), UNUSED)

<P><STRONG><a name="[148]"></a>__scatterload_null</STRONG> (Thumb, 2 bytes, Stack size unknown bytes, handlers.o(i.__scatterload_null), UNUSED)

<P><STRONG><a name="[149]"></a>__scatterload_zeroinit</STRONG> (Thumb, 14 bytes, Stack size unknown bytes, handlers.o(i.__scatterload_zeroinit), UNUSED)

<P><STRONG><a name="[12e]"></a>__set_errno</STRONG> (Thumb, 6 bytes, Stack size 0 bytes, errno.o(i.__set_errno))
<BR><BR>[Called By]<UL><LI><a href="#[f1]">&gt;&gt;</a>&nbsp;&nbsp;&nbsp;ldexp
</UL>

<P><STRONG><a name="[f1]"></a>ldexp</STRONG> (Thumb, 112 bytes, Stack size 16 bytes, ldexp.o(i.ldexp))
<BR><BR>[Stack]<UL><LI>Max Depth = 40<LI>Call Chain = ldexp &rArr; __mathlib_dbl_underflow &rArr; __ARM_scalbn
</UL>
<BR>[Calls]<UL><LI><a href="#[12d]">&gt;&gt;</a>&nbsp;&nbsp;&nbsp;__aeabi_cdcmpeq
<LI><a href="#[127]">&gt;&gt;</a>&nbsp;&nbsp;&nbsp;__ARM_scalbn
<LI><a href="#[12e]">&gt;&gt;</a>&nbsp;&nbsp;&nbsp;__set_errno
<LI><a href="#[128]">&gt;&gt;</a>&nbsp;&nbsp;&nbsp;__mathlib_dbl_underflow
<LI><a href="#[126]">&gt;&gt;</a>&nbsp;&nbsp;&nbsp;__mathlib_dbl_overflow
</UL>
<BR>[Called By]<UL><LI><a href="#[e0]">&gt;&gt;</a>&nbsp;&nbsp;&nbsp;SX1276FskSetDccBw
</UL>

<P><STRONG><a name="[6d]"></a>puts</STRONG> (Thumb, 28 bytes, Stack size 8 bytes, puts.o(i.puts))
<BR><BR>[Stack]<UL><LI>Max Depth = 16<LI>Call Chain = puts &rArr; fputc
</UL>
<BR>[Calls]<UL><LI><a href="#[31]">&gt;&gt;</a>&nbsp;&nbsp;&nbsp;fputc
</UL>
<BR>[Called By]<UL><LI><a href="#[2c]">&gt;&gt;</a>&nbsp;&nbsp;&nbsp;Hard_Fault_Handler
<LI><a href="#[30]">&gt;&gt;</a>&nbsp;&nbsp;&nbsp;log_message
<LI><a href="#[7]">&gt;&gt;</a>&nbsp;&nbsp;&nbsp;WDT_IRQHandler
<LI><a href="#[6b]">&gt;&gt;</a>&nbsp;&nbsp;&nbsp;SetDataFlashBase
<LI><a href="#[69]">&gt;&gt;</a>&nbsp;&nbsp;&nbsp;DataFlash_Master_Init
<LI><a href="#[c5]">&gt;&gt;</a>&nbsp;&nbsp;&nbsp;SB_WDT_Driver_Init
</UL>

<P><STRONG><a name="[db]"></a>round</STRONG> (Thumb, 142 bytes, Stack size 32 bytes, round.o(i.round))
<BR><BR>[Stack]<UL><LI>Max Depth = 144<LI>Call Chain = round &rArr; __aeabi_dsub &rArr; __aeabi_dadd &rArr; _double_epilogue &rArr; __aeabi_llsr
</UL>
<BR>[Calls]<UL><LI><a href="#[3d]">&gt;&gt;</a>&nbsp;&nbsp;&nbsp;__aeabi_dsub
<LI><a href="#[38]">&gt;&gt;</a>&nbsp;&nbsp;&nbsp;__aeabi_dadd
<LI><a href="#[4a]">&gt;&gt;</a>&nbsp;&nbsp;&nbsp;_drnd
<LI><a href="#[12a]">&gt;&gt;</a>&nbsp;&nbsp;&nbsp;__aeabi_cdrcmple
<LI><a href="#[12f]">&gt;&gt;</a>&nbsp;&nbsp;&nbsp;__aeabi_cdcmple
</UL>
<BR>[Called By]<UL><LI><a href="#[a7]">&gt;&gt;</a>&nbsp;&nbsp;&nbsp;SX1276FskGetTimeOnAir
<LI><a href="#[e9]">&gt;&gt;</a>&nbsp;&nbsp;&nbsp;SX1276FskProcess
</UL>
<P>
<H3>
Local Symbols
</H3>
<P><STRONG><a name="[24]"></a>Default_Handler</STRONG> (Thumb, 2 bytes, Stack size 0 bytes, startup_nuc200series.o(.text))
<BR><BR>[Calls]<UL><LI><a href="#[24]">&gt;&gt;</a>&nbsp;&nbsp;&nbsp;Default_Handler
</UL>
<BR>[Called By]<UL><LI><a href="#[24]">&gt;&gt;</a>&nbsp;&nbsp;&nbsp;Default_Handler
</UL>
<BR>[Address Reference Count : 1]<UL><LI> startup_nuc200series.o(RESET)
</UL>
<P><STRONG><a name="[c7]"></a>FMC_Read</STRONG> (Thumb, 28 bytes, Stack size 0 bytes, dataflash_driver.o(.text.FMC_Read))
<BR><BR>[Called By]<UL><LI><a href="#[c8]">&gt;&gt;</a>&nbsp;&nbsp;&nbsp;SIM_EEPROM_WRITE
<LI><a href="#[2a]">&gt;&gt;</a>&nbsp;&nbsp;&nbsp;SIM_EEPROM_READ
</UL>

<P><STRONG><a name="[c9]"></a>FMC_Write</STRONG> (Thumb, 28 bytes, Stack size 0 bytes, dataflash_driver.o(.text.FMC_Write))
<BR><BR>[Called By]<UL><LI><a href="#[c8]">&gt;&gt;</a>&nbsp;&nbsp;&nbsp;SIM_EEPROM_WRITE
</UL>

<P><STRONG><a name="[7c]"></a>USBD_SetStall</STRONG> (Thumb, 32 bytes, Stack size 8 bytes, hid_transfer.o(.text.USBD_SetStall))
<BR><BR>[Stack]<UL><LI>Max Depth = 8<LI>Call Chain = USBD_SetStall
</UL>
<BR>[Called By]<UL><LI><a href="#[2e]">&gt;&gt;</a>&nbsp;&nbsp;&nbsp;HID_ClassRequest
</UL>

<P><STRONG><a name="[77]"></a>FMC_Read</STRONG> (Thumb, 28 bytes, Stack size 0 bytes, fmc.o(.text.FMC_Read))
<BR><BR>[Called By]<UL><LI><a href="#[78]">&gt;&gt;</a>&nbsp;&nbsp;&nbsp;FMC_WriteConfig
<LI><a href="#[76]">&gt;&gt;</a>&nbsp;&nbsp;&nbsp;FMC_ReadConfig
</UL>

<P><STRONG><a name="[5a]"></a>CLK_GetPLLClockFreq</STRONG> (Thumb, 68 bytes, Stack size 8 bytes, spi.o(.text.CLK_GetPLLClockFreq))
<BR><BR>[Stack]<UL><LI>Max Depth = 24<LI>Call Chain = CLK_GetPLLClockFreq &rArr; __aeabi_uidiv
</UL>
<BR>[Calls]<UL><LI><a href="#[57]">&gt;&gt;</a>&nbsp;&nbsp;&nbsp;__aeabi_uidiv
</UL>
<BR>[Called By]<UL><LI><a href="#[ca]">&gt;&gt;</a>&nbsp;&nbsp;&nbsp;SPI_Open
</UL>

<P><STRONG><a name="[117]"></a>USBD_MemCopy</STRONG> (Thumb, 18 bytes, Stack size 0 bytes, usbd.o(.text.USBD_MemCopy))
<BR><BR>[Calls]<UL><LI><a href="#[117]">&gt;&gt;</a>&nbsp;&nbsp;&nbsp;USBD_MemCopy
</UL>
<BR>[Called By]<UL><LI><a href="#[7a]">&gt;&gt;</a>&nbsp;&nbsp;&nbsp;USBD_PrepareCtrlIn
<LI><a href="#[79]">&gt;&gt;</a>&nbsp;&nbsp;&nbsp;USBD_GetSetupPacket
<LI><a href="#[118]">&gt;&gt;</a>&nbsp;&nbsp;&nbsp;USBD_CtrlOut
<LI><a href="#[116]">&gt;&gt;</a>&nbsp;&nbsp;&nbsp;USBD_CtrlIn
<LI><a href="#[11b]">&gt;&gt;</a>&nbsp;&nbsp;&nbsp;USBD_ProcessSetupPacket
<LI><a href="#[117]">&gt;&gt;</a>&nbsp;&nbsp;&nbsp;USBD_MemCopy
</UL>

<P><STRONG><a name="[111]"></a>USBD_MemCopy</STRONG> (Thumb, 16 bytes, Stack size 0 bytes, usb_stack.o(.text.USBD_MemCopy))
<BR><BR>[Called By]<UL><LI><a href="#[97]">&gt;&gt;</a>&nbsp;&nbsp;&nbsp;SendHMIDataFromMasterToPC
<LI><a href="#[8e]">&gt;&gt;</a>&nbsp;&nbsp;&nbsp;SendBackDevicesStatus
<LI><a href="#[93]">&gt;&gt;</a>&nbsp;&nbsp;&nbsp;SendBackClientSettingInfo
<LI><a href="#[91]">&gt;&gt;</a>&nbsp;&nbsp;&nbsp;SendBack
<LI><a href="#[8c]">&gt;&gt;</a>&nbsp;&nbsp;&nbsp;SendBackDeviceSettingInfo
</UL>

<P><STRONG><a name="[9f]"></a>CLK_SysTickDelay</STRONG> (Thumb, 32 bytes, Stack size 0 bytes, usb_stack.o(.text.CLK_SysTickDelay))
<BR><BR>[Called By]<UL><LI><a href="#[7d]">&gt;&gt;</a>&nbsp;&nbsp;&nbsp;ProcessCommand
</UL>

<P><STRONG><a name="[10e]"></a>CLK_SysTickDelay</STRONG> (Thumb, 28 bytes, Stack size 0 bytes, sx1278.o(.text.CLK_SysTickDelay))
<BR><BR>[Called By]<UL><LI><a href="#[f8]">&gt;&gt;</a>&nbsp;&nbsp;&nbsp;SX1276Reset
</UL>

<P><STRONG><a name="[54]"></a>KeyExpansion</STRONG> (Thumb, 132 bytes, Stack size 28 bytes, aes.o(.text.KeyExpansion))
<BR><BR>[Stack]<UL><LI>Max Depth = 28<LI>Call Chain = KeyExpansion
</UL>
<BR>[Called By]<UL><LI><a href="#[53]">&gt;&gt;</a>&nbsp;&nbsp;&nbsp;AES_init_ctx_iv
</UL>

<P><STRONG><a name="[52]"></a>Cipher</STRONG> (Thumb, 268 bytes, Stack size 64 bytes, aes.o(.text.Cipher))
<BR><BR>[Stack]<UL><LI>Max Depth = 80<LI>Call Chain = Cipher &rArr; AddRoundKey
</UL>
<BR>[Calls]<UL><LI><a href="#[5d]">&gt;&gt;</a>&nbsp;&nbsp;&nbsp;AddRoundKey
</UL>
<BR>[Called By]<UL><LI><a href="#[51]">&gt;&gt;</a>&nbsp;&nbsp;&nbsp;AES_CBC_encrypt_buffer
</UL>

<P><STRONG><a name="[5d]"></a>AddRoundKey</STRONG> (Thumb, 40 bytes, Stack size 16 bytes, aes.o(.text.AddRoundKey))
<BR><BR>[Stack]<UL><LI>Max Depth = 16<LI>Call Chain = AddRoundKey
</UL>
<BR>[Called By]<UL><LI><a href="#[4f]">&gt;&gt;</a>&nbsp;&nbsp;&nbsp;InvCipher
<LI><a href="#[52]">&gt;&gt;</a>&nbsp;&nbsp;&nbsp;Cipher
</UL>

<P><STRONG><a name="[29]"></a>xtime</STRONG> (Thumb, 16 bytes, Stack size 0 bytes, aes.o(.text.xtime))
<BR>[Address Reference Count : 1]<UL><LI> aes.o(.text.Cipher)
</UL>
<P><STRONG><a name="[4f]"></a>InvCipher</STRONG> (Thumb, 468 bytes, Stack size 96 bytes, aes.o(.text.InvCipher))
<BR><BR>[Stack]<UL><LI>Max Depth = 112<LI>Call Chain = InvCipher &rArr; AddRoundKey
</UL>
<BR>[Calls]<UL><LI><a href="#[5d]">&gt;&gt;</a>&nbsp;&nbsp;&nbsp;AddRoundKey
</UL>
<BR>[Called By]<UL><LI><a href="#[4d]">&gt;&gt;</a>&nbsp;&nbsp;&nbsp;AES_CBC_decrypt_buffer
</UL>

<P><STRONG><a name="[50]"></a>XorWithIv</STRONG> (Thumb, 22 bytes, Stack size 8 bytes, aes.o(.text.XorWithIv))
<BR><BR>[Stack]<UL><LI>Max Depth = 8<LI>Call Chain = XorWithIv
</UL>
<BR>[Called By]<UL><LI><a href="#[4d]">&gt;&gt;</a>&nbsp;&nbsp;&nbsp;AES_CBC_decrypt_buffer
<LI><a href="#[51]">&gt;&gt;</a>&nbsp;&nbsp;&nbsp;AES_CBC_encrypt_buffer
</UL>

<P><STRONG><a name="[113]"></a>TransformFunction</STRONG> (Thumb, 340 bytes, Stack size 340 bytes, sha.o(.text.TransformFunction))
<BR><BR>[Stack]<UL><LI>Max Depth = 340<LI>Call Chain = TransformFunction
</UL>
<BR>[Called By]<UL><LI><a href="#[66]">&gt;&gt;</a>&nbsp;&nbsp;&nbsp;Sha256Finalise
<LI><a href="#[65]">&gt;&gt;</a>&nbsp;&nbsp;&nbsp;Sha256Update
</UL>

<P><STRONG><a name="[129]"></a>_fp_digits</STRONG> (Thumb, 344 bytes, Stack size 64 bytes, printfa.o(i._fp_digits), UNUSED)
<BR><BR>[Calls]<UL><LI><a href="#[38]">&gt;&gt;</a>&nbsp;&nbsp;&nbsp;__aeabi_dadd
<LI><a href="#[40]">&gt;&gt;</a>&nbsp;&nbsp;&nbsp;__aeabi_ddiv
<LI><a href="#[3f]">&gt;&gt;</a>&nbsp;&nbsp;&nbsp;__aeabi_dmul
<LI><a href="#[12a]">&gt;&gt;</a>&nbsp;&nbsp;&nbsp;__aeabi_cdrcmple
<LI><a href="#[48]">&gt;&gt;</a>&nbsp;&nbsp;&nbsp;__aeabi_uldivmod
<LI><a href="#[4b]">&gt;&gt;</a>&nbsp;&nbsp;&nbsp;__aeabi_d2ulz
</UL>
<BR>[Called By]<UL><LI><a href="#[124]">&gt;&gt;</a>&nbsp;&nbsp;&nbsp;_printf_core
</UL>

<P><STRONG><a name="[124]"></a>_printf_core</STRONG> (Thumb, 1754 bytes, Stack size 128 bytes, printfa.o(i._printf_core), UNUSED)
<BR><BR>[Calls]<UL><LI><a href="#[48]">&gt;&gt;</a>&nbsp;&nbsp;&nbsp;__aeabi_uldivmod
<LI><a href="#[47]">&gt;&gt;</a>&nbsp;&nbsp;&nbsp;__aeabi_uidivmod
<LI><a href="#[12b]">&gt;&gt;</a>&nbsp;&nbsp;&nbsp;_printf_pre_padding
<LI><a href="#[12c]">&gt;&gt;</a>&nbsp;&nbsp;&nbsp;_printf_post_padding
<LI><a href="#[129]">&gt;&gt;</a>&nbsp;&nbsp;&nbsp;_fp_digits
</UL>
<BR>[Called By]<UL><LI><a href="#[125]">&gt;&gt;</a>&nbsp;&nbsp;&nbsp;__0vsnprintf
<LI><a href="#[123]">&gt;&gt;</a>&nbsp;&nbsp;&nbsp;__0printf
</UL>

<P><STRONG><a name="[12c]"></a>_printf_post_padding</STRONG> (Thumb, 32 bytes, Stack size 24 bytes, printfa.o(i._printf_post_padding), UNUSED)
<BR><BR>[Called By]<UL><LI><a href="#[124]">&gt;&gt;</a>&nbsp;&nbsp;&nbsp;_printf_core
</UL>

<P><STRONG><a name="[12b]"></a>_printf_pre_padding</STRONG> (Thumb, 44 bytes, Stack size 40 bytes, printfa.o(i._printf_pre_padding), UNUSED)
<BR><BR>[Called By]<UL><LI><a href="#[124]">&gt;&gt;</a>&nbsp;&nbsp;&nbsp;_printf_core
</UL>

<P><STRONG><a name="[32]"></a>_snputc</STRONG> (Thumb, 22 bytes, Stack size 0 bytes, printfa.o(i._snputc))
<BR>[Address Reference Count : 1]<UL><LI> printfa.o(i.__0vsnprintf)
</UL><P>
<H3>
Undefined Global Symbols
</H3><HR></body></html>
