<!doctype html public "-//w3c//dtd html 4.0 transitional//en">
<html><head>
<title>Static Call Graph - [.\Objects\SabanWi_Master.axf]</title></head>
<body><HR>
<H1>Static Call Graph for image .\Objects\SabanWi_Master.axf</H1><HR>
<BR><P>#&#060CALLGRAPH&#062# ARM Linker, 6220000: Last Updated: Wed Sep 25 16:54:05 2024
<BR><P>
<H3>Maximum Stack Usage =       1036 bytes + Unknown(Cycles, Untraceable Function Pointers)</H3><H3>
Call chain for Maximum Stack Depth:</H3>
main &rArr; OnMaster &rArr; Saban_Mode_RS485 &rArr; Rf_Send_Request_AESSHA &rArr; Creat_Packet_Request_AESSHA &rArr; Sha256Update &rArr; TransformFunction
<P>
<H3>
Mutually Recursive functions
</H3> <LI><a href="#[b]">NMI_Handler</a>&nbsp;&nbsp;&nbsp;&rArr;&nbsp;&nbsp;&nbsp;<a href="#[b]">NMI_Handler</a><BR>
 <LI><a href="#[d]">SVC_Handler</a>&nbsp;&nbsp;&nbsp;&rArr;&nbsp;&nbsp;&nbsp;<a href="#[d]">SVC_Handler</a><BR>
 <LI><a href="#[e]">PendSV_Handler</a>&nbsp;&nbsp;&nbsp;&rArr;&nbsp;&nbsp;&nbsp;<a href="#[e]">PendSV_Handler</a><BR>
 <LI><a href="#[f]">SysTick_Handler</a>&nbsp;&nbsp;&nbsp;&rArr;&nbsp;&nbsp;&nbsp;<a href="#[f]">SysTick_Handler</a><BR>
 <LI><a href="#[d3]">USBD_MemCopy</a>&nbsp;&nbsp;&nbsp;&rArr;&nbsp;&nbsp;&nbsp;<a href="#[d3]">USBD_MemCopy</a><BR>
 <LI><a href="#[2e]">Default_Handler</a>&nbsp;&nbsp;&nbsp;&rArr;&nbsp;&nbsp;&nbsp;<a href="#[2e]">Default_Handler</a><BR>
</UL>
<P>
<H3>
Function Pointers
</H3><UL>
 <LI><a href="#[29]">ACMP_IRQHandler</a> from startup_nuc200series.o(.text) referenced from startup_nuc200series.o(RESET)
 <LI><a href="#[2d]">ADC_IRQHandler</a> from startup_nuc200series.o(.text) referenced from startup_nuc200series.o(RESET)
 <LI><a href="#[10]">BOD_IRQHandler</a> from startup_nuc200series.o(.text) referenced from startup_nuc200series.o(RESET)
 <LI><a href="#[24]">CAN0_IRQHandler</a> from startup_nuc200series.o(.text) referenced from startup_nuc200series.o(RESET)
 <LI><a href="#[25]">CAN1_IRQHandler</a> from startup_nuc200series.o(.text) referenced from startup_nuc200series.o(RESET)
 <LI><a href="#[2e]">Default_Handler</a> from startup_nuc200series.o(.text) referenced from startup_nuc200series.o(RESET)
 <LI><a href="#[12]">EINT0_IRQHandler</a> from startup_nuc200series.o(.text) referenced from startup_nuc200series.o(RESET)
 <LI><a href="#[13]">EINT1_IRQHandler</a> from startup_nuc200series.o(.text) referenced from startup_nuc200series.o(RESET)
 <LI><a href="#[14]">GPAB_IRQHandler</a> from startup_nuc200series.o(.text) referenced from startup_nuc200series.o(RESET)
 <LI><a href="#[15]">GPCDEF_IRQHandler</a> from startup_nuc200series.o(.text) referenced from startup_nuc200series.o(RESET)
 <LI><a href="#[34]">GPIO_SetMode</a> from gpio.o(.text) referenced 2 times from gpio_driver.o(.text)
 <LI><a href="#[33]">HID_ClassRequest</a> from hid_transfer.o(.text) referenced from usb_driver.o(.text)
 <LI><a href="#[c]">HardFault_Handler</a> from retarget.o(.text) referenced from startup_nuc200series.o(RESET)
 <LI><a href="#[37]">Hard_Fault_Handler</a> from retarget.o(.text) referenced from retarget.o(.text)
 <LI><a href="#[22]">I2C0_IRQHandler</a> from startup_nuc200series.o(.text) referenced from startup_nuc200series.o(RESET)
 <LI><a href="#[23]">I2C1_IRQHandler</a> from startup_nuc200series.o(.text) referenced from startup_nuc200series.o(RESET)
 <LI><a href="#[2b]">I2S_IRQHandler</a> from startup_nuc200series.o(.text) referenced from startup_nuc200series.o(RESET)
 <LI><a href="#[b]">NMI_Handler</a> from startup_nuc200series.o(.text) referenced from startup_nuc200series.o(RESET)
 <LI><a href="#[2a]">PDMA_IRQHandler</a> from startup_nuc200series.o(.text) referenced from startup_nuc200series.o(RESET)
 <LI><a href="#[28]">PS2_IRQHandler</a> from startup_nuc200series.o(.text) referenced from startup_nuc200series.o(RESET)
 <LI><a href="#[16]">PWMA_IRQHandler</a> from startup_nuc200series.o(.text) referenced from startup_nuc200series.o(RESET)
 <LI><a href="#[17]">PWMB_IRQHandler</a> from startup_nuc200series.o(.text) referenced from startup_nuc200series.o(RESET)
 <LI><a href="#[2c]">PWRWU_IRQHandler</a> from startup_nuc200series.o(.text) referenced from startup_nuc200series.o(RESET)
 <LI><a href="#[e]">PendSV_Handler</a> from startup_nuc200series.o(.text) referenced from startup_nuc200series.o(RESET)
 <LI><a href="#[2f]">RTC_IRQHandler</a> from startup_nuc200series.o(.text) referenced from startup_nuc200series.o(RESET)
 <LI><a href="#[a]">Reset_Handler</a> from startup_nuc200series.o(.text) referenced from startup_nuc200series.o(RESET)
 <LI><a href="#[26]">SC012_IRQHandler</a> from startup_nuc200series.o(.text) referenced from startup_nuc200series.o(RESET)
 <LI><a href="#[38]">SIM_EEPROM_READ</a> from dataflash_driver.o(.text) referenced from dataflash_stack.o(.text)
 <LI><a href="#[1e]">SPI0_IRQHandler</a> from startup_nuc200series.o(.text) referenced from startup_nuc200series.o(RESET)
 <LI><a href="#[1f]">SPI1_IRQHandler</a> from startup_nuc200series.o(.text) referenced from startup_nuc200series.o(RESET)
 <LI><a href="#[20]">SPI2_IRQHandler</a> from startup_nuc200series.o(.text) referenced from startup_nuc200series.o(RESET)
 <LI><a href="#[21]">SPI3_IRQHandler</a> from startup_nuc200series.o(.text) referenced from startup_nuc200series.o(RESET)
 <LI><a href="#[d]">SVC_Handler</a> from startup_nuc200series.o(.text) referenced from startup_nuc200series.o(RESET)
 <LI><a href="#[39]">SX1276Write</a> from sx1278_hw.o(.text) referenced 3 times from sx1278-fsk.o(.text)
 <LI><a href="#[f]">SysTick_Handler</a> from startup_nuc200series.o(.text) referenced from startup_nuc200series.o(RESET)
 <LI><a href="#[31]">SystemInit</a> from system_nuc200series.o(.text) referenced from startup_nuc200series.o(.text)
 <LI><a href="#[18]">TMR0_IRQHandler</a> from timer_driver_irq.o(.text) referenced from startup_nuc200series.o(RESET)
 <LI><a href="#[19]">TMR1_IRQHandler</a> from timer_driver_irq.o(.text) referenced from startup_nuc200series.o(RESET)
 <LI><a href="#[1a]">TMR2_IRQHandler</a> from timer_driver_irq.o(.text) referenced from startup_nuc200series.o(RESET)
 <LI><a href="#[1b]">TMR3_IRQHandler</a> from timer_driver_irq.o(.text) referenced from startup_nuc200series.o(RESET)
 <LI><a href="#[1c]">UART02_IRQHandler</a> from startup_nuc200series.o(.text) referenced from startup_nuc200series.o(RESET)
 <LI><a href="#[1d]">UART1_IRQHandler</a> from uart_driver_irq.o(.text) referenced from startup_nuc200series.o(RESET)
 <LI><a href="#[27]">USBD_IRQHandler</a> from hid_transfer.o(.text) referenced from startup_nuc200series.o(RESET)
 <LI><a href="#[11]">WDT_IRQHandler</a> from wdt_driver_irq.o(.text) referenced from startup_nuc200series.o(RESET)
 <LI><a href="#[36]">__2printf</a> from printfa.o(i.__0printf) referenced 2 times from rf_transfer.o(.text)
 <LI><a href="#[32]">__main</a> from entry.o(.ARM.Collect$$$$00000000) referenced from startup_nuc200series.o(.text)
 <LI><a href="#[3f]">_snputc</a> from printfa.o(i._snputc) referenced from printfa.o(i.__0vsnprintf)
 <LI><a href="#[6]">eMBFuncReadCoils</a> from mbfunccoils.o(.text) referenced 2 times from mb.o(.data.xFuncHandlers)
 <LI><a href="#[9]">eMBFuncReadDiscreteInputs</a> from mbfuncdisc.o(.text) referenced 2 times from mb.o(.data.xFuncHandlers)
 <LI><a href="#[2]">eMBFuncReadHoldingRegister</a> from mbfuncholding.o(.text) referenced 2 times from mb.o(.data.xFuncHandlers)
 <LI><a href="#[1]">eMBFuncReadInputRegister</a> from mbfuncinput.o(.text) referenced 2 times from mb.o(.data.xFuncHandlers)
 <LI><a href="#[5]">eMBFuncReadWriteMultipleHoldingRegister</a> from mbfuncholding.o(.text) referenced 2 times from mb.o(.data.xFuncHandlers)
 <LI><a href="#[0]">eMBFuncReportSlaveID</a> from mbfuncother.o(.text) referenced 2 times from mb.o(.data.xFuncHandlers)
 <LI><a href="#[7]">eMBFuncWriteCoil</a> from mbfunccoils.o(.text) referenced 2 times from mb.o(.data.xFuncHandlers)
 <LI><a href="#[4]">eMBFuncWriteHoldingRegister</a> from mbfuncholding.o(.text) referenced 2 times from mb.o(.data.xFuncHandlers)
 <LI><a href="#[8]">eMBFuncWriteMultipleCoils</a> from mbfunccoils.o(.text) referenced 2 times from mb.o(.data.xFuncHandlers)
 <LI><a href="#[3]">eMBFuncWriteMultipleHoldingRegister</a> from mbfuncholding.o(.text) referenced 2 times from mb.o(.data.xFuncHandlers)
 <LI><a href="#[3e]">fputc</a> from retarget.o(.text) referenced from printfa.o(i.__0printf)
 <LI><a href="#[35]">log_message</a> from log.o(.text) referenced from rf_transfer.o(.text)
 <LI><a href="#[30]">main</a> from main.o(.text) referenced from entry9a.o(.ARM.Collect$$$$0000000B)
 <LI><a href="#[3d]">xMBRTUReceiveFSM</a> from mbrtu.o(.text) referenced from mb.o(.text)
 <LI><a href="#[3b]">xMBRTUTimerT35Expired</a> from mbrtu.o(.text) referenced from mb.o(.text)
 <LI><a href="#[3c]">xMBRTUTransmitFSM</a> from mbrtu.o(.text) referenced from mb.o(.text)
 <LI><a href="#[3a]">xtime</a> from aes.o(.text) referenced from aes.o(.text)
</UL>
<P>
<H3>
Global Symbols
</H3>
<P><STRONG><a name="[32]"></a>__main</STRONG> (Thumb, 0 bytes, Stack size unknown bytes, entry.o(.ARM.Collect$$$$00000000))
<BR>[Address Reference Count : 1]<UL><LI> startup_nuc200series.o(.text)
</UL>
<P><STRONG><a name="[1cf]"></a>_main_stk</STRONG> (Thumb, 0 bytes, Stack size unknown bytes, entry2.o(.ARM.Collect$$$$00000001))

<P><STRONG><a name="[40]"></a>_main_scatterload</STRONG> (Thumb, 0 bytes, Stack size unknown bytes, entry5.o(.ARM.Collect$$$$00000004))
<BR><BR>[Calls]<UL><LI><a href="#[41]">&gt;&gt;</a>&nbsp;&nbsp;&nbsp;__scatterload
</UL>

<P><STRONG><a name="[1c1]"></a>__main_after_scatterload</STRONG> (Thumb, 0 bytes, Stack size unknown bytes, entry5.o(.ARM.Collect$$$$00000004))
<BR><BR>[Called By]<UL><LI><a href="#[41]">&gt;&gt;</a>&nbsp;&nbsp;&nbsp;__scatterload
</UL>

<P><STRONG><a name="[1d0]"></a>_main_clock</STRONG> (Thumb, 0 bytes, Stack size unknown bytes, entry7b.o(.ARM.Collect$$$$00000008))

<P><STRONG><a name="[1d1]"></a>_main_cpp_init</STRONG> (Thumb, 0 bytes, Stack size unknown bytes, entry8b.o(.ARM.Collect$$$$0000000A))

<P><STRONG><a name="[1d2]"></a>_main_init</STRONG> (Thumb, 0 bytes, Stack size unknown bytes, entry9a.o(.ARM.Collect$$$$0000000B))

<P><STRONG><a name="[1d3]"></a>__rt_final_cpp</STRONG> (Thumb, 0 bytes, Stack size unknown bytes, entry10a.o(.ARM.Collect$$$$0000000D))

<P><STRONG><a name="[1d4]"></a>__rt_final_exit</STRONG> (Thumb, 0 bytes, Stack size unknown bytes, entry11a.o(.ARM.Collect$$$$0000000F))

<P><STRONG><a name="[a]"></a>Reset_Handler</STRONG> (Thumb, 32 bytes, Stack size 0 bytes, startup_nuc200series.o(.text))
<BR>[Address Reference Count : 1]<UL><LI> startup_nuc200series.o(RESET)
</UL>
<P><STRONG><a name="[b]"></a>NMI_Handler</STRONG> (Thumb, 2 bytes, Stack size 0 bytes, startup_nuc200series.o(.text))
<BR><BR>[Calls]<UL><LI><a href="#[b]">&gt;&gt;</a>&nbsp;&nbsp;&nbsp;NMI_Handler
</UL>
<BR>[Called By]<UL><LI><a href="#[b]">&gt;&gt;</a>&nbsp;&nbsp;&nbsp;NMI_Handler
</UL>
<BR>[Address Reference Count : 1]<UL><LI> startup_nuc200series.o(RESET)
</UL>
<P><STRONG><a name="[d]"></a>SVC_Handler</STRONG> (Thumb, 2 bytes, Stack size 0 bytes, startup_nuc200series.o(.text))
<BR><BR>[Calls]<UL><LI><a href="#[d]">&gt;&gt;</a>&nbsp;&nbsp;&nbsp;SVC_Handler
</UL>
<BR>[Called By]<UL><LI><a href="#[d]">&gt;&gt;</a>&nbsp;&nbsp;&nbsp;SVC_Handler
</UL>
<BR>[Address Reference Count : 1]<UL><LI> startup_nuc200series.o(RESET)
</UL>
<P><STRONG><a name="[e]"></a>PendSV_Handler</STRONG> (Thumb, 2 bytes, Stack size 0 bytes, startup_nuc200series.o(.text))
<BR><BR>[Calls]<UL><LI><a href="#[e]">&gt;&gt;</a>&nbsp;&nbsp;&nbsp;PendSV_Handler
</UL>
<BR>[Called By]<UL><LI><a href="#[e]">&gt;&gt;</a>&nbsp;&nbsp;&nbsp;PendSV_Handler
</UL>
<BR>[Address Reference Count : 1]<UL><LI> startup_nuc200series.o(RESET)
</UL>
<P><STRONG><a name="[f]"></a>SysTick_Handler</STRONG> (Thumb, 2 bytes, Stack size 0 bytes, startup_nuc200series.o(.text))
<BR><BR>[Calls]<UL><LI><a href="#[f]">&gt;&gt;</a>&nbsp;&nbsp;&nbsp;SysTick_Handler
</UL>
<BR>[Called By]<UL><LI><a href="#[f]">&gt;&gt;</a>&nbsp;&nbsp;&nbsp;SysTick_Handler
</UL>
<BR>[Address Reference Count : 1]<UL><LI> startup_nuc200series.o(RESET)
</UL>
<P><STRONG><a name="[29]"></a>ACMP_IRQHandler</STRONG> (Thumb, 0 bytes, Stack size 0 bytes, startup_nuc200series.o(.text))
<BR>[Address Reference Count : 1]<UL><LI> startup_nuc200series.o(RESET)
</UL>
<P><STRONG><a name="[2d]"></a>ADC_IRQHandler</STRONG> (Thumb, 0 bytes, Stack size 0 bytes, startup_nuc200series.o(.text))
<BR>[Address Reference Count : 1]<UL><LI> startup_nuc200series.o(RESET)
</UL>
<P><STRONG><a name="[10]"></a>BOD_IRQHandler</STRONG> (Thumb, 0 bytes, Stack size 0 bytes, startup_nuc200series.o(.text))
<BR>[Address Reference Count : 1]<UL><LI> startup_nuc200series.o(RESET)
</UL>
<P><STRONG><a name="[24]"></a>CAN0_IRQHandler</STRONG> (Thumb, 0 bytes, Stack size 0 bytes, startup_nuc200series.o(.text))
<BR>[Address Reference Count : 1]<UL><LI> startup_nuc200series.o(RESET)
</UL>
<P><STRONG><a name="[25]"></a>CAN1_IRQHandler</STRONG> (Thumb, 0 bytes, Stack size 0 bytes, startup_nuc200series.o(.text))
<BR>[Address Reference Count : 1]<UL><LI> startup_nuc200series.o(RESET)
</UL>
<P><STRONG><a name="[12]"></a>EINT0_IRQHandler</STRONG> (Thumb, 0 bytes, Stack size 0 bytes, startup_nuc200series.o(.text))
<BR>[Address Reference Count : 1]<UL><LI> startup_nuc200series.o(RESET)
</UL>
<P><STRONG><a name="[13]"></a>EINT1_IRQHandler</STRONG> (Thumb, 0 bytes, Stack size 0 bytes, startup_nuc200series.o(.text))
<BR>[Address Reference Count : 1]<UL><LI> startup_nuc200series.o(RESET)
</UL>
<P><STRONG><a name="[14]"></a>GPAB_IRQHandler</STRONG> (Thumb, 0 bytes, Stack size 0 bytes, startup_nuc200series.o(.text))
<BR>[Address Reference Count : 1]<UL><LI> startup_nuc200series.o(RESET)
</UL>
<P><STRONG><a name="[15]"></a>GPCDEF_IRQHandler</STRONG> (Thumb, 0 bytes, Stack size 0 bytes, startup_nuc200series.o(.text))
<BR>[Address Reference Count : 1]<UL><LI> startup_nuc200series.o(RESET)
</UL>
<P><STRONG><a name="[22]"></a>I2C0_IRQHandler</STRONG> (Thumb, 0 bytes, Stack size 0 bytes, startup_nuc200series.o(.text))
<BR>[Address Reference Count : 1]<UL><LI> startup_nuc200series.o(RESET)
</UL>
<P><STRONG><a name="[23]"></a>I2C1_IRQHandler</STRONG> (Thumb, 0 bytes, Stack size 0 bytes, startup_nuc200series.o(.text))
<BR>[Address Reference Count : 1]<UL><LI> startup_nuc200series.o(RESET)
</UL>
<P><STRONG><a name="[2b]"></a>I2S_IRQHandler</STRONG> (Thumb, 0 bytes, Stack size 0 bytes, startup_nuc200series.o(.text))
<BR>[Address Reference Count : 1]<UL><LI> startup_nuc200series.o(RESET)
</UL>
<P><STRONG><a name="[2a]"></a>PDMA_IRQHandler</STRONG> (Thumb, 0 bytes, Stack size 0 bytes, startup_nuc200series.o(.text))
<BR>[Address Reference Count : 1]<UL><LI> startup_nuc200series.o(RESET)
</UL>
<P><STRONG><a name="[28]"></a>PS2_IRQHandler</STRONG> (Thumb, 0 bytes, Stack size 0 bytes, startup_nuc200series.o(.text))
<BR>[Address Reference Count : 1]<UL><LI> startup_nuc200series.o(RESET)
</UL>
<P><STRONG><a name="[16]"></a>PWMA_IRQHandler</STRONG> (Thumb, 0 bytes, Stack size 0 bytes, startup_nuc200series.o(.text))
<BR>[Address Reference Count : 1]<UL><LI> startup_nuc200series.o(RESET)
</UL>
<P><STRONG><a name="[17]"></a>PWMB_IRQHandler</STRONG> (Thumb, 0 bytes, Stack size 0 bytes, startup_nuc200series.o(.text))
<BR>[Address Reference Count : 1]<UL><LI> startup_nuc200series.o(RESET)
</UL>
<P><STRONG><a name="[2c]"></a>PWRWU_IRQHandler</STRONG> (Thumb, 0 bytes, Stack size 0 bytes, startup_nuc200series.o(.text))
<BR>[Address Reference Count : 1]<UL><LI> startup_nuc200series.o(RESET)
</UL>
<P><STRONG><a name="[2f]"></a>RTC_IRQHandler</STRONG> (Thumb, 0 bytes, Stack size 0 bytes, startup_nuc200series.o(.text))
<BR>[Address Reference Count : 1]<UL><LI> startup_nuc200series.o(RESET)
</UL>
<P><STRONG><a name="[26]"></a>SC012_IRQHandler</STRONG> (Thumb, 0 bytes, Stack size 0 bytes, startup_nuc200series.o(.text))
<BR>[Address Reference Count : 1]<UL><LI> startup_nuc200series.o(RESET)
</UL>
<P><STRONG><a name="[1e]"></a>SPI0_IRQHandler</STRONG> (Thumb, 0 bytes, Stack size 0 bytes, startup_nuc200series.o(.text))
<BR>[Address Reference Count : 1]<UL><LI> startup_nuc200series.o(RESET)
</UL>
<P><STRONG><a name="[1f]"></a>SPI1_IRQHandler</STRONG> (Thumb, 0 bytes, Stack size 0 bytes, startup_nuc200series.o(.text))
<BR>[Address Reference Count : 1]<UL><LI> startup_nuc200series.o(RESET)
</UL>
<P><STRONG><a name="[20]"></a>SPI2_IRQHandler</STRONG> (Thumb, 0 bytes, Stack size 0 bytes, startup_nuc200series.o(.text))
<BR>[Address Reference Count : 1]<UL><LI> startup_nuc200series.o(RESET)
</UL>
<P><STRONG><a name="[21]"></a>SPI3_IRQHandler</STRONG> (Thumb, 0 bytes, Stack size 0 bytes, startup_nuc200series.o(.text))
<BR>[Address Reference Count : 1]<UL><LI> startup_nuc200series.o(RESET)
</UL>
<P><STRONG><a name="[1c]"></a>UART02_IRQHandler</STRONG> (Thumb, 0 bytes, Stack size 0 bytes, startup_nuc200series.o(.text))
<BR>[Address Reference Count : 1]<UL><LI> startup_nuc200series.o(RESET)
</UL>
<P><STRONG><a name="[30]"></a>main</STRONG> (Thumb, 112 bytes, Stack size 0 bytes, main.o(.text))
<BR><BR>[Stack]<UL><LI>Max Depth = 1036<LI>Call Chain = main &rArr; OnMaster &rArr; Saban_Mode_RS485 &rArr; Rf_Send_Request_AESSHA &rArr; Creat_Packet_Request_AESSHA &rArr; Sha256Update &rArr; TransformFunction
</UL>
<BR>[Calls]<UL><LI><a href="#[4d]">&gt;&gt;</a>&nbsp;&nbsp;&nbsp;OnMaster
<LI><a href="#[4c]">&gt;&gt;</a>&nbsp;&nbsp;&nbsp;Radio_Start
<LI><a href="#[4b]">&gt;&gt;</a>&nbsp;&nbsp;&nbsp;DataFlash_Master_Init
<LI><a href="#[34]">&gt;&gt;</a>&nbsp;&nbsp;&nbsp;GPIO_SetMode
<LI><a href="#[4a]">&gt;&gt;</a>&nbsp;&nbsp;&nbsp;All_Led_Off
<LI><a href="#[49]">&gt;&gt;</a>&nbsp;&nbsp;&nbsp;All_Led_ON
<LI><a href="#[48]">&gt;&gt;</a>&nbsp;&nbsp;&nbsp;SB_Master_GPIO_Init
<LI><a href="#[47]">&gt;&gt;</a>&nbsp;&nbsp;&nbsp;SB_Usb_Driver_Init
<LI><a href="#[46]">&gt;&gt;</a>&nbsp;&nbsp;&nbsp;SB_Timer_Driver_Init
<LI><a href="#[45]">&gt;&gt;</a>&nbsp;&nbsp;&nbsp;SB_WDT_Driver_Init
<LI><a href="#[44]">&gt;&gt;</a>&nbsp;&nbsp;&nbsp;SB_SPI_Driver_Init
<LI><a href="#[43]">&gt;&gt;</a>&nbsp;&nbsp;&nbsp;SB_Uart_Driver_Init
<LI><a href="#[42]">&gt;&gt;</a>&nbsp;&nbsp;&nbsp;SB_SYS_Init
</UL>
<BR>[Address Reference Count : 1]<UL><LI> entry9a.o(.ARM.Collect$$$$0000000B)
</UL>
<P><STRONG><a name="[42]"></a>SB_SYS_Init</STRONG> (Thumb, 104 bytes, Stack size 8 bytes, systerm.o(.text))
<BR><BR>[Stack]<UL><LI>Max Depth = 96<LI>Call Chain = SB_SYS_Init &rArr; CLK_SetCoreClock &rArr; CLK_EnablePLL &rArr; __aeabi_uidiv
</UL>
<BR>[Calls]<UL><LI><a href="#[55]">&gt;&gt;</a>&nbsp;&nbsp;&nbsp;CLK_EnableSysTick
<LI><a href="#[54]">&gt;&gt;</a>&nbsp;&nbsp;&nbsp;CLK_EnableModuleClock
<LI><a href="#[53]">&gt;&gt;</a>&nbsp;&nbsp;&nbsp;CLK_EnableCKO
<LI><a href="#[52]">&gt;&gt;</a>&nbsp;&nbsp;&nbsp;CLK_SetCoreClock
<LI><a href="#[51]">&gt;&gt;</a>&nbsp;&nbsp;&nbsp;CLK_SetHCLK
<LI><a href="#[50]">&gt;&gt;</a>&nbsp;&nbsp;&nbsp;CLK_DisablePLL
<LI><a href="#[4f]">&gt;&gt;</a>&nbsp;&nbsp;&nbsp;CLK_WaitClockReady
<LI><a href="#[4e]">&gt;&gt;</a>&nbsp;&nbsp;&nbsp;CLK_EnableXtalRC
</UL>
<BR>[Called By]<UL><LI><a href="#[30]">&gt;&gt;</a>&nbsp;&nbsp;&nbsp;main
</UL>

<P><STRONG><a name="[44]"></a>SB_SPI_Driver_Init</STRONG> (Thumb, 52 bytes, Stack size 8 bytes, spi_driver.o(.text))
<BR><BR>[Stack]<UL><LI>Max Depth = 24<LI>Call Chain = SB_SPI_Driver_Init &rArr; CLK_SetModuleClock
</UL>
<BR>[Calls]<UL><LI><a href="#[56]">&gt;&gt;</a>&nbsp;&nbsp;&nbsp;CLK_SetModuleClock
<LI><a href="#[54]">&gt;&gt;</a>&nbsp;&nbsp;&nbsp;CLK_EnableModuleClock
</UL>
<BR>[Called By]<UL><LI><a href="#[30]">&gt;&gt;</a>&nbsp;&nbsp;&nbsp;main
</UL>

<P><STRONG><a name="[43]"></a>SB_Uart_Driver_Init</STRONG> (Thumb, 252 bytes, Stack size 24 bytes, uart_driver.o(.text))
<BR><BR>[Stack]<UL><LI>Max Depth = 40<LI>Call Chain = SB_Uart_Driver_Init &rArr; CLK_SetModuleClock
</UL>
<BR>[Calls]<UL><LI><a href="#[57]">&gt;&gt;</a>&nbsp;&nbsp;&nbsp;SYS_ResetModule
<LI><a href="#[56]">&gt;&gt;</a>&nbsp;&nbsp;&nbsp;CLK_SetModuleClock
<LI><a href="#[54]">&gt;&gt;</a>&nbsp;&nbsp;&nbsp;CLK_EnableModuleClock
<LI><a href="#[58]">&gt;&gt;</a>&nbsp;&nbsp;&nbsp;__aeabi_uidiv
</UL>
<BR>[Called By]<UL><LI><a href="#[30]">&gt;&gt;</a>&nbsp;&nbsp;&nbsp;main
<LI><a href="#[1a9]">&gt;&gt;</a>&nbsp;&nbsp;&nbsp;xMBPortSerialInit
</UL>

<P><STRONG><a name="[47]"></a>SB_Usb_Driver_Init</STRONG> (Thumb, 52 bytes, Stack size 16 bytes, usb_driver.o(.text))
<BR><BR>[Stack]<UL><LI>Max Depth = 32<LI>Call Chain = SB_Usb_Driver_Init &rArr; CLK_SetModuleClock
</UL>
<BR>[Calls]<UL><LI><a href="#[5b]">&gt;&gt;</a>&nbsp;&nbsp;&nbsp;USBD_Start
<LI><a href="#[5a]">&gt;&gt;</a>&nbsp;&nbsp;&nbsp;HID_Init
<LI><a href="#[59]">&gt;&gt;</a>&nbsp;&nbsp;&nbsp;USBD_Open
<LI><a href="#[56]">&gt;&gt;</a>&nbsp;&nbsp;&nbsp;CLK_SetModuleClock
<LI><a href="#[54]">&gt;&gt;</a>&nbsp;&nbsp;&nbsp;CLK_EnableModuleClock
</UL>
<BR>[Called By]<UL><LI><a href="#[30]">&gt;&gt;</a>&nbsp;&nbsp;&nbsp;main
</UL>

<P><STRONG><a name="[45]"></a>SB_WDT_Driver_Init</STRONG> (Thumb, 80 bytes, Stack size 16 bytes, wdt_driver.o(.text))
<BR><BR>[Stack]<UL><LI>Max Depth = 32<LI>Call Chain = SB_WDT_Driver_Init &rArr; CLK_SetModuleClock
</UL>
<BR>[Calls]<UL><LI><a href="#[5c]">&gt;&gt;</a>&nbsp;&nbsp;&nbsp;WDT_Open
<LI><a href="#[56]">&gt;&gt;</a>&nbsp;&nbsp;&nbsp;CLK_SetModuleClock
<LI><a href="#[54]">&gt;&gt;</a>&nbsp;&nbsp;&nbsp;CLK_EnableModuleClock
<LI><a href="#[5d]">&gt;&gt;</a>&nbsp;&nbsp;&nbsp;puts
</UL>
<BR>[Called By]<UL><LI><a href="#[30]">&gt;&gt;</a>&nbsp;&nbsp;&nbsp;main
</UL>

<P><STRONG><a name="[5e]"></a>SB_Timer0_Init</STRONG> (Thumb, 84 bytes, Stack size 16 bytes, timer_driver.o(.text))
<BR><BR>[Stack]<UL><LI>Max Depth = 56<LI>Call Chain = SB_Timer0_Init &rArr; TIMER_Open &rArr; __aeabi_uidiv
</UL>
<BR>[Calls]<UL><LI><a href="#[5f]">&gt;&gt;</a>&nbsp;&nbsp;&nbsp;TIMER_Open
<LI><a href="#[57]">&gt;&gt;</a>&nbsp;&nbsp;&nbsp;SYS_ResetModule
<LI><a href="#[56]">&gt;&gt;</a>&nbsp;&nbsp;&nbsp;CLK_SetModuleClock
<LI><a href="#[54]">&gt;&gt;</a>&nbsp;&nbsp;&nbsp;CLK_EnableModuleClock
</UL>
<BR>[Called By]<UL><LI><a href="#[46]">&gt;&gt;</a>&nbsp;&nbsp;&nbsp;SB_Timer_Driver_Init
</UL>

<P><STRONG><a name="[60]"></a>SB_Timer1_Init</STRONG> (Thumb, 100 bytes, Stack size 16 bytes, timer_driver.o(.text))
<BR><BR>[Stack]<UL><LI>Max Depth = 56<LI>Call Chain = SB_Timer1_Init &rArr; TIMER_Open &rArr; __aeabi_uidiv
</UL>
<BR>[Calls]<UL><LI><a href="#[5f]">&gt;&gt;</a>&nbsp;&nbsp;&nbsp;TIMER_Open
<LI><a href="#[57]">&gt;&gt;</a>&nbsp;&nbsp;&nbsp;SYS_ResetModule
<LI><a href="#[56]">&gt;&gt;</a>&nbsp;&nbsp;&nbsp;CLK_SetModuleClock
<LI><a href="#[54]">&gt;&gt;</a>&nbsp;&nbsp;&nbsp;CLK_EnableModuleClock
</UL>
<BR>[Called By]<UL><LI><a href="#[46]">&gt;&gt;</a>&nbsp;&nbsp;&nbsp;SB_Timer_Driver_Init
</UL>

<P><STRONG><a name="[61]"></a>SB_Timer2_Init</STRONG> (Thumb, 108 bytes, Stack size 16 bytes, timer_driver.o(.text), UNUSED)
<BR><BR>[Calls]<UL><LI><a href="#[5f]">&gt;&gt;</a>&nbsp;&nbsp;&nbsp;TIMER_Open
<LI><a href="#[57]">&gt;&gt;</a>&nbsp;&nbsp;&nbsp;SYS_ResetModule
<LI><a href="#[56]">&gt;&gt;</a>&nbsp;&nbsp;&nbsp;CLK_SetModuleClock
<LI><a href="#[54]">&gt;&gt;</a>&nbsp;&nbsp;&nbsp;CLK_EnableModuleClock
</UL>
<BR>[Called By]<UL><LI><a href="#[8e]">&gt;&gt;</a>&nbsp;&nbsp;&nbsp;Modbus_Init
</UL>

<P><STRONG><a name="[62]"></a>SB_Timer3_Init</STRONG> (Thumb, 80 bytes, Stack size 16 bytes, timer_driver.o(.text))
<BR><BR>[Stack]<UL><LI>Max Depth = 56<LI>Call Chain = SB_Timer3_Init &rArr; TIMER_Open &rArr; __aeabi_uidiv
</UL>
<BR>[Calls]<UL><LI><a href="#[5f]">&gt;&gt;</a>&nbsp;&nbsp;&nbsp;TIMER_Open
<LI><a href="#[57]">&gt;&gt;</a>&nbsp;&nbsp;&nbsp;SYS_ResetModule
<LI><a href="#[56]">&gt;&gt;</a>&nbsp;&nbsp;&nbsp;CLK_SetModuleClock
<LI><a href="#[54]">&gt;&gt;</a>&nbsp;&nbsp;&nbsp;CLK_EnableModuleClock
</UL>
<BR>[Called By]<UL><LI><a href="#[46]">&gt;&gt;</a>&nbsp;&nbsp;&nbsp;SB_Timer_Driver_Init
</UL>

<P><STRONG><a name="[1d5]"></a>Timer_SetTickMs</STRONG> (Thumb, 20 bytes, Stack size 0 bytes, timer_driver.o(.text), UNUSED)

<P><STRONG><a name="[12e]"></a>Timer_GetTickMs</STRONG> (Thumb, 8 bytes, Stack size 0 bytes, timer_driver.o(.text))
<BR><BR>[Called By]<UL><LI><a href="#[119]">&gt;&gt;</a>&nbsp;&nbsp;&nbsp;SX1276FskProcess
<LI><a href="#[118]">&gt;&gt;</a>&nbsp;&nbsp;&nbsp;SX1276LoRaProcess
</UL>

<P><STRONG><a name="[12f]"></a>Timer_ResetTickMs</STRONG> (Thumb, 20 bytes, Stack size 0 bytes, timer_driver.o(.text))
<BR><BR>[Called By]<UL><LI><a href="#[119]">&gt;&gt;</a>&nbsp;&nbsp;&nbsp;SX1276FskProcess
<LI><a href="#[118]">&gt;&gt;</a>&nbsp;&nbsp;&nbsp;SX1276LoRaProcess
</UL>

<P><STRONG><a name="[1d6]"></a>Timer_1_SetTickMs</STRONG> (Thumb, 20 bytes, Stack size 0 bytes, timer_driver.o(.text), UNUSED)

<P><STRONG><a name="[1d7]"></a>Timer_1_GetTickMs</STRONG> (Thumb, 8 bytes, Stack size 0 bytes, timer_driver.o(.text), UNUSED)

<P><STRONG><a name="[1d8]"></a>Timer1_ResetTickMs</STRONG> (Thumb, 20 bytes, Stack size 0 bytes, timer_driver.o(.text), UNUSED)

<P><STRONG><a name="[194]"></a>Timer2_GetTickMs</STRONG> (Thumb, 8 bytes, Stack size 0 bytes, timer_driver.o(.text), UNUSED)
<BR><BR>[Called By]<UL><LI><a href="#[17e]">&gt;&gt;</a>&nbsp;&nbsp;&nbsp;Modbus_Master_Millis
</UL>

<P><STRONG><a name="[1d9]"></a>Timer2_ResetTickMs</STRONG> (Thumb, 20 bytes, Stack size 0 bytes, timer_driver.o(.text), UNUSED)

<P><STRONG><a name="[86]"></a>Timer3_SetTickMs</STRONG> (Thumb, 20 bytes, Stack size 0 bytes, timer_driver.o(.text))
<BR><BR>[Called By]<UL><LI><a href="#[be]">&gt;&gt;</a>&nbsp;&nbsp;&nbsp;Creat_Packet_Master_Get_HMIStatus
<LI><a href="#[bc]">&gt;&gt;</a>&nbsp;&nbsp;&nbsp;Creat_Packet_Request_AESSHA
<LI><a href="#[b6]">&gt;&gt;</a>&nbsp;&nbsp;&nbsp;Creat_Packet_Request_SHA
<LI><a href="#[b1]">&gt;&gt;</a>&nbsp;&nbsp;&nbsp;Creat_Packet_Request_AESCRC
<LI><a href="#[a8]">&gt;&gt;</a>&nbsp;&nbsp;&nbsp;Creat_Packet_Request_CRC
<LI><a href="#[8c]">&gt;&gt;</a>&nbsp;&nbsp;&nbsp;Decode_Packet_Client_Feddback_HMIStatus
<LI><a href="#[8b]">&gt;&gt;</a>&nbsp;&nbsp;&nbsp;Decode_Packet_Receive_AESCRC
<LI><a href="#[8a]">&gt;&gt;</a>&nbsp;&nbsp;&nbsp;Decode_Packet_Receive_AESSHA
<LI><a href="#[89]">&gt;&gt;</a>&nbsp;&nbsp;&nbsp;Decode_Packet_Receive_SHA
<LI><a href="#[84]">&gt;&gt;</a>&nbsp;&nbsp;&nbsp;Decode_Packet_Receive_CRC
<LI><a href="#[4d]">&gt;&gt;</a>&nbsp;&nbsp;&nbsp;OnMaster
</UL>

<P><STRONG><a name="[7f]"></a>Timer3_GetTickMs</STRONG> (Thumb, 8 bytes, Stack size 0 bytes, timer_driver.o(.text))
<BR><BR>[Called By]<UL><LI><a href="#[be]">&gt;&gt;</a>&nbsp;&nbsp;&nbsp;Creat_Packet_Master_Get_HMIStatus
<LI><a href="#[bc]">&gt;&gt;</a>&nbsp;&nbsp;&nbsp;Creat_Packet_Request_AESSHA
<LI><a href="#[b6]">&gt;&gt;</a>&nbsp;&nbsp;&nbsp;Creat_Packet_Request_SHA
<LI><a href="#[b1]">&gt;&gt;</a>&nbsp;&nbsp;&nbsp;Creat_Packet_Request_AESCRC
<LI><a href="#[a8]">&gt;&gt;</a>&nbsp;&nbsp;&nbsp;Creat_Packet_Request_CRC
<LI><a href="#[8c]">&gt;&gt;</a>&nbsp;&nbsp;&nbsp;Decode_Packet_Client_Feddback_HMIStatus
<LI><a href="#[8b]">&gt;&gt;</a>&nbsp;&nbsp;&nbsp;Decode_Packet_Receive_AESCRC
<LI><a href="#[8a]">&gt;&gt;</a>&nbsp;&nbsp;&nbsp;Decode_Packet_Receive_AESSHA
<LI><a href="#[89]">&gt;&gt;</a>&nbsp;&nbsp;&nbsp;Decode_Packet_Receive_SHA
<LI><a href="#[84]">&gt;&gt;</a>&nbsp;&nbsp;&nbsp;Decode_Packet_Receive_CRC
<LI><a href="#[4d]">&gt;&gt;</a>&nbsp;&nbsp;&nbsp;OnMaster
</UL>

<P><STRONG><a name="[80]"></a>Timer3_ResetTickMs</STRONG> (Thumb, 20 bytes, Stack size 0 bytes, timer_driver.o(.text))
<BR><BR>[Called By]<UL><LI><a href="#[be]">&gt;&gt;</a>&nbsp;&nbsp;&nbsp;Creat_Packet_Master_Get_HMIStatus
<LI><a href="#[bc]">&gt;&gt;</a>&nbsp;&nbsp;&nbsp;Creat_Packet_Request_AESSHA
<LI><a href="#[b6]">&gt;&gt;</a>&nbsp;&nbsp;&nbsp;Creat_Packet_Request_SHA
<LI><a href="#[b1]">&gt;&gt;</a>&nbsp;&nbsp;&nbsp;Creat_Packet_Request_AESCRC
<LI><a href="#[a8]">&gt;&gt;</a>&nbsp;&nbsp;&nbsp;Creat_Packet_Request_CRC
<LI><a href="#[8c]">&gt;&gt;</a>&nbsp;&nbsp;&nbsp;Decode_Packet_Client_Feddback_HMIStatus
<LI><a href="#[8b]">&gt;&gt;</a>&nbsp;&nbsp;&nbsp;Decode_Packet_Receive_AESCRC
<LI><a href="#[8a]">&gt;&gt;</a>&nbsp;&nbsp;&nbsp;Decode_Packet_Receive_AESSHA
<LI><a href="#[89]">&gt;&gt;</a>&nbsp;&nbsp;&nbsp;Decode_Packet_Receive_SHA
<LI><a href="#[84]">&gt;&gt;</a>&nbsp;&nbsp;&nbsp;Decode_Packet_Receive_CRC
<LI><a href="#[4d]">&gt;&gt;</a>&nbsp;&nbsp;&nbsp;OnMaster
</UL>

<P><STRONG><a name="[46]"></a>SB_Timer_Driver_Init</STRONG> (Thumb, 16 bytes, Stack size 8 bytes, timer_driver.o(.text))
<BR><BR>[Stack]<UL><LI>Max Depth = 64<LI>Call Chain = SB_Timer_Driver_Init &rArr; SB_Timer3_Init &rArr; TIMER_Open &rArr; __aeabi_uidiv
</UL>
<BR>[Calls]<UL><LI><a href="#[62]">&gt;&gt;</a>&nbsp;&nbsp;&nbsp;SB_Timer3_Init
<LI><a href="#[60]">&gt;&gt;</a>&nbsp;&nbsp;&nbsp;SB_Timer1_Init
<LI><a href="#[5e]">&gt;&gt;</a>&nbsp;&nbsp;&nbsp;SB_Timer0_Init
</UL>
<BR>[Called By]<UL><LI><a href="#[30]">&gt;&gt;</a>&nbsp;&nbsp;&nbsp;main
</UL>

<P><STRONG><a name="[38]"></a>SIM_EEPROM_READ</STRONG> (Thumb, 30 bytes, Stack size 8 bytes, dataflash_driver.o(.text))
<BR><BR>[Stack]<UL><LI>Max Depth = 8<LI>Call Chain = SIM_EEPROM_READ
</UL>
<BR>[Calls]<UL><LI><a href="#[63]">&gt;&gt;</a>&nbsp;&nbsp;&nbsp;FMC_Read
</UL>
<BR>[Called By]<UL><LI><a href="#[ea]">&gt;&gt;</a>&nbsp;&nbsp;&nbsp;Update_DataFlash_ID_From_PC
<LI><a href="#[e9]">&gt;&gt;</a>&nbsp;&nbsp;&nbsp;Update_DataFlash_RFConfig_From_PC
<LI><a href="#[64]">&gt;&gt;</a>&nbsp;&nbsp;&nbsp;SIM_EEPROM_WRITE
<LI><a href="#[4b]">&gt;&gt;</a>&nbsp;&nbsp;&nbsp;DataFlash_Master_Init
<LI><a href="#[ec]">&gt;&gt;</a>&nbsp;&nbsp;&nbsp;Update_DataFlashDevice_From_PC
<LI><a href="#[eb]">&gt;&gt;</a>&nbsp;&nbsp;&nbsp;Update_DataFlash_ModbusConfig_From_PC
</UL>
<BR>[Address Reference Count : 1]<UL><LI> dataflash_stack.o(.text)
</UL>
<P><STRONG><a name="[64]"></a>SIM_EEPROM_WRITE</STRONG> (Thumb, 212 bytes, Stack size 552 bytes, dataflash_driver.o(.text))
<BR><BR>[Stack]<UL><LI>Max Depth = 560<LI>Call Chain = SIM_EEPROM_WRITE &rArr; SIM_EEPROM_READ
</UL>
<BR>[Calls]<UL><LI><a href="#[38]">&gt;&gt;</a>&nbsp;&nbsp;&nbsp;SIM_EEPROM_READ
<LI><a href="#[65]">&gt;&gt;</a>&nbsp;&nbsp;&nbsp;FMC_Write
<LI><a href="#[63]">&gt;&gt;</a>&nbsp;&nbsp;&nbsp;FMC_Read
</UL>
<BR>[Called By]<UL><LI><a href="#[ea]">&gt;&gt;</a>&nbsp;&nbsp;&nbsp;Update_DataFlash_ID_From_PC
<LI><a href="#[e9]">&gt;&gt;</a>&nbsp;&nbsp;&nbsp;Update_DataFlash_RFConfig_From_PC
<LI><a href="#[ec]">&gt;&gt;</a>&nbsp;&nbsp;&nbsp;Update_DataFlashDevice_From_PC
<LI><a href="#[eb]">&gt;&gt;</a>&nbsp;&nbsp;&nbsp;Update_DataFlash_ModbusConfig_From_PC
</UL>

<P><STRONG><a name="[66]"></a>SetDataFlashBase</STRONG> (Thumb, 92 bytes, Stack size 16 bytes, dataflash_driver.o(.text))
<BR><BR>[Stack]<UL><LI>Max Depth = 48<LI>Call Chain = SetDataFlashBase &rArr; FMC_WriteConfig
</UL>
<BR>[Calls]<UL><LI><a href="#[68]">&gt;&gt;</a>&nbsp;&nbsp;&nbsp;FMC_WriteConfig
<LI><a href="#[67]">&gt;&gt;</a>&nbsp;&nbsp;&nbsp;FMC_ReadConfig
<LI><a href="#[5d]">&gt;&gt;</a>&nbsp;&nbsp;&nbsp;puts
</UL>
<BR>[Called By]<UL><LI><a href="#[4b]">&gt;&gt;</a>&nbsp;&nbsp;&nbsp;DataFlash_Master_Init
</UL>

<P><STRONG><a name="[48]"></a>SB_Master_GPIO_Init</STRONG> (Thumb, 152 bytes, Stack size 24 bytes, gpio_driver.o(.text))
<BR><BR>[Stack]<UL><LI>Max Depth = 24<LI>Call Chain = SB_Master_GPIO_Init
</UL>
<BR>[Called By]<UL><LI><a href="#[30]">&gt;&gt;</a>&nbsp;&nbsp;&nbsp;main
</UL>

<P><STRONG><a name="[4a]"></a>All_Led_Off</STRONG> (Thumb, 44 bytes, Stack size 0 bytes, gpio_driver.o(.text))
<BR><BR>[Called By]<UL><LI><a href="#[69]">&gt;&gt;</a>&nbsp;&nbsp;&nbsp;GPIO_Test
<LI><a href="#[30]">&gt;&gt;</a>&nbsp;&nbsp;&nbsp;main
</UL>

<P><STRONG><a name="[49]"></a>All_Led_ON</STRONG> (Thumb, 44 bytes, Stack size 0 bytes, gpio_driver.o(.text))
<BR><BR>[Called By]<UL><LI><a href="#[30]">&gt;&gt;</a>&nbsp;&nbsp;&nbsp;main
</UL>

<P><STRONG><a name="[69]"></a>GPIO_Test</STRONG> (Thumb, 140 bytes, Stack size 8 bytes, gpio_driver.o(.text), UNUSED)
<BR><BR>[Calls]<UL><LI><a href="#[4a]">&gt;&gt;</a>&nbsp;&nbsp;&nbsp;All_Led_Off
</UL>

<P><STRONG><a name="[11]"></a>WDT_IRQHandler</STRONG> (Thumb, 80 bytes, Stack size 8 bytes, wdt_driver_irq.o(.text))
<BR><BR>[Stack]<UL><LI>Max Depth = 24<LI>Call Chain = WDT_IRQHandler &rArr; puts &rArr; fputc
</UL>
<BR>[Calls]<UL><LI><a href="#[5d]">&gt;&gt;</a>&nbsp;&nbsp;&nbsp;puts
</UL>
<BR>[Address Reference Count : 1]<UL><LI> startup_nuc200series.o(RESET)
</UL>
<P><STRONG><a name="[1d]"></a>UART1_IRQHandler</STRONG> (Thumb, 72 bytes, Stack size 16 bytes, uart_driver_irq.o(.text))
<BR><BR>[Stack]<UL><LI>Max Depth = 56<LI>Call Chain = UART1_IRQHandler &rArr; Modbus_Master_Rece_Handler &rArr; Modbus_Master_GetByte &rArr; UART_Read
</UL>
<BR>[Calls]<UL><LI><a href="#[6a]">&gt;&gt;</a>&nbsp;&nbsp;&nbsp;Modbus_Master_Rece_Handler
</UL>
<BR>[Address Reference Count : 1]<UL><LI> startup_nuc200series.o(RESET)
</UL>
<P><STRONG><a name="[18]"></a>TMR0_IRQHandler</STRONG> (Thumb, 24 bytes, Stack size 0 bytes, timer_driver_irq.o(.text))
<BR>[Address Reference Count : 1]<UL><LI> startup_nuc200series.o(RESET)
</UL>
<P><STRONG><a name="[19]"></a>TMR1_IRQHandler</STRONG> (Thumb, 40 bytes, Stack size 16 bytes, timer_driver_irq.o(.text))
<BR><BR>[Stack]<UL><LI>Max Depth = 16<LI>Call Chain = TMR1_IRQHandler
</UL>
<BR>[Calls]<UL><LI><a href="#[6b]">&gt;&gt;</a>&nbsp;&nbsp;&nbsp;Led_Display
</UL>
<BR>[Address Reference Count : 1]<UL><LI> startup_nuc200series.o(RESET)
</UL>
<P><STRONG><a name="[1a]"></a>TMR2_IRQHandler</STRONG> (Thumb, 56 bytes, Stack size 16 bytes, timer_driver_irq.o(.text))
<BR><BR>[Stack]<UL><LI>Max Depth = 16<LI>Call Chain = TMR2_IRQHandler
</UL>
<BR>[Address Reference Count : 1]<UL><LI> startup_nuc200series.o(RESET)
</UL>
<P><STRONG><a name="[1b]"></a>TMR3_IRQHandler</STRONG> (Thumb, 24 bytes, Stack size 0 bytes, timer_driver_irq.o(.text))
<BR>[Address Reference Count : 1]<UL><LI> startup_nuc200series.o(RESET)
</UL>
<P><STRONG><a name="[4c]"></a>Radio_Start</STRONG> (Thumb, 236 bytes, Stack size 16 bytes, operation.o(.text))
<BR><BR>[Stack]<UL><LI>Max Depth = 328<LI>Call Chain = Radio_Start &rArr; log_message &rArr; vsnprintf
</UL>
<BR>[Calls]<UL><LI><a href="#[7b]">&gt;&gt;</a>&nbsp;&nbsp;&nbsp;SX1276StartCad
<LI><a href="#[7a]">&gt;&gt;</a>&nbsp;&nbsp;&nbsp;SX1276GetTimeOnAir
<LI><a href="#[79]">&gt;&gt;</a>&nbsp;&nbsp;&nbsp;SX1276LoRaSetErrorCoding
<LI><a href="#[78]">&gt;&gt;</a>&nbsp;&nbsp;&nbsp;SX1276LoRaSetSpreadingFactor
<LI><a href="#[77]">&gt;&gt;</a>&nbsp;&nbsp;&nbsp;SX1276LoRaSetSignalBandwidth
<LI><a href="#[76]">&gt;&gt;</a>&nbsp;&nbsp;&nbsp;SX1276LoRaSetRFPower
<LI><a href="#[75]">&gt;&gt;</a>&nbsp;&nbsp;&nbsp;SX1276LoRaSetRFFrequency
<LI><a href="#[74]">&gt;&gt;</a>&nbsp;&nbsp;&nbsp;SX1276StartRx
<LI><a href="#[73]">&gt;&gt;</a>&nbsp;&nbsp;&nbsp;SX1276FskGetTimeOnAir
<LI><a href="#[72]">&gt;&gt;</a>&nbsp;&nbsp;&nbsp;SX1276FskSetBitrate
<LI><a href="#[71]">&gt;&gt;</a>&nbsp;&nbsp;&nbsp;SX1276FskSetRFFrequency
<LI><a href="#[70]">&gt;&gt;</a>&nbsp;&nbsp;&nbsp;SX1276FskGetVersion
<LI><a href="#[35]">&gt;&gt;</a>&nbsp;&nbsp;&nbsp;log_message
<LI><a href="#[6f]">&gt;&gt;</a>&nbsp;&nbsp;&nbsp;SX1276CheckLoRaConfigError
<LI><a href="#[6e]">&gt;&gt;</a>&nbsp;&nbsp;&nbsp;SX1276LoRaGetVersion
<LI><a href="#[6d]">&gt;&gt;</a>&nbsp;&nbsp;&nbsp;SX1276Init
<LI><a href="#[6c]">&gt;&gt;</a>&nbsp;&nbsp;&nbsp;SX1276SetMode
</UL>
<BR>[Called By]<UL><LI><a href="#[30]">&gt;&gt;</a>&nbsp;&nbsp;&nbsp;main
</UL>

<P><STRONG><a name="[4d]"></a>OnMaster</STRONG> (Thumb, 760 bytes, Stack size 152 bytes, operation.o(.text))
<BR><BR>[Stack]<UL><LI>Max Depth = 1036<LI>Call Chain = OnMaster &rArr; Saban_Mode_RS485 &rArr; Rf_Send_Request_AESSHA &rArr; Creat_Packet_Request_AESSHA &rArr; Sha256Update &rArr; TransformFunction
</UL>
<BR>[Calls]<UL><LI><a href="#[8d]">&gt;&gt;</a>&nbsp;&nbsp;&nbsp;SendHMIDataFromMasterToPC
<LI><a href="#[8c]">&gt;&gt;</a>&nbsp;&nbsp;&nbsp;Decode_Packet_Client_Feddback_HMIStatus
<LI><a href="#[8b]">&gt;&gt;</a>&nbsp;&nbsp;&nbsp;Decode_Packet_Receive_AESCRC
<LI><a href="#[8a]">&gt;&gt;</a>&nbsp;&nbsp;&nbsp;Decode_Packet_Receive_AESSHA
<LI><a href="#[89]">&gt;&gt;</a>&nbsp;&nbsp;&nbsp;Decode_Packet_Receive_SHA
<LI><a href="#[88]">&gt;&gt;</a>&nbsp;&nbsp;&nbsp;Rf_Send_Request_HMIStatus
<LI><a href="#[87]">&gt;&gt;</a>&nbsp;&nbsp;&nbsp;Saban_Mode_RS485
<LI><a href="#[85]">&gt;&gt;</a>&nbsp;&nbsp;&nbsp;Saban_Mode_IO_Standand
<LI><a href="#[84]">&gt;&gt;</a>&nbsp;&nbsp;&nbsp;Decode_Packet_Receive_CRC
<LI><a href="#[83]">&gt;&gt;</a>&nbsp;&nbsp;&nbsp;SX1276GetRxPacket
<LI><a href="#[82]">&gt;&gt;</a>&nbsp;&nbsp;&nbsp;SX1276GetPacketSnr
<LI><a href="#[81]">&gt;&gt;</a>&nbsp;&nbsp;&nbsp;SX1276ReadRssi
<LI><a href="#[7e]">&gt;&gt;</a>&nbsp;&nbsp;&nbsp;SX1276Process
<LI><a href="#[7b]">&gt;&gt;</a>&nbsp;&nbsp;&nbsp;SX1276StartCad
<LI><a href="#[74]">&gt;&gt;</a>&nbsp;&nbsp;&nbsp;SX1276StartRx
<LI><a href="#[35]">&gt;&gt;</a>&nbsp;&nbsp;&nbsp;log_message
<LI><a href="#[80]">&gt;&gt;</a>&nbsp;&nbsp;&nbsp;Timer3_ResetTickMs
<LI><a href="#[7f]">&gt;&gt;</a>&nbsp;&nbsp;&nbsp;Timer3_GetTickMs
<LI><a href="#[86]">&gt;&gt;</a>&nbsp;&nbsp;&nbsp;Timer3_SetTickMs
<LI><a href="#[7d]">&gt;&gt;</a>&nbsp;&nbsp;&nbsp;__aeabi_memclr
<LI><a href="#[7c]">&gt;&gt;</a>&nbsp;&nbsp;&nbsp;__aeabi_memcpy
</UL>
<BR>[Called By]<UL><LI><a href="#[30]">&gt;&gt;</a>&nbsp;&nbsp;&nbsp;main
</UL>

<P><STRONG><a name="[8e]"></a>Modbus_Init</STRONG> (Thumb, 60 bytes, Stack size 16 bytes, operation.o(.text), UNUSED)
<BR><BR>[Calls]<UL><LI><a href="#[91]">&gt;&gt;</a>&nbsp;&nbsp;&nbsp;ModbusMaster_begin
<LI><a href="#[90]">&gt;&gt;</a>&nbsp;&nbsp;&nbsp;UART_EnableInt
<LI><a href="#[8f]">&gt;&gt;</a>&nbsp;&nbsp;&nbsp;UseModbus
<LI><a href="#[61]">&gt;&gt;</a>&nbsp;&nbsp;&nbsp;SB_Timer2_Init
</UL>

<P><STRONG><a name="[92]"></a>Modbus_Start</STRONG> (Thumb, 96 bytes, Stack size 56 bytes, operation.o(.text), UNUSED)
<BR><BR>[Calls]<UL><LI><a href="#[99]">&gt;&gt;</a>&nbsp;&nbsp;&nbsp;ModbusMaster_writeSingleRegister
<LI><a href="#[98]">&gt;&gt;</a>&nbsp;&nbsp;&nbsp;ModbusMaster_getResponseBuffer
<LI><a href="#[97]">&gt;&gt;</a>&nbsp;&nbsp;&nbsp;ModbusMaster_readHoldingRegisters
<LI><a href="#[96]">&gt;&gt;</a>&nbsp;&nbsp;&nbsp;MBSetData16Bits
<LI><a href="#[95]">&gt;&gt;</a>&nbsp;&nbsp;&nbsp;MBGetData16Bits
<LI><a href="#[94]">&gt;&gt;</a>&nbsp;&nbsp;&nbsp;eMBPoll
<LI><a href="#[93]">&gt;&gt;</a>&nbsp;&nbsp;&nbsp;__aeabi_memclr4
</UL>

<P><STRONG><a name="[9a]"></a>Modbus_Test_PC</STRONG> (Thumb, 116 bytes, Stack size 40 bytes, operation.o(.text), UNUSED)
<BR><BR>[Calls]<UL><LI><a href="#[9b]">&gt;&gt;</a>&nbsp;&nbsp;&nbsp;SendBackTestModbus
<LI><a href="#[98]">&gt;&gt;</a>&nbsp;&nbsp;&nbsp;ModbusMaster_getResponseBuffer
<LI><a href="#[97]">&gt;&gt;</a>&nbsp;&nbsp;&nbsp;ModbusMaster_readHoldingRegisters
<LI><a href="#[95]">&gt;&gt;</a>&nbsp;&nbsp;&nbsp;MBGetData16Bits
<LI><a href="#[94]">&gt;&gt;</a>&nbsp;&nbsp;&nbsp;eMBPoll
</UL>

<P><STRONG><a name="[27]"></a>USBD_IRQHandler</STRONG> (Thumb, 208 bytes, Stack size 24 bytes, hid_transfer.o(.text))
<BR><BR>[Stack]<UL><LI>Max Depth = 728<LI>Call Chain = USBD_IRQHandler &rArr; EP3_Handler &rArr; HID_GetOutReport &rArr; ProcessCommand &rArr; Update_DataFlashDevice_From_PC &rArr; SIM_EEPROM_WRITE &rArr; SIM_EEPROM_READ
</UL>
<BR>[Calls]<UL><LI><a href="#[a1]">&gt;&gt;</a>&nbsp;&nbsp;&nbsp;EP3_Handler
<LI><a href="#[a0]">&gt;&gt;</a>&nbsp;&nbsp;&nbsp;HID_SetInReport
<LI><a href="#[9f]">&gt;&gt;</a>&nbsp;&nbsp;&nbsp;USBD_CtrlOut
<LI><a href="#[9e]">&gt;&gt;</a>&nbsp;&nbsp;&nbsp;USBD_CtrlIn
<LI><a href="#[9d]">&gt;&gt;</a>&nbsp;&nbsp;&nbsp;USBD_ProcessSetupPacket
<LI><a href="#[9c]">&gt;&gt;</a>&nbsp;&nbsp;&nbsp;USBD_SwReset
</UL>
<BR>[Address Reference Count : 1]<UL><LI> startup_nuc200series.o(RESET)
</UL>
<P><STRONG><a name="[a2]"></a>EP2_Handler</STRONG> (Thumb, 8 bytes, Stack size 8 bytes, hid_transfer.o(.text), UNUSED)
<BR><BR>[Calls]<UL><LI><a href="#[a0]">&gt;&gt;</a>&nbsp;&nbsp;&nbsp;HID_SetInReport
</UL>

<P><STRONG><a name="[a1]"></a>EP3_Handler</STRONG> (Thumb, 24 bytes, Stack size 8 bytes, hid_transfer.o(.text))
<BR><BR>[Stack]<UL><LI>Max Depth = 704<LI>Call Chain = EP3_Handler &rArr; HID_GetOutReport &rArr; ProcessCommand &rArr; Update_DataFlashDevice_From_PC &rArr; SIM_EEPROM_WRITE &rArr; SIM_EEPROM_READ
</UL>
<BR>[Calls]<UL><LI><a href="#[a3]">&gt;&gt;</a>&nbsp;&nbsp;&nbsp;HID_GetOutReport
</UL>
<BR>[Called By]<UL><LI><a href="#[27]">&gt;&gt;</a>&nbsp;&nbsp;&nbsp;USBD_IRQHandler
</UL>

<P><STRONG><a name="[5a]"></a>HID_Init</STRONG> (Thumb, 48 bytes, Stack size 0 bytes, hid_transfer.o(.text))
<BR><BR>[Called By]<UL><LI><a href="#[47]">&gt;&gt;</a>&nbsp;&nbsp;&nbsp;SB_Usb_Driver_Init
</UL>

<P><STRONG><a name="[33]"></a>HID_ClassRequest</STRONG> (Thumb, 164 bytes, Stack size 16 bytes, hid_transfer.o(.text))
<BR><BR>[Stack]<UL><LI>Max Depth = 32<LI>Call Chain = HID_ClassRequest &rArr; USBD_PrepareCtrlIn
</UL>
<BR>[Calls]<UL><LI><a href="#[a6]">&gt;&gt;</a>&nbsp;&nbsp;&nbsp;USBD_PrepareCtrlOut
<LI><a href="#[a5]">&gt;&gt;</a>&nbsp;&nbsp;&nbsp;USBD_PrepareCtrlIn
<LI><a href="#[a4]">&gt;&gt;</a>&nbsp;&nbsp;&nbsp;USBD_GetSetupPacket
<LI><a href="#[a7]">&gt;&gt;</a>&nbsp;&nbsp;&nbsp;USBD_SetStall
</UL>
<BR>[Address Reference Count : 1]<UL><LI> usb_driver.o(.text)
</UL>
<P><STRONG><a name="[aa]"></a>Save_Receive_Data_RF_Transfer</STRONG> (Thumb, 64 bytes, Stack size 16 bytes, rf_transfer.o(.text))
<BR><BR>[Stack]<UL><LI>Max Depth = 16<LI>Call Chain = Save_Receive_Data_RF_Transfer
</UL>
<BR>[Called By]<UL><LI><a href="#[8b]">&gt;&gt;</a>&nbsp;&nbsp;&nbsp;Decode_Packet_Receive_AESCRC
<LI><a href="#[89]">&gt;&gt;</a>&nbsp;&nbsp;&nbsp;Decode_Packet_Receive_SHA
<LI><a href="#[84]">&gt;&gt;</a>&nbsp;&nbsp;&nbsp;Decode_Packet_Receive_CRC
</UL>

<P><STRONG><a name="[a8]"></a>Creat_Packet_Request_CRC</STRONG> (Thumb, 136 bytes, Stack size 40 bytes, rf_transfer.o(.text))
<BR><BR>[Stack]<UL><LI>Max Depth = 352<LI>Call Chain = Creat_Packet_Request_CRC &rArr; log_message &rArr; vsnprintf
</UL>
<BR>[Calls]<UL><LI><a href="#[a9]">&gt;&gt;</a>&nbsp;&nbsp;&nbsp;crc16
<LI><a href="#[35]">&gt;&gt;</a>&nbsp;&nbsp;&nbsp;log_message
<LI><a href="#[80]">&gt;&gt;</a>&nbsp;&nbsp;&nbsp;Timer3_ResetTickMs
<LI><a href="#[7f]">&gt;&gt;</a>&nbsp;&nbsp;&nbsp;Timer3_GetTickMs
<LI><a href="#[86]">&gt;&gt;</a>&nbsp;&nbsp;&nbsp;Timer3_SetTickMs
</UL>
<BR>[Called By]<UL><LI><a href="#[ab]">&gt;&gt;</a>&nbsp;&nbsp;&nbsp;Rf_Send_Request_CRC
</UL>

<P><STRONG><a name="[84]"></a>Decode_Packet_Receive_CRC</STRONG> (Thumb, 124 bytes, Stack size 48 bytes, rf_transfer.o(.text))
<BR><BR>[Stack]<UL><LI>Max Depth = 360<LI>Call Chain = Decode_Packet_Receive_CRC &rArr; log_message &rArr; vsnprintf
</UL>
<BR>[Calls]<UL><LI><a href="#[a9]">&gt;&gt;</a>&nbsp;&nbsp;&nbsp;crc16
<LI><a href="#[aa]">&gt;&gt;</a>&nbsp;&nbsp;&nbsp;Save_Receive_Data_RF_Transfer
<LI><a href="#[35]">&gt;&gt;</a>&nbsp;&nbsp;&nbsp;log_message
<LI><a href="#[80]">&gt;&gt;</a>&nbsp;&nbsp;&nbsp;Timer3_ResetTickMs
<LI><a href="#[7f]">&gt;&gt;</a>&nbsp;&nbsp;&nbsp;Timer3_GetTickMs
<LI><a href="#[86]">&gt;&gt;</a>&nbsp;&nbsp;&nbsp;Timer3_SetTickMs
</UL>
<BR>[Called By]<UL><LI><a href="#[4d]">&gt;&gt;</a>&nbsp;&nbsp;&nbsp;OnMaster
</UL>

<P><STRONG><a name="[ab]"></a>Rf_Send_Request_CRC</STRONG> (Thumb, 112 bytes, Stack size 40 bytes, rf_transfer.o(.text))
<BR><BR>[Stack]<UL><LI>Max Depth = 392<LI>Call Chain = Rf_Send_Request_CRC &rArr; Creat_Packet_Request_CRC &rArr; log_message &rArr; vsnprintf
</UL>
<BR>[Calls]<UL><LI><a href="#[b0]">&gt;&gt;</a>&nbsp;&nbsp;&nbsp;SX1276SetTxPacket
<LI><a href="#[af]">&gt;&gt;</a>&nbsp;&nbsp;&nbsp;SX1276FskSetPayloadLength
<LI><a href="#[ae]">&gt;&gt;</a>&nbsp;&nbsp;&nbsp;SX1276LoRaSetRxPacketTimeout
<LI><a href="#[ad]">&gt;&gt;</a>&nbsp;&nbsp;&nbsp;SX1276LoRaSetPayloadLength
<LI><a href="#[ac]">&gt;&gt;</a>&nbsp;&nbsp;&nbsp;SX1276GetMode
<LI><a href="#[a8]">&gt;&gt;</a>&nbsp;&nbsp;&nbsp;Creat_Packet_Request_CRC
<LI><a href="#[7a]">&gt;&gt;</a>&nbsp;&nbsp;&nbsp;SX1276GetTimeOnAir
</UL>
<BR>[Called By]<UL><LI><a href="#[87]">&gt;&gt;</a>&nbsp;&nbsp;&nbsp;Saban_Mode_RS485
<LI><a href="#[85]">&gt;&gt;</a>&nbsp;&nbsp;&nbsp;Saban_Mode_IO_Standand
</UL>

<P><STRONG><a name="[1da]"></a>Rf_Send_Feedback_CRC</STRONG> (Thumb, 2 bytes, Stack size 0 bytes, rf_transfer.o(.text), UNUSED)

<P><STRONG><a name="[b1]"></a>Creat_Packet_Request_AESCRC</STRONG> (Thumb, 196 bytes, Stack size 288 bytes, rf_transfer.o(.text))
<BR><BR>[Stack]<UL><LI>Max Depth = 600<LI>Call Chain = Creat_Packet_Request_AESCRC &rArr; log_message &rArr; vsnprintf
</UL>
<BR>[Calls]<UL><LI><a href="#[b3]">&gt;&gt;</a>&nbsp;&nbsp;&nbsp;AES_CBC_encrypt_buffer
<LI><a href="#[b2]">&gt;&gt;</a>&nbsp;&nbsp;&nbsp;AES_init_ctx_iv
<LI><a href="#[a9]">&gt;&gt;</a>&nbsp;&nbsp;&nbsp;crc16
<LI><a href="#[35]">&gt;&gt;</a>&nbsp;&nbsp;&nbsp;log_message
<LI><a href="#[80]">&gt;&gt;</a>&nbsp;&nbsp;&nbsp;Timer3_ResetTickMs
<LI><a href="#[7f]">&gt;&gt;</a>&nbsp;&nbsp;&nbsp;Timer3_GetTickMs
<LI><a href="#[86]">&gt;&gt;</a>&nbsp;&nbsp;&nbsp;Timer3_SetTickMs
<LI><a href="#[7c]">&gt;&gt;</a>&nbsp;&nbsp;&nbsp;__aeabi_memcpy
</UL>
<BR>[Called By]<UL><LI><a href="#[b5]">&gt;&gt;</a>&nbsp;&nbsp;&nbsp;Rf_Send_Request_AESCRC
</UL>

<P><STRONG><a name="[8b]"></a>Decode_Packet_Receive_AESCRC</STRONG> (Thumb, 244 bytes, Stack size 336 bytes, rf_transfer.o(.text))
<BR><BR>[Stack]<UL><LI>Max Depth = 648<LI>Call Chain = Decode_Packet_Receive_AESCRC &rArr; log_message &rArr; vsnprintf
</UL>
<BR>[Calls]<UL><LI><a href="#[b4]">&gt;&gt;</a>&nbsp;&nbsp;&nbsp;AES_CBC_decrypt_buffer
<LI><a href="#[b3]">&gt;&gt;</a>&nbsp;&nbsp;&nbsp;AES_CBC_encrypt_buffer
<LI><a href="#[b2]">&gt;&gt;</a>&nbsp;&nbsp;&nbsp;AES_init_ctx_iv
<LI><a href="#[a9]">&gt;&gt;</a>&nbsp;&nbsp;&nbsp;crc16
<LI><a href="#[aa]">&gt;&gt;</a>&nbsp;&nbsp;&nbsp;Save_Receive_Data_RF_Transfer
<LI><a href="#[35]">&gt;&gt;</a>&nbsp;&nbsp;&nbsp;log_message
<LI><a href="#[80]">&gt;&gt;</a>&nbsp;&nbsp;&nbsp;Timer3_ResetTickMs
<LI><a href="#[7f]">&gt;&gt;</a>&nbsp;&nbsp;&nbsp;Timer3_GetTickMs
<LI><a href="#[86]">&gt;&gt;</a>&nbsp;&nbsp;&nbsp;Timer3_SetTickMs
<LI><a href="#[7c]">&gt;&gt;</a>&nbsp;&nbsp;&nbsp;__aeabi_memcpy
</UL>
<BR>[Called By]<UL><LI><a href="#[4d]">&gt;&gt;</a>&nbsp;&nbsp;&nbsp;OnMaster
</UL>

<P><STRONG><a name="[b5]"></a>Rf_Send_Request_AESCRC</STRONG> (Thumb, 112 bytes, Stack size 56 bytes, rf_transfer.o(.text))
<BR><BR>[Stack]<UL><LI>Max Depth = 656<LI>Call Chain = Rf_Send_Request_AESCRC &rArr; Creat_Packet_Request_AESCRC &rArr; log_message &rArr; vsnprintf
</UL>
<BR>[Calls]<UL><LI><a href="#[b1]">&gt;&gt;</a>&nbsp;&nbsp;&nbsp;Creat_Packet_Request_AESCRC
<LI><a href="#[b0]">&gt;&gt;</a>&nbsp;&nbsp;&nbsp;SX1276SetTxPacket
<LI><a href="#[af]">&gt;&gt;</a>&nbsp;&nbsp;&nbsp;SX1276FskSetPayloadLength
<LI><a href="#[ae]">&gt;&gt;</a>&nbsp;&nbsp;&nbsp;SX1276LoRaSetRxPacketTimeout
<LI><a href="#[ad]">&gt;&gt;</a>&nbsp;&nbsp;&nbsp;SX1276LoRaSetPayloadLength
<LI><a href="#[ac]">&gt;&gt;</a>&nbsp;&nbsp;&nbsp;SX1276GetMode
<LI><a href="#[7a]">&gt;&gt;</a>&nbsp;&nbsp;&nbsp;SX1276GetTimeOnAir
<LI><a href="#[93]">&gt;&gt;</a>&nbsp;&nbsp;&nbsp;__aeabi_memclr4
</UL>
<BR>[Called By]<UL><LI><a href="#[87]">&gt;&gt;</a>&nbsp;&nbsp;&nbsp;Saban_Mode_RS485
<LI><a href="#[85]">&gt;&gt;</a>&nbsp;&nbsp;&nbsp;Saban_Mode_IO_Standand
</UL>

<P><STRONG><a name="[1db]"></a>Rf_Send_Feedback_AESCRC</STRONG> (Thumb, 2 bytes, Stack size 0 bytes, rf_transfer.o(.text), UNUSED)

<P><STRONG><a name="[b6]"></a>Creat_Packet_Request_SHA</STRONG> (Thumb, 176 bytes, Stack size 192 bytes, rf_transfer.o(.text))
<BR><BR>[Stack]<UL><LI>Max Depth = 564<LI>Call Chain = Creat_Packet_Request_SHA &rArr; Sha256Update &rArr; TransformFunction
</UL>
<BR>[Calls]<UL><LI><a href="#[b9]">&gt;&gt;</a>&nbsp;&nbsp;&nbsp;Sha256Finalise
<LI><a href="#[b8]">&gt;&gt;</a>&nbsp;&nbsp;&nbsp;Sha256Update
<LI><a href="#[b7]">&gt;&gt;</a>&nbsp;&nbsp;&nbsp;Sha256Initialise
<LI><a href="#[35]">&gt;&gt;</a>&nbsp;&nbsp;&nbsp;log_message
<LI><a href="#[80]">&gt;&gt;</a>&nbsp;&nbsp;&nbsp;Timer3_ResetTickMs
<LI><a href="#[7f]">&gt;&gt;</a>&nbsp;&nbsp;&nbsp;Timer3_GetTickMs
<LI><a href="#[86]">&gt;&gt;</a>&nbsp;&nbsp;&nbsp;Timer3_SetTickMs
</UL>
<BR>[Called By]<UL><LI><a href="#[bb]">&gt;&gt;</a>&nbsp;&nbsp;&nbsp;Rf_Send_Request_SHA
</UL>

<P><STRONG><a name="[89]"></a>Decode_Packet_Receive_SHA</STRONG> (Thumb, 192 bytes, Stack size 240 bytes, rf_transfer.o(.text))
<BR><BR>[Stack]<UL><LI>Max Depth = 612<LI>Call Chain = Decode_Packet_Receive_SHA &rArr; Sha256Update &rArr; TransformFunction
</UL>
<BR>[Calls]<UL><LI><a href="#[b9]">&gt;&gt;</a>&nbsp;&nbsp;&nbsp;Sha256Finalise
<LI><a href="#[b8]">&gt;&gt;</a>&nbsp;&nbsp;&nbsp;Sha256Update
<LI><a href="#[b7]">&gt;&gt;</a>&nbsp;&nbsp;&nbsp;Sha256Initialise
<LI><a href="#[aa]">&gt;&gt;</a>&nbsp;&nbsp;&nbsp;Save_Receive_Data_RF_Transfer
<LI><a href="#[35]">&gt;&gt;</a>&nbsp;&nbsp;&nbsp;log_message
<LI><a href="#[80]">&gt;&gt;</a>&nbsp;&nbsp;&nbsp;Timer3_ResetTickMs
<LI><a href="#[7f]">&gt;&gt;</a>&nbsp;&nbsp;&nbsp;Timer3_GetTickMs
<LI><a href="#[86]">&gt;&gt;</a>&nbsp;&nbsp;&nbsp;Timer3_SetTickMs
<LI><a href="#[ba]">&gt;&gt;</a>&nbsp;&nbsp;&nbsp;memcmp
</UL>
<BR>[Called By]<UL><LI><a href="#[4d]">&gt;&gt;</a>&nbsp;&nbsp;&nbsp;OnMaster
</UL>

<P><STRONG><a name="[bb]"></a>Rf_Send_Request_SHA</STRONG> (Thumb, 112 bytes, Stack size 72 bytes, rf_transfer.o(.text))
<BR><BR>[Stack]<UL><LI>Max Depth = 636<LI>Call Chain = Rf_Send_Request_SHA &rArr; Creat_Packet_Request_SHA &rArr; Sha256Update &rArr; TransformFunction
</UL>
<BR>[Calls]<UL><LI><a href="#[b6]">&gt;&gt;</a>&nbsp;&nbsp;&nbsp;Creat_Packet_Request_SHA
<LI><a href="#[b0]">&gt;&gt;</a>&nbsp;&nbsp;&nbsp;SX1276SetTxPacket
<LI><a href="#[af]">&gt;&gt;</a>&nbsp;&nbsp;&nbsp;SX1276FskSetPayloadLength
<LI><a href="#[ae]">&gt;&gt;</a>&nbsp;&nbsp;&nbsp;SX1276LoRaSetRxPacketTimeout
<LI><a href="#[ad]">&gt;&gt;</a>&nbsp;&nbsp;&nbsp;SX1276LoRaSetPayloadLength
<LI><a href="#[ac]">&gt;&gt;</a>&nbsp;&nbsp;&nbsp;SX1276GetMode
<LI><a href="#[7a]">&gt;&gt;</a>&nbsp;&nbsp;&nbsp;SX1276GetTimeOnAir
<LI><a href="#[93]">&gt;&gt;</a>&nbsp;&nbsp;&nbsp;__aeabi_memclr4
</UL>
<BR>[Called By]<UL><LI><a href="#[87]">&gt;&gt;</a>&nbsp;&nbsp;&nbsp;Saban_Mode_RS485
<LI><a href="#[85]">&gt;&gt;</a>&nbsp;&nbsp;&nbsp;Saban_Mode_IO_Standand
</UL>

<P><STRONG><a name="[1dc]"></a>Rf_Send_Feedback_SHA</STRONG> (Thumb, 2 bytes, Stack size 0 bytes, rf_transfer.o(.text), UNUSED)

<P><STRONG><a name="[bc]"></a>Creat_Packet_Request_AESSHA</STRONG> (Thumb, 192 bytes, Stack size 424 bytes, rf_transfer.o(.text))
<BR><BR>[Stack]<UL><LI>Max Depth = 796<LI>Call Chain = Creat_Packet_Request_AESSHA &rArr; Sha256Update &rArr; TransformFunction
</UL>
<BR>[Calls]<UL><LI><a href="#[b9]">&gt;&gt;</a>&nbsp;&nbsp;&nbsp;Sha256Finalise
<LI><a href="#[b8]">&gt;&gt;</a>&nbsp;&nbsp;&nbsp;Sha256Update
<LI><a href="#[b7]">&gt;&gt;</a>&nbsp;&nbsp;&nbsp;Sha256Initialise
<LI><a href="#[b3]">&gt;&gt;</a>&nbsp;&nbsp;&nbsp;AES_CBC_encrypt_buffer
<LI><a href="#[b2]">&gt;&gt;</a>&nbsp;&nbsp;&nbsp;AES_init_ctx_iv
<LI><a href="#[35]">&gt;&gt;</a>&nbsp;&nbsp;&nbsp;log_message
<LI><a href="#[80]">&gt;&gt;</a>&nbsp;&nbsp;&nbsp;Timer3_ResetTickMs
<LI><a href="#[7f]">&gt;&gt;</a>&nbsp;&nbsp;&nbsp;Timer3_GetTickMs
<LI><a href="#[86]">&gt;&gt;</a>&nbsp;&nbsp;&nbsp;Timer3_SetTickMs
<LI><a href="#[7c]">&gt;&gt;</a>&nbsp;&nbsp;&nbsp;__aeabi_memcpy
</UL>
<BR>[Called By]<UL><LI><a href="#[bd]">&gt;&gt;</a>&nbsp;&nbsp;&nbsp;Rf_Send_Request_AESSHA
</UL>

<P><STRONG><a name="[8a]"></a>Decode_Packet_Receive_AESSHA</STRONG> (Thumb, 292 bytes, Stack size 480 bytes, rf_transfer.o(.text))
<BR><BR>[Stack]<UL><LI>Max Depth = 852<LI>Call Chain = Decode_Packet_Receive_AESSHA &rArr; Sha256Update &rArr; TransformFunction
</UL>
<BR>[Calls]<UL><LI><a href="#[b9]">&gt;&gt;</a>&nbsp;&nbsp;&nbsp;Sha256Finalise
<LI><a href="#[b8]">&gt;&gt;</a>&nbsp;&nbsp;&nbsp;Sha256Update
<LI><a href="#[b7]">&gt;&gt;</a>&nbsp;&nbsp;&nbsp;Sha256Initialise
<LI><a href="#[b4]">&gt;&gt;</a>&nbsp;&nbsp;&nbsp;AES_CBC_decrypt_buffer
<LI><a href="#[b3]">&gt;&gt;</a>&nbsp;&nbsp;&nbsp;AES_CBC_encrypt_buffer
<LI><a href="#[b2]">&gt;&gt;</a>&nbsp;&nbsp;&nbsp;AES_init_ctx_iv
<LI><a href="#[35]">&gt;&gt;</a>&nbsp;&nbsp;&nbsp;log_message
<LI><a href="#[80]">&gt;&gt;</a>&nbsp;&nbsp;&nbsp;Timer3_ResetTickMs
<LI><a href="#[7f]">&gt;&gt;</a>&nbsp;&nbsp;&nbsp;Timer3_GetTickMs
<LI><a href="#[86]">&gt;&gt;</a>&nbsp;&nbsp;&nbsp;Timer3_SetTickMs
<LI><a href="#[ba]">&gt;&gt;</a>&nbsp;&nbsp;&nbsp;memcmp
<LI><a href="#[7c]">&gt;&gt;</a>&nbsp;&nbsp;&nbsp;__aeabi_memcpy
</UL>
<BR>[Called By]<UL><LI><a href="#[4d]">&gt;&gt;</a>&nbsp;&nbsp;&nbsp;OnMaster
</UL>

<P><STRONG><a name="[bd]"></a>Rf_Send_Request_AESSHA</STRONG> (Thumb, 112 bytes, Stack size 80 bytes, rf_transfer.o(.text))
<BR><BR>[Stack]<UL><LI>Max Depth = 876<LI>Call Chain = Rf_Send_Request_AESSHA &rArr; Creat_Packet_Request_AESSHA &rArr; Sha256Update &rArr; TransformFunction
</UL>
<BR>[Calls]<UL><LI><a href="#[bc]">&gt;&gt;</a>&nbsp;&nbsp;&nbsp;Creat_Packet_Request_AESSHA
<LI><a href="#[b0]">&gt;&gt;</a>&nbsp;&nbsp;&nbsp;SX1276SetTxPacket
<LI><a href="#[af]">&gt;&gt;</a>&nbsp;&nbsp;&nbsp;SX1276FskSetPayloadLength
<LI><a href="#[ae]">&gt;&gt;</a>&nbsp;&nbsp;&nbsp;SX1276LoRaSetRxPacketTimeout
<LI><a href="#[ad]">&gt;&gt;</a>&nbsp;&nbsp;&nbsp;SX1276LoRaSetPayloadLength
<LI><a href="#[ac]">&gt;&gt;</a>&nbsp;&nbsp;&nbsp;SX1276GetMode
<LI><a href="#[7a]">&gt;&gt;</a>&nbsp;&nbsp;&nbsp;SX1276GetTimeOnAir
<LI><a href="#[93]">&gt;&gt;</a>&nbsp;&nbsp;&nbsp;__aeabi_memclr4
</UL>
<BR>[Called By]<UL><LI><a href="#[87]">&gt;&gt;</a>&nbsp;&nbsp;&nbsp;Saban_Mode_RS485
<LI><a href="#[85]">&gt;&gt;</a>&nbsp;&nbsp;&nbsp;Saban_Mode_IO_Standand
</UL>

<P><STRONG><a name="[1dd]"></a>Rf_Send_Feedback_AESSHA</STRONG> (Thumb, 2 bytes, Stack size 0 bytes, rf_transfer.o(.text), UNUSED)

<P><STRONG><a name="[85]"></a>Saban_Mode_IO_Standand</STRONG> (Thumb, 68 bytes, Stack size 8 bytes, rf_transfer.o(.text))
<BR><BR>[Stack]<UL><LI>Max Depth = 884<LI>Call Chain = Saban_Mode_IO_Standand &rArr; Rf_Send_Request_AESSHA &rArr; Creat_Packet_Request_AESSHA &rArr; Sha256Update &rArr; TransformFunction
</UL>
<BR>[Calls]<UL><LI><a href="#[bd]">&gt;&gt;</a>&nbsp;&nbsp;&nbsp;Rf_Send_Request_AESSHA
<LI><a href="#[bb]">&gt;&gt;</a>&nbsp;&nbsp;&nbsp;Rf_Send_Request_SHA
<LI><a href="#[b5]">&gt;&gt;</a>&nbsp;&nbsp;&nbsp;Rf_Send_Request_AESCRC
<LI><a href="#[ab]">&gt;&gt;</a>&nbsp;&nbsp;&nbsp;Rf_Send_Request_CRC
</UL>
<BR>[Called By]<UL><LI><a href="#[4d]">&gt;&gt;</a>&nbsp;&nbsp;&nbsp;OnMaster
</UL>

<P><STRONG><a name="[87]"></a>Saban_Mode_RS485</STRONG> (Thumb, 76 bytes, Stack size 8 bytes, rf_transfer.o(.text))
<BR><BR>[Stack]<UL><LI>Max Depth = 884<LI>Call Chain = Saban_Mode_RS485 &rArr; Rf_Send_Request_AESSHA &rArr; Creat_Packet_Request_AESSHA &rArr; Sha256Update &rArr; TransformFunction
</UL>
<BR>[Calls]<UL><LI><a href="#[bd]">&gt;&gt;</a>&nbsp;&nbsp;&nbsp;Rf_Send_Request_AESSHA
<LI><a href="#[bb]">&gt;&gt;</a>&nbsp;&nbsp;&nbsp;Rf_Send_Request_SHA
<LI><a href="#[b5]">&gt;&gt;</a>&nbsp;&nbsp;&nbsp;Rf_Send_Request_AESCRC
<LI><a href="#[ab]">&gt;&gt;</a>&nbsp;&nbsp;&nbsp;Rf_Send_Request_CRC
</UL>
<BR>[Called By]<UL><LI><a href="#[4d]">&gt;&gt;</a>&nbsp;&nbsp;&nbsp;OnMaster
</UL>

<P><STRONG><a name="[1de]"></a>Saban_Feedback_Mode_IOStandand</STRONG> (Thumb, 2 bytes, Stack size 0 bytes, rf_transfer.o(.text), UNUSED)

<P><STRONG><a name="[1df]"></a>Saban_Feedback_Mode_RS485</STRONG> (Thumb, 8 bytes, Stack size 0 bytes, rf_transfer.o(.text), UNUSED)

<P><STRONG><a name="[be]"></a>Creat_Packet_Master_Get_HMIStatus</STRONG> (Thumb, 148 bytes, Stack size 96 bytes, rf_transfer.o(.text))
<BR><BR>[Stack]<UL><LI>Max Depth = 408<LI>Call Chain = Creat_Packet_Master_Get_HMIStatus &rArr; log_message &rArr; vsnprintf
</UL>
<BR>[Calls]<UL><LI><a href="#[35]">&gt;&gt;</a>&nbsp;&nbsp;&nbsp;log_message
<LI><a href="#[80]">&gt;&gt;</a>&nbsp;&nbsp;&nbsp;Timer3_ResetTickMs
<LI><a href="#[7f]">&gt;&gt;</a>&nbsp;&nbsp;&nbsp;Timer3_GetTickMs
<LI><a href="#[86]">&gt;&gt;</a>&nbsp;&nbsp;&nbsp;Timer3_SetTickMs
<LI><a href="#[7d]">&gt;&gt;</a>&nbsp;&nbsp;&nbsp;__aeabi_memclr
<LI><a href="#[7c]">&gt;&gt;</a>&nbsp;&nbsp;&nbsp;__aeabi_memcpy
</UL>
<BR>[Called By]<UL><LI><a href="#[88]">&gt;&gt;</a>&nbsp;&nbsp;&nbsp;Rf_Send_Request_HMIStatus
</UL>

<P><STRONG><a name="[8c]"></a>Decode_Packet_Client_Feddback_HMIStatus</STRONG> (Thumb, 188 bytes, Stack size 40 bytes, rf_transfer.o(.text))
<BR><BR>[Stack]<UL><LI>Max Depth = 352<LI>Call Chain = Decode_Packet_Client_Feddback_HMIStatus &rArr; log_message &rArr; vsnprintf
</UL>
<BR>[Calls]<UL><LI><a href="#[35]">&gt;&gt;</a>&nbsp;&nbsp;&nbsp;log_message
<LI><a href="#[80]">&gt;&gt;</a>&nbsp;&nbsp;&nbsp;Timer3_ResetTickMs
<LI><a href="#[7f]">&gt;&gt;</a>&nbsp;&nbsp;&nbsp;Timer3_GetTickMs
<LI><a href="#[86]">&gt;&gt;</a>&nbsp;&nbsp;&nbsp;Timer3_SetTickMs
<LI><a href="#[36]">&gt;&gt;</a>&nbsp;&nbsp;&nbsp;__2printf
<LI><a href="#[ba]">&gt;&gt;</a>&nbsp;&nbsp;&nbsp;memcmp
</UL>
<BR>[Called By]<UL><LI><a href="#[4d]">&gt;&gt;</a>&nbsp;&nbsp;&nbsp;OnMaster
</UL>

<P><STRONG><a name="[88]"></a>Rf_Send_Request_HMIStatus</STRONG> (Thumb, 124 bytes, Stack size 104 bytes, rf_transfer.o(.text))
<BR><BR>[Stack]<UL><LI>Max Depth = 512<LI>Call Chain = Rf_Send_Request_HMIStatus &rArr; Creat_Packet_Master_Get_HMIStatus &rArr; log_message &rArr; vsnprintf
</UL>
<BR>[Calls]<UL><LI><a href="#[bf]">&gt;&gt;</a>&nbsp;&nbsp;&nbsp;printArray8Bit
<LI><a href="#[be]">&gt;&gt;</a>&nbsp;&nbsp;&nbsp;Creat_Packet_Master_Get_HMIStatus
<LI><a href="#[b0]">&gt;&gt;</a>&nbsp;&nbsp;&nbsp;SX1276SetTxPacket
<LI><a href="#[af]">&gt;&gt;</a>&nbsp;&nbsp;&nbsp;SX1276FskSetPayloadLength
<LI><a href="#[ae]">&gt;&gt;</a>&nbsp;&nbsp;&nbsp;SX1276LoRaSetRxPacketTimeout
<LI><a href="#[ad]">&gt;&gt;</a>&nbsp;&nbsp;&nbsp;SX1276LoRaSetPayloadLength
<LI><a href="#[ac]">&gt;&gt;</a>&nbsp;&nbsp;&nbsp;SX1276GetMode
<LI><a href="#[7a]">&gt;&gt;</a>&nbsp;&nbsp;&nbsp;SX1276GetTimeOnAir
<LI><a href="#[93]">&gt;&gt;</a>&nbsp;&nbsp;&nbsp;__aeabi_memclr4
</UL>
<BR>[Called By]<UL><LI><a href="#[4d]">&gt;&gt;</a>&nbsp;&nbsp;&nbsp;OnMaster
</UL>

<P><STRONG><a name="[6b]"></a>Led_Display</STRONG> (Thumb, 684 bytes, Stack size 0 bytes, gpio_control.o(.text))
<BR><BR>[Called By]<UL><LI><a href="#[19]">&gt;&gt;</a>&nbsp;&nbsp;&nbsp;TMR1_IRQHandler
</UL>

<P><STRONG><a name="[1e0]"></a>CLK_DisableCKO</STRONG> (Thumb, 12 bytes, Stack size 0 bytes, clk.o(.text), UNUSED)

<P><STRONG><a name="[1e1]"></a>CLK_DisableModuleClock</STRONG> (Thumb, 28 bytes, Stack size 0 bytes, clk.o(.text), UNUSED)

<P><STRONG><a name="[53]"></a>CLK_EnableCKO</STRONG> (Thumb, 28 bytes, Stack size 0 bytes, clk.o(.text))
<BR><BR>[Called By]<UL><LI><a href="#[42]">&gt;&gt;</a>&nbsp;&nbsp;&nbsp;SB_SYS_Init
</UL>

<P><STRONG><a name="[54]"></a>CLK_EnableModuleClock</STRONG> (Thumb, 28 bytes, Stack size 0 bytes, clk.o(.text))
<BR><BR>[Called By]<UL><LI><a href="#[62]">&gt;&gt;</a>&nbsp;&nbsp;&nbsp;SB_Timer3_Init
<LI><a href="#[61]">&gt;&gt;</a>&nbsp;&nbsp;&nbsp;SB_Timer2_Init
<LI><a href="#[60]">&gt;&gt;</a>&nbsp;&nbsp;&nbsp;SB_Timer1_Init
<LI><a href="#[5e]">&gt;&gt;</a>&nbsp;&nbsp;&nbsp;SB_Timer0_Init
<LI><a href="#[47]">&gt;&gt;</a>&nbsp;&nbsp;&nbsp;SB_Usb_Driver_Init
<LI><a href="#[45]">&gt;&gt;</a>&nbsp;&nbsp;&nbsp;SB_WDT_Driver_Init
<LI><a href="#[44]">&gt;&gt;</a>&nbsp;&nbsp;&nbsp;SB_SPI_Driver_Init
<LI><a href="#[43]">&gt;&gt;</a>&nbsp;&nbsp;&nbsp;SB_Uart_Driver_Init
<LI><a href="#[42]">&gt;&gt;</a>&nbsp;&nbsp;&nbsp;SB_SYS_Init
<LI><a href="#[1aa]">&gt;&gt;</a>&nbsp;&nbsp;&nbsp;xMBPortTimersInit
</UL>

<P><STRONG><a name="[56]"></a>CLK_SetModuleClock</STRONG> (Thumb, 132 bytes, Stack size 16 bytes, clk.o(.text))
<BR><BR>[Stack]<UL><LI>Max Depth = 16<LI>Call Chain = CLK_SetModuleClock
</UL>
<BR>[Called By]<UL><LI><a href="#[62]">&gt;&gt;</a>&nbsp;&nbsp;&nbsp;SB_Timer3_Init
<LI><a href="#[61]">&gt;&gt;</a>&nbsp;&nbsp;&nbsp;SB_Timer2_Init
<LI><a href="#[60]">&gt;&gt;</a>&nbsp;&nbsp;&nbsp;SB_Timer1_Init
<LI><a href="#[5e]">&gt;&gt;</a>&nbsp;&nbsp;&nbsp;SB_Timer0_Init
<LI><a href="#[47]">&gt;&gt;</a>&nbsp;&nbsp;&nbsp;SB_Usb_Driver_Init
<LI><a href="#[45]">&gt;&gt;</a>&nbsp;&nbsp;&nbsp;SB_WDT_Driver_Init
<LI><a href="#[44]">&gt;&gt;</a>&nbsp;&nbsp;&nbsp;SB_SPI_Driver_Init
<LI><a href="#[43]">&gt;&gt;</a>&nbsp;&nbsp;&nbsp;SB_Uart_Driver_Init
<LI><a href="#[1aa]">&gt;&gt;</a>&nbsp;&nbsp;&nbsp;xMBPortTimersInit
</UL>

<P><STRONG><a name="[1e2]"></a>CLK_PowerDown</STRONG> (Thumb, 28 bytes, Stack size 0 bytes, clk.o(.text), UNUSED)

<P><STRONG><a name="[1e3]"></a>CLK_Idle</STRONG> (Thumb, 24 bytes, Stack size 0 bytes, clk.o(.text), UNUSED)

<P><STRONG><a name="[1e4]"></a>CLK_GetHXTFreq</STRONG> (Thumb, 16 bytes, Stack size 0 bytes, clk.o(.text), UNUSED)

<P><STRONG><a name="[1e5]"></a>CLK_GetLXTFreq</STRONG> (Thumb, 16 bytes, Stack size 0 bytes, clk.o(.text), UNUSED)

<P><STRONG><a name="[c0]"></a>CLK_GetHCLKFreq</STRONG> (Thumb, 12 bytes, Stack size 8 bytes, clk.o(.text))
<BR><BR>[Stack]<UL><LI>Max Depth = 40<LI>Call Chain = CLK_GetHCLKFreq &rArr; SystemCoreClockUpdate &rArr; __aeabi_uidiv
</UL>
<BR>[Calls]<UL><LI><a href="#[c1]">&gt;&gt;</a>&nbsp;&nbsp;&nbsp;SystemCoreClockUpdate
</UL>
<BR>[Called By]<UL><LI><a href="#[cc]">&gt;&gt;</a>&nbsp;&nbsp;&nbsp;SPI_GetBusClock
<LI><a href="#[cb]">&gt;&gt;</a>&nbsp;&nbsp;&nbsp;SPI_SetBusClock
<LI><a href="#[c9]">&gt;&gt;</a>&nbsp;&nbsp;&nbsp;SPI_Open
</UL>

<P><STRONG><a name="[c2]"></a>CLK_GetPCLKFreq</STRONG> (Thumb, 12 bytes, Stack size 8 bytes, clk.o(.text), UNUSED)
<BR><BR>[Calls]<UL><LI><a href="#[c1]">&gt;&gt;</a>&nbsp;&nbsp;&nbsp;SystemCoreClockUpdate
</UL>

<P><STRONG><a name="[c3]"></a>CLK_GetCPUFreq</STRONG> (Thumb, 12 bytes, Stack size 8 bytes, clk.o(.text), UNUSED)
<BR><BR>[Calls]<UL><LI><a href="#[c1]">&gt;&gt;</a>&nbsp;&nbsp;&nbsp;SystemCoreClockUpdate
</UL>

<P><STRONG><a name="[52]"></a>CLK_SetCoreClock</STRONG> (Thumb, 104 bytes, Stack size 24 bytes, clk.o(.text))
<BR><BR>[Stack]<UL><LI>Max Depth = 88<LI>Call Chain = CLK_SetCoreClock &rArr; CLK_EnablePLL &rArr; __aeabi_uidiv
</UL>
<BR>[Calls]<UL><LI><a href="#[c4]">&gt;&gt;</a>&nbsp;&nbsp;&nbsp;CLK_EnablePLL
<LI><a href="#[51]">&gt;&gt;</a>&nbsp;&nbsp;&nbsp;CLK_SetHCLK
</UL>
<BR>[Called By]<UL><LI><a href="#[42]">&gt;&gt;</a>&nbsp;&nbsp;&nbsp;SB_SYS_Init
</UL>

<P><STRONG><a name="[c4]"></a>CLK_EnablePLL</STRONG> (Thumb, 372 bytes, Stack size 48 bytes, clk.o(.text))
<BR><BR>[Stack]<UL><LI>Max Depth = 64<LI>Call Chain = CLK_EnablePLL &rArr; __aeabi_uidiv
</UL>
<BR>[Calls]<UL><LI><a href="#[4f]">&gt;&gt;</a>&nbsp;&nbsp;&nbsp;CLK_WaitClockReady
<LI><a href="#[58]">&gt;&gt;</a>&nbsp;&nbsp;&nbsp;__aeabi_uidiv
</UL>
<BR>[Called By]<UL><LI><a href="#[52]">&gt;&gt;</a>&nbsp;&nbsp;&nbsp;CLK_SetCoreClock
</UL>

<P><STRONG><a name="[51]"></a>CLK_SetHCLK</STRONG> (Thumb, 64 bytes, Stack size 24 bytes, clk.o(.text))
<BR><BR>[Stack]<UL><LI>Max Depth = 56<LI>Call Chain = CLK_SetHCLK &rArr; SystemCoreClockUpdate &rArr; __aeabi_uidiv
</UL>
<BR>[Calls]<UL><LI><a href="#[c1]">&gt;&gt;</a>&nbsp;&nbsp;&nbsp;SystemCoreClockUpdate
</UL>
<BR>[Called By]<UL><LI><a href="#[52]">&gt;&gt;</a>&nbsp;&nbsp;&nbsp;CLK_SetCoreClock
<LI><a href="#[42]">&gt;&gt;</a>&nbsp;&nbsp;&nbsp;SB_SYS_Init
</UL>

<P><STRONG><a name="[1e6]"></a>CLK_SetSysTickClockSrc</STRONG> (Thumb, 16 bytes, Stack size 0 bytes, clk.o(.text), UNUSED)

<P><STRONG><a name="[4e]"></a>CLK_EnableXtalRC</STRONG> (Thumb, 12 bytes, Stack size 0 bytes, clk.o(.text))
<BR><BR>[Called By]<UL><LI><a href="#[42]">&gt;&gt;</a>&nbsp;&nbsp;&nbsp;SB_SYS_Init
</UL>

<P><STRONG><a name="[1e7]"></a>CLK_DisableXtalRC</STRONG> (Thumb, 12 bytes, Stack size 0 bytes, clk.o(.text), UNUSED)

<P><STRONG><a name="[4f]"></a>CLK_WaitClockReady</STRONG> (Thumb, 24 bytes, Stack size 0 bytes, clk.o(.text))
<BR><BR>[Called By]<UL><LI><a href="#[c4]">&gt;&gt;</a>&nbsp;&nbsp;&nbsp;CLK_EnablePLL
<LI><a href="#[42]">&gt;&gt;</a>&nbsp;&nbsp;&nbsp;SB_SYS_Init
</UL>

<P><STRONG><a name="[50]"></a>CLK_DisablePLL</STRONG> (Thumb, 16 bytes, Stack size 0 bytes, clk.o(.text))
<BR><BR>[Called By]<UL><LI><a href="#[42]">&gt;&gt;</a>&nbsp;&nbsp;&nbsp;SB_SYS_Init
</UL>

<P><STRONG><a name="[55]"></a>CLK_EnableSysTick</STRONG> (Thumb, 48 bytes, Stack size 16 bytes, clk.o(.text))
<BR><BR>[Stack]<UL><LI>Max Depth = 16<LI>Call Chain = CLK_EnableSysTick
</UL>
<BR>[Called By]<UL><LI><a href="#[42]">&gt;&gt;</a>&nbsp;&nbsp;&nbsp;SB_SYS_Init
</UL>

<P><STRONG><a name="[1e8]"></a>CLK_DisableSysTick</STRONG> (Thumb, 8 bytes, Stack size 0 bytes, clk.o(.text), UNUSED)

<P><STRONG><a name="[1e9]"></a>FMC_SetBootSource</STRONG> (Thumb, 20 bytes, Stack size 0 bytes, fmc.o(.text), UNUSED)

<P><STRONG><a name="[1ea]"></a>FMC_Close</STRONG> (Thumb, 12 bytes, Stack size 0 bytes, fmc.o(.text), UNUSED)

<P><STRONG><a name="[1eb]"></a>FMC_DisableAPUpdate</STRONG> (Thumb, 12 bytes, Stack size 0 bytes, fmc.o(.text), UNUSED)

<P><STRONG><a name="[1ec]"></a>FMC_DisableConfigUpdate</STRONG> (Thumb, 12 bytes, Stack size 0 bytes, fmc.o(.text), UNUSED)

<P><STRONG><a name="[1ed]"></a>FMC_DisableLDUpdate</STRONG> (Thumb, 12 bytes, Stack size 0 bytes, fmc.o(.text), UNUSED)

<P><STRONG><a name="[1ee]"></a>FMC_EnableAPUpdate</STRONG> (Thumb, 12 bytes, Stack size 0 bytes, fmc.o(.text), UNUSED)

<P><STRONG><a name="[1ef]"></a>FMC_EnableConfigUpdate</STRONG> (Thumb, 12 bytes, Stack size 0 bytes, fmc.o(.text), UNUSED)

<P><STRONG><a name="[1f0]"></a>FMC_EnableLDUpdate</STRONG> (Thumb, 12 bytes, Stack size 0 bytes, fmc.o(.text), UNUSED)

<P><STRONG><a name="[1f1]"></a>FMC_GetBootSource</STRONG> (Thumb, 12 bytes, Stack size 0 bytes, fmc.o(.text), UNUSED)

<P><STRONG><a name="[ef]"></a>FMC_Open</STRONG> (Thumb, 12 bytes, Stack size 0 bytes, fmc.o(.text))
<BR><BR>[Called By]<UL><LI><a href="#[4b]">&gt;&gt;</a>&nbsp;&nbsp;&nbsp;DataFlash_Master_Init
</UL>

<P><STRONG><a name="[f0]"></a>FMC_ReadDataFlashBaseAddr</STRONG> (Thumb, 8 bytes, Stack size 0 bytes, fmc.o(.text))
<BR><BR>[Called By]<UL><LI><a href="#[4b]">&gt;&gt;</a>&nbsp;&nbsp;&nbsp;DataFlash_Master_Init
</UL>

<P><STRONG><a name="[67]"></a>FMC_ReadConfig</STRONG> (Thumb, 32 bytes, Stack size 16 bytes, fmc.o(.text))
<BR><BR>[Stack]<UL><LI>Max Depth = 16<LI>Call Chain = FMC_ReadConfig
</UL>
<BR>[Calls]<UL><LI><a href="#[c5]">&gt;&gt;</a>&nbsp;&nbsp;&nbsp;FMC_Read
</UL>
<BR>[Called By]<UL><LI><a href="#[66]">&gt;&gt;</a>&nbsp;&nbsp;&nbsp;SetDataFlashBase
</UL>

<P><STRONG><a name="[68]"></a>FMC_WriteConfig</STRONG> (Thumb, 76 bytes, Stack size 32 bytes, fmc.o(.text))
<BR><BR>[Stack]<UL><LI>Max Depth = 32<LI>Call Chain = FMC_WriteConfig
</UL>
<BR>[Calls]<UL><LI><a href="#[c5]">&gt;&gt;</a>&nbsp;&nbsp;&nbsp;FMC_Read
</UL>
<BR>[Called By]<UL><LI><a href="#[66]">&gt;&gt;</a>&nbsp;&nbsp;&nbsp;SetDataFlashBase
</UL>

<P><STRONG><a name="[34]"></a>GPIO_SetMode</STRONG> (Thumb, 42 bytes, Stack size 20 bytes, gpio.o(.text))
<BR><BR>[Stack]<UL><LI>Max Depth = 20<LI>Call Chain = GPIO_SetMode
</UL>
<BR>[Called By]<UL><LI><a href="#[30]">&gt;&gt;</a>&nbsp;&nbsp;&nbsp;main
<LI><a href="#[1a9]">&gt;&gt;</a>&nbsp;&nbsp;&nbsp;xMBPortSerialInit
<LI><a href="#[f6]">&gt;&gt;</a>&nbsp;&nbsp;&nbsp;SX1276SetReset
</UL>
<BR>[Address Reference Count : 2]<UL><LI> gpio_driver.o(.text)
<LI> sx1278_hw.o(.text)
</UL>
<P><STRONG><a name="[1f2]"></a>GPIO_EnableInt</STRONG> (Thumb, 40 bytes, Stack size 16 bytes, gpio.o(.text), UNUSED)

<P><STRONG><a name="[1f3]"></a>GPIO_DisableInt</STRONG> (Thumb, 24 bytes, Stack size 0 bytes, gpio.o(.text), UNUSED)

<P><STRONG><a name="[37]"></a>Hard_Fault_Handler</STRONG> (Thumb, 68 bytes, Stack size 16 bytes, retarget.o(.text))
<BR><BR>[Stack]<UL><LI>Max Depth = 32<LI>Call Chain = Hard_Fault_Handler &rArr; puts &rArr; fputc
</UL>
<BR>[Calls]<UL><LI><a href="#[5d]">&gt;&gt;</a>&nbsp;&nbsp;&nbsp;puts
</UL>
<BR>[Called By]<UL><LI><a href="#[c]">&gt;&gt;</a>&nbsp;&nbsp;&nbsp;HardFault_Handler
</UL>
<BR>[Address Reference Count : 1]<UL><LI> retarget.o(.text)
</UL>
<P><STRONG><a name="[c]"></a>HardFault_Handler</STRONG> (Thumb, 28 bytes, Stack size 0 bytes, retarget.o(.text))
<BR><BR>[Stack]<UL><LI>Max Depth = 32<LI>Call Chain = HardFault_Handler &rArr; Hard_Fault_Handler &rArr; puts &rArr; fputc
</UL>
<BR>[Calls]<UL><LI><a href="#[37]">&gt;&gt;</a>&nbsp;&nbsp;&nbsp;Hard_Fault_Handler
</UL>
<BR>[Address Reference Count : 1]<UL><LI> startup_nuc200series.o(RESET)
</UL>
<P><STRONG><a name="[c7]"></a>SendChar_ToUART</STRONG> (Thumb, 32 bytes, Stack size 0 bytes, retarget.o(.text))
<BR><BR>[Called By]<UL><LI><a href="#[3e]">&gt;&gt;</a>&nbsp;&nbsp;&nbsp;fputc
<LI><a href="#[c8]">&gt;&gt;</a>&nbsp;&nbsp;&nbsp;_ttywrch
<LI><a href="#[c6]">&gt;&gt;</a>&nbsp;&nbsp;&nbsp;SendChar
</UL>

<P><STRONG><a name="[c6]"></a>SendChar</STRONG> (Thumb, 8 bytes, Stack size 8 bytes, retarget.o(.text), UNUSED)
<BR><BR>[Calls]<UL><LI><a href="#[c7]">&gt;&gt;</a>&nbsp;&nbsp;&nbsp;SendChar_ToUART
</UL>

<P><STRONG><a name="[1f4]"></a>GetChar</STRONG> (Thumb, 16 bytes, Stack size 0 bytes, retarget.o(.text), UNUSED)

<P><STRONG><a name="[1f5]"></a>kbhit</STRONG> (Thumb, 12 bytes, Stack size 0 bytes, retarget.o(.text), UNUSED)

<P><STRONG><a name="[1f6]"></a>IsDebugFifoEmpty</STRONG> (Thumb, 12 bytes, Stack size 0 bytes, retarget.o(.text), UNUSED)

<P><STRONG><a name="[c8]"></a>_ttywrch</STRONG> (Thumb, 8 bytes, Stack size 8 bytes, retarget.o(.text), UNUSED)
<BR><BR>[Calls]<UL><LI><a href="#[c7]">&gt;&gt;</a>&nbsp;&nbsp;&nbsp;SendChar_ToUART
</UL>

<P><STRONG><a name="[3e]"></a>fputc</STRONG> (Thumb, 12 bytes, Stack size 8 bytes, retarget.o(.text))
<BR><BR>[Stack]<UL><LI>Max Depth = 8<LI>Call Chain = fputc
</UL>
<BR>[Calls]<UL><LI><a href="#[c7]">&gt;&gt;</a>&nbsp;&nbsp;&nbsp;SendChar_ToUART
</UL>
<BR>[Called By]<UL><LI><a href="#[170]">&gt;&gt;</a>&nbsp;&nbsp;&nbsp;putchar
<LI><a href="#[5d]">&gt;&gt;</a>&nbsp;&nbsp;&nbsp;puts
</UL>
<BR>[Address Reference Count : 1]<UL><LI> printfa.o(i.__0printf)
</UL>
<P><STRONG><a name="[1f7]"></a>_write</STRONG> (Thumb, 52 bytes, Stack size 16 bytes, retarget.o(.text), UNUSED)

<P><STRONG><a name="[1f8]"></a>_read</STRONG> (Thumb, 16 bytes, Stack size 0 bytes, retarget.o(.text), UNUSED)

<P><STRONG><a name="[c9]"></a>SPI_Open</STRONG> (Thumb, 344 bytes, Stack size 24 bytes, spi.o(.text))
<BR><BR>[Stack]<UL><LI>Max Depth = 64<LI>Call Chain = SPI_Open &rArr; CLK_GetHCLKFreq &rArr; SystemCoreClockUpdate &rArr; __aeabi_uidiv
</UL>
<BR>[Calls]<UL><LI><a href="#[ca]">&gt;&gt;</a>&nbsp;&nbsp;&nbsp;CLK_GetPLLClockFreq
<LI><a href="#[c0]">&gt;&gt;</a>&nbsp;&nbsp;&nbsp;CLK_GetHCLKFreq
<LI><a href="#[58]">&gt;&gt;</a>&nbsp;&nbsp;&nbsp;__aeabi_uidiv
</UL>
<BR>[Called By]<UL><LI><a href="#[f1]">&gt;&gt;</a>&nbsp;&nbsp;&nbsp;SX1276InitIO
</UL>

<P><STRONG><a name="[1f9]"></a>SPI_Close</STRONG> (Thumb, 60 bytes, Stack size 8 bytes, spi.o(.text), UNUSED)

<P><STRONG><a name="[1fa]"></a>SPI_ClearRxFIFO</STRONG> (Thumb, 10 bytes, Stack size 0 bytes, spi.o(.text), UNUSED)

<P><STRONG><a name="[1fb]"></a>SPI_ClearTxFIFO</STRONG> (Thumb, 10 bytes, Stack size 0 bytes, spi.o(.text), UNUSED)

<P><STRONG><a name="[145]"></a>SPI_DisableAutoSS</STRONG> (Thumb, 10 bytes, Stack size 0 bytes, spi.o(.text))
<BR><BR>[Called By]<UL><LI><a href="#[f1]">&gt;&gt;</a>&nbsp;&nbsp;&nbsp;SX1276InitIO
</UL>

<P><STRONG><a name="[144]"></a>SPI_EnableAutoSS</STRONG> (Thumb, 18 bytes, Stack size 0 bytes, spi.o(.text))
<BR><BR>[Called By]<UL><LI><a href="#[f1]">&gt;&gt;</a>&nbsp;&nbsp;&nbsp;SX1276InitIO
</UL>

<P><STRONG><a name="[cb]"></a>SPI_SetBusClock</STRONG> (Thumb, 260 bytes, Stack size 24 bytes, spi.o(.text), UNUSED)
<BR><BR>[Calls]<UL><LI><a href="#[ca]">&gt;&gt;</a>&nbsp;&nbsp;&nbsp;CLK_GetPLLClockFreq
<LI><a href="#[c0]">&gt;&gt;</a>&nbsp;&nbsp;&nbsp;CLK_GetHCLKFreq
<LI><a href="#[58]">&gt;&gt;</a>&nbsp;&nbsp;&nbsp;__aeabi_uidiv
</UL>

<P><STRONG><a name="[1fc]"></a>SPI_EnableFIFO</STRONG> (Thumb, 32 bytes, Stack size 8 bytes, spi.o(.text), UNUSED)

<P><STRONG><a name="[1fd]"></a>SPI_DisableFIFO</STRONG> (Thumb, 12 bytes, Stack size 0 bytes, spi.o(.text), UNUSED)

<P><STRONG><a name="[cc]"></a>SPI_GetBusClock</STRONG> (Thumb, 80 bytes, Stack size 16 bytes, spi.o(.text), UNUSED)
<BR><BR>[Calls]<UL><LI><a href="#[ca]">&gt;&gt;</a>&nbsp;&nbsp;&nbsp;CLK_GetPLLClockFreq
<LI><a href="#[c0]">&gt;&gt;</a>&nbsp;&nbsp;&nbsp;CLK_GetHCLKFreq
<LI><a href="#[58]">&gt;&gt;</a>&nbsp;&nbsp;&nbsp;__aeabi_uidiv
</UL>

<P><STRONG><a name="[1fe]"></a>SPI_EnableInt</STRONG> (Thumb, 80 bytes, Stack size 0 bytes, spi.o(.text), UNUSED)

<P><STRONG><a name="[1ff]"></a>SPI_DisableInt</STRONG> (Thumb, 80 bytes, Stack size 0 bytes, spi.o(.text), UNUSED)

<P><STRONG><a name="[200]"></a>SPI_GetIntFlag</STRONG> (Thumb, 88 bytes, Stack size 8 bytes, spi.o(.text), UNUSED)

<P><STRONG><a name="[201]"></a>SPI_ClearIntFlag</STRONG> (Thumb, 48 bytes, Stack size 0 bytes, spi.o(.text), UNUSED)

<P><STRONG><a name="[202]"></a>SPI_GetStatus</STRONG> (Thumb, 76 bytes, Stack size 8 bytes, spi.o(.text), UNUSED)

<P><STRONG><a name="[203]"></a>SYS_ClearResetSrc</STRONG> (Thumb, 12 bytes, Stack size 0 bytes, sys.o(.text), UNUSED)

<P><STRONG><a name="[204]"></a>SYS_GetBODStatus</STRONG> (Thumb, 12 bytes, Stack size 0 bytes, sys.o(.text), UNUSED)

<P><STRONG><a name="[205]"></a>SYS_GetResetSrc</STRONG> (Thumb, 8 bytes, Stack size 0 bytes, sys.o(.text), UNUSED)

<P><STRONG><a name="[206]"></a>SYS_IsRegLocked</STRONG> (Thumb, 12 bytes, Stack size 0 bytes, sys.o(.text), UNUSED)

<P><STRONG><a name="[207]"></a>SYS_ReadPDID</STRONG> (Thumb, 8 bytes, Stack size 0 bytes, sys.o(.text), UNUSED)

<P><STRONG><a name="[ee]"></a>SYS_ResetChip</STRONG> (Thumb, 12 bytes, Stack size 0 bytes, sys.o(.text))
<BR><BR>[Called By]<UL><LI><a href="#[e8]">&gt;&gt;</a>&nbsp;&nbsp;&nbsp;ProcessCommand
</UL>

<P><STRONG><a name="[208]"></a>SYS_ResetCPU</STRONG> (Thumb, 12 bytes, Stack size 0 bytes, sys.o(.text), UNUSED)

<P><STRONG><a name="[57]"></a>SYS_ResetModule</STRONG> (Thumb, 32 bytes, Stack size 8 bytes, sys.o(.text))
<BR><BR>[Stack]<UL><LI>Max Depth = 8<LI>Call Chain = SYS_ResetModule
</UL>
<BR>[Called By]<UL><LI><a href="#[62]">&gt;&gt;</a>&nbsp;&nbsp;&nbsp;SB_Timer3_Init
<LI><a href="#[61]">&gt;&gt;</a>&nbsp;&nbsp;&nbsp;SB_Timer2_Init
<LI><a href="#[60]">&gt;&gt;</a>&nbsp;&nbsp;&nbsp;SB_Timer1_Init
<LI><a href="#[5e]">&gt;&gt;</a>&nbsp;&nbsp;&nbsp;SB_Timer0_Init
<LI><a href="#[43]">&gt;&gt;</a>&nbsp;&nbsp;&nbsp;SB_Uart_Driver_Init
<LI><a href="#[1aa]">&gt;&gt;</a>&nbsp;&nbsp;&nbsp;xMBPortTimersInit
</UL>

<P><STRONG><a name="[209]"></a>SYS_EnableBOD</STRONG> (Thumb, 36 bytes, Stack size 8 bytes, sys.o(.text), UNUSED)

<P><STRONG><a name="[20a]"></a>SYS_DisableBOD</STRONG> (Thumb, 12 bytes, Stack size 0 bytes, sys.o(.text), UNUSED)

<P><STRONG><a name="[5f]"></a>TIMER_Open</STRONG> (Thumb, 68 bytes, Stack size 24 bytes, timer.o(.text))
<BR><BR>[Stack]<UL><LI>Max Depth = 40<LI>Call Chain = TIMER_Open &rArr; __aeabi_uidiv
</UL>
<BR>[Calls]<UL><LI><a href="#[cd]">&gt;&gt;</a>&nbsp;&nbsp;&nbsp;TIMER_GetModuleClock
<LI><a href="#[58]">&gt;&gt;</a>&nbsp;&nbsp;&nbsp;__aeabi_uidiv
</UL>
<BR>[Called By]<UL><LI><a href="#[62]">&gt;&gt;</a>&nbsp;&nbsp;&nbsp;SB_Timer3_Init
<LI><a href="#[61]">&gt;&gt;</a>&nbsp;&nbsp;&nbsp;SB_Timer2_Init
<LI><a href="#[60]">&gt;&gt;</a>&nbsp;&nbsp;&nbsp;SB_Timer1_Init
<LI><a href="#[5e]">&gt;&gt;</a>&nbsp;&nbsp;&nbsp;SB_Timer0_Init
</UL>

<P><STRONG><a name="[cd]"></a>TIMER_GetModuleClock</STRONG> (Thumb, 60 bytes, Stack size 0 bytes, timer.o(.text))
<BR><BR>[Called By]<UL><LI><a href="#[ce]">&gt;&gt;</a>&nbsp;&nbsp;&nbsp;TIMER_Delay
<LI><a href="#[5f]">&gt;&gt;</a>&nbsp;&nbsp;&nbsp;TIMER_Open
</UL>

<P><STRONG><a name="[20b]"></a>TIMER_Close</STRONG> (Thumb, 8 bytes, Stack size 0 bytes, timer.o(.text), UNUSED)

<P><STRONG><a name="[ce]"></a>TIMER_Delay</STRONG> (Thumb, 148 bytes, Stack size 32 bytes, timer.o(.text), UNUSED)
<BR><BR>[Calls]<UL><LI><a href="#[cd]">&gt;&gt;</a>&nbsp;&nbsp;&nbsp;TIMER_GetModuleClock
<LI><a href="#[58]">&gt;&gt;</a>&nbsp;&nbsp;&nbsp;__aeabi_uidiv
</UL>

<P><STRONG><a name="[20c]"></a>TIMER_EnableCapture</STRONG> (Thumb, 18 bytes, Stack size 0 bytes, timer.o(.text), UNUSED)

<P><STRONG><a name="[20d]"></a>TIMER_DisableCapture</STRONG> (Thumb, 10 bytes, Stack size 0 bytes, timer.o(.text), UNUSED)

<P><STRONG><a name="[20e]"></a>TIMER_EnableEventCounter</STRONG> (Thumb, 20 bytes, Stack size 0 bytes, timer.o(.text), UNUSED)

<P><STRONG><a name="[20f]"></a>TIMER_DisableEventCounter</STRONG> (Thumb, 12 bytes, Stack size 0 bytes, timer.o(.text), UNUSED)

<P><STRONG><a name="[210]"></a>UART_ClearIntFlag</STRONG> (Thumb, 52 bytes, Stack size 8 bytes, uart.o(.text), UNUSED)

<P><STRONG><a name="[211]"></a>UART_Close</STRONG> (Thumb, 6 bytes, Stack size 0 bytes, uart.o(.text), UNUSED)

<P><STRONG><a name="[212]"></a>UART_DisableFlowCtrl</STRONG> (Thumb, 12 bytes, Stack size 0 bytes, uart.o(.text), UNUSED)

<P><STRONG><a name="[213]"></a>UART_DisableInt</STRONG> (Thumb, 28 bytes, Stack size 0 bytes, uart.o(.text), UNUSED)

<P><STRONG><a name="[214]"></a>UART_EnableFlowCtrl</STRONG> (Thumb, 30 bytes, Stack size 0 bytes, uart.o(.text), UNUSED)

<P><STRONG><a name="[90]"></a>UART_EnableInt</STRONG> (Thumb, 28 bytes, Stack size 0 bytes, uart.o(.text), UNUSED)
<BR><BR>[Called By]<UL><LI><a href="#[8e]">&gt;&gt;</a>&nbsp;&nbsp;&nbsp;Modbus_Init
</UL>

<P><STRONG><a name="[cf]"></a>UART_Open</STRONG> (Thumb, 120 bytes, Stack size 40 bytes, uart.o(.text), UNUSED)
<BR><BR>[Calls]<UL><LI><a href="#[d0]">&gt;&gt;</a>&nbsp;&nbsp;&nbsp;CLK_GetPLLClockFreq
<LI><a href="#[58]">&gt;&gt;</a>&nbsp;&nbsp;&nbsp;__aeabi_uidiv
</UL>

<P><STRONG><a name="[190]"></a>UART_Read</STRONG> (Thumb, 38 bytes, Stack size 16 bytes, uart.o(.text))
<BR><BR>[Stack]<UL><LI>Max Depth = 16<LI>Call Chain = UART_Read
</UL>
<BR>[Called By]<UL><LI><a href="#[18f]">&gt;&gt;</a>&nbsp;&nbsp;&nbsp;Modbus_Master_GetByte
</UL>

<P><STRONG><a name="[d1]"></a>UART_SetLine_Config</STRONG> (Thumb, 124 bytes, Stack size 48 bytes, uart.o(.text), UNUSED)
<BR><BR>[Calls]<UL><LI><a href="#[d0]">&gt;&gt;</a>&nbsp;&nbsp;&nbsp;CLK_GetPLLClockFreq
<LI><a href="#[58]">&gt;&gt;</a>&nbsp;&nbsp;&nbsp;__aeabi_uidiv
</UL>

<P><STRONG><a name="[215]"></a>UART_SetTimeoutCnt</STRONG> (Thumb, 22 bytes, Stack size 0 bytes, uart.o(.text), UNUSED)

<P><STRONG><a name="[d2]"></a>UART_SelectIrDAMode</STRONG> (Thumb, 128 bytes, Stack size 48 bytes, uart.o(.text), UNUSED)
<BR><BR>[Calls]<UL><LI><a href="#[d0]">&gt;&gt;</a>&nbsp;&nbsp;&nbsp;CLK_GetPLLClockFreq
<LI><a href="#[58]">&gt;&gt;</a>&nbsp;&nbsp;&nbsp;__aeabi_uidiv
</UL>

<P><STRONG><a name="[216]"></a>UART_SelectRS485Mode</STRONG> (Thumb, 28 bytes, Stack size 8 bytes, uart.o(.text), UNUSED)

<P><STRONG><a name="[217]"></a>UART_SelectLINMode</STRONG> (Thumb, 24 bytes, Stack size 8 bytes, uart.o(.text), UNUSED)

<P><STRONG><a name="[193]"></a>UART_Write</STRONG> (Thumb, 38 bytes, Stack size 16 bytes, uart.o(.text), UNUSED)
<BR><BR>[Called By]<UL><LI><a href="#[17d]">&gt;&gt;</a>&nbsp;&nbsp;&nbsp;Modbus_Master_Write
</UL>

<P><STRONG><a name="[5c]"></a>WDT_Open</STRONG> (Thumb, 24 bytes, Stack size 8 bytes, wdt.o(.text))
<BR><BR>[Stack]<UL><LI>Max Depth = 8<LI>Call Chain = WDT_Open
</UL>
<BR>[Called By]<UL><LI><a href="#[45]">&gt;&gt;</a>&nbsp;&nbsp;&nbsp;SB_WDT_Driver_Init
</UL>

<P><STRONG><a name="[59]"></a>USBD_Open</STRONG> (Thumb, 36 bytes, Stack size 0 bytes, usbd.o(.text))
<BR><BR>[Called By]<UL><LI><a href="#[47]">&gt;&gt;</a>&nbsp;&nbsp;&nbsp;SB_Usb_Driver_Init
</UL>

<P><STRONG><a name="[5b]"></a>USBD_Start</STRONG> (Thumb, 56 bytes, Stack size 0 bytes, usbd.o(.text))
<BR><BR>[Called By]<UL><LI><a href="#[47]">&gt;&gt;</a>&nbsp;&nbsp;&nbsp;SB_Usb_Driver_Init
</UL>

<P><STRONG><a name="[a4]"></a>USBD_GetSetupPacket</STRONG> (Thumb, 16 bytes, Stack size 8 bytes, usbd.o(.text))
<BR><BR>[Stack]<UL><LI>Max Depth = 8<LI>Call Chain = USBD_GetSetupPacket
</UL>
<BR>[Calls]<UL><LI><a href="#[d3]">&gt;&gt;</a>&nbsp;&nbsp;&nbsp;USBD_MemCopy
</UL>
<BR>[Called By]<UL><LI><a href="#[33]">&gt;&gt;</a>&nbsp;&nbsp;&nbsp;HID_ClassRequest
</UL>

<P><STRONG><a name="[9d]"></a>USBD_ProcessSetupPacket</STRONG> (Thumb, 80 bytes, Stack size 16 bytes, usbd.o(.text))
<BR><BR>[Stack]<UL><LI>Max Depth = 80<LI>Call Chain = USBD_ProcessSetupPacket &rArr; USBD_StandardRequest &rArr; USBD_GetDescriptor &rArr; USBD_PrepareCtrlIn
</UL>
<BR>[Calls]<UL><LI><a href="#[d4]">&gt;&gt;</a>&nbsp;&nbsp;&nbsp;USBD_StandardRequest
[...]

<P><STRONG><a name="[24a]"></a>__I$use$fp</STRONG> (Thumb, 0 bytes, Stack size 8 bytes, iusefp.o(.text), UNUSED)

<P><STRONG><a name="[1ba]"></a>_double_round</STRONG> (Thumb, 26 bytes, Stack size 8 bytes, depilogue.o(.text))
<BR><BR>[Stack]<UL><LI>Max Depth = 8<LI>Call Chain = _double_round
</UL>
<BR>[Called By]<UL><LI><a href="#[133]">&gt;&gt;</a>&nbsp;&nbsp;&nbsp;__aeabi_dadd
<LI><a href="#[131]">&gt;&gt;</a>&nbsp;&nbsp;&nbsp;__aeabi_ddiv
<LI><a href="#[1b9]">&gt;&gt;</a>&nbsp;&nbsp;&nbsp;_double_epilogue
<LI><a href="#[1bf]">&gt;&gt;</a>&nbsp;&nbsp;&nbsp;_drnd
</UL>

<P><STRONG><a name="[1b9]"></a>_double_epilogue</STRONG> (Thumb, 164 bytes, Stack size 48 bytes, depilogue.o(.text))
<BR><BR>[Stack]<UL><LI>Max Depth = 56<LI>Call Chain = _double_epilogue &rArr; _double_round
</UL>
<BR>[Calls]<UL><LI><a href="#[1ba]">&gt;&gt;</a>&nbsp;&nbsp;&nbsp;_double_round
<LI><a href="#[1be]">&gt;&gt;</a>&nbsp;&nbsp;&nbsp;__ARM_clz
<LI><a href="#[1bc]">&gt;&gt;</a>&nbsp;&nbsp;&nbsp;__aeabi_llsr
<LI><a href="#[1b7]">&gt;&gt;</a>&nbsp;&nbsp;&nbsp;__aeabi_llsl
</UL>
<BR>[Called By]<UL><LI><a href="#[133]">&gt;&gt;</a>&nbsp;&nbsp;&nbsp;__aeabi_dadd
<LI><a href="#[12c]">&gt;&gt;</a>&nbsp;&nbsp;&nbsp;__aeabi_ui2d
<LI><a href="#[129]">&gt;&gt;</a>&nbsp;&nbsp;&nbsp;__aeabi_dmul
<LI><a href="#[128]">&gt;&gt;</a>&nbsp;&nbsp;&nbsp;__aeabi_i2d
</UL>

<P><STRONG><a name="[1c6]"></a>__ARM_scalbn</STRONG> (Thumb, 44 bytes, Stack size 16 bytes, dscalb.o(.text))
<BR><BR>[Stack]<UL><LI>Max Depth = 16<LI>Call Chain = __ARM_scalbn
</UL>
<BR>[Called By]<UL><LI><a href="#[1c7]">&gt;&gt;</a>&nbsp;&nbsp;&nbsp;__mathlib_dbl_underflow
<LI><a href="#[1c5]">&gt;&gt;</a>&nbsp;&nbsp;&nbsp;__mathlib_dbl_overflow
<LI><a href="#[14a]">&gt;&gt;</a>&nbsp;&nbsp;&nbsp;ldexp
</UL>

<P><STRONG><a name="[24b]"></a>scalbn</STRONG> (Thumb, 0 bytes, Stack size 16 bytes, dscalb.o(.text), UNUSED)

<P><STRONG><a name="[1bf]"></a>_drnd</STRONG> (Thumb, 114 bytes, Stack size 24 bytes, drnd.o(.text))
<BR><BR>[Stack]<UL><LI>Max Depth = 32<LI>Call Chain = _drnd &rArr; _double_round
</UL>
<BR>[Calls]<UL><LI><a href="#[1ba]">&gt;&gt;</a>&nbsp;&nbsp;&nbsp;_double_round
<LI><a href="#[1bc]">&gt;&gt;</a>&nbsp;&nbsp;&nbsp;__aeabi_llsr
<LI><a href="#[1b7]">&gt;&gt;</a>&nbsp;&nbsp;&nbsp;__aeabi_llsl
</UL>
<BR>[Called By]<UL><LI><a href="#[132]">&gt;&gt;</a>&nbsp;&nbsp;&nbsp;round
</UL>

<P><STRONG><a name="[1c0]"></a>__aeabi_d2ulz</STRONG> (Thumb, 54 bytes, Stack size 8 bytes, dfixul.o(.text), UNUSED)
<BR><BR>[Calls]<UL><LI><a href="#[1bc]">&gt;&gt;</a>&nbsp;&nbsp;&nbsp;__aeabi_llsr
<LI><a href="#[1b7]">&gt;&gt;</a>&nbsp;&nbsp;&nbsp;__aeabi_llsl
</UL>
<BR>[Called By]<UL><LI><a href="#[1c8]">&gt;&gt;</a>&nbsp;&nbsp;&nbsp;_fp_digits
</UL>

<P><STRONG><a name="[1cc]"></a>__aeabi_cdcmpeq</STRONG> (Thumb, 0 bytes, Stack size 0 bytes, cdcmple.o(.text))
<BR><BR>[Called By]<UL><LI><a href="#[14a]">&gt;&gt;</a>&nbsp;&nbsp;&nbsp;ldexp
</UL>

<P><STRONG><a name="[1ce]"></a>__aeabi_cdcmple</STRONG> (Thumb, 38 bytes, Stack size 0 bytes, cdcmple.o(.text))
<BR><BR>[Called By]<UL><LI><a href="#[132]">&gt;&gt;</a>&nbsp;&nbsp;&nbsp;round
</UL>

<P><STRONG><a name="[1c9]"></a>__aeabi_cdrcmple</STRONG> (Thumb, 38 bytes, Stack size 0 bytes, cdrcmple.o(.text))
<BR><BR>[Called By]<UL><LI><a href="#[1c8]">&gt;&gt;</a>&nbsp;&nbsp;&nbsp;_fp_digits
<LI><a href="#[132]">&gt;&gt;</a>&nbsp;&nbsp;&nbsp;round
</UL>

<P><STRONG><a name="[41]"></a>__scatterload</STRONG> (Thumb, 38 bytes, Stack size 0 bytes, init.o(.text))
<BR><BR>[Calls]<UL><LI><a href="#[1c1]">&gt;&gt;</a>&nbsp;&nbsp;&nbsp;__main_after_scatterload
</UL>
<BR>[Called By]<UL><LI><a href="#[40]">&gt;&gt;</a>&nbsp;&nbsp;&nbsp;_main_scatterload
</UL>

<P><STRONG><a name="[24c]"></a>__scatterload_rt2</STRONG> (Thumb, 0 bytes, Stack size 0 bytes, init.o(.text), UNUSED)

<P><STRONG><a name="[24d]"></a>__decompress</STRONG> (Thumb, 0 bytes, Stack size unknown bytes, __dczerorl.o(.text), UNUSED)

<P><STRONG><a name="[24e]"></a>__decompress0</STRONG> (Thumb, 58 bytes, Stack size unknown bytes, __dczerorl.o(.text), UNUSED)

<P><STRONG><a name="[1c2]"></a>__0printf</STRONG> (Thumb, 24 bytes, Stack size 24 bytes, printfa.o(i.__0printf), UNUSED)
<BR><BR>[Calls]<UL><LI><a href="#[1c3]">&gt;&gt;</a>&nbsp;&nbsp;&nbsp;_printf_core
</UL>

<P><STRONG><a name="[24f]"></a>__1printf</STRONG> (Thumb, 0 bytes, Stack size 24 bytes, printfa.o(i.__0printf), UNUSED)

<P><STRONG><a name="[36]"></a>__2printf</STRONG> (Thumb, 0 bytes, Stack size 24 bytes, printfa.o(i.__0printf))
<BR><BR>[Stack]<UL><LI>Max Depth = 24<LI>Call Chain = __2printf
</UL>
<BR>[Called By]<UL><LI><a href="#[e8]">&gt;&gt;</a>&nbsp;&nbsp;&nbsp;ProcessCommand
<LI><a href="#[bf]">&gt;&gt;</a>&nbsp;&nbsp;&nbsp;printArray8Bit
<LI><a href="#[8c]">&gt;&gt;</a>&nbsp;&nbsp;&nbsp;Decode_Packet_Client_Feddback_HMIStatus
<LI><a href="#[4b]">&gt;&gt;</a>&nbsp;&nbsp;&nbsp;DataFlash_Master_Init
<LI><a href="#[175]">&gt;&gt;</a>&nbsp;&nbsp;&nbsp;ShaTest
<LI><a href="#[172]">&gt;&gt;</a>&nbsp;&nbsp;&nbsp;test_encrypt_cbc
<LI><a href="#[171]">&gt;&gt;</a>&nbsp;&nbsp;&nbsp;test_decrypt_cbc
<LI><a href="#[16f]">&gt;&gt;</a>&nbsp;&nbsp;&nbsp;print_hex
<LI><a href="#[ec]">&gt;&gt;</a>&nbsp;&nbsp;&nbsp;Update_DataFlashDevice_From_PC
</UL>
<BR>[Address Reference Count : 2]<UL><LI> retarget.o(.text)
<LI> rf_transfer.o(.text)
</UL>
<P><STRONG><a name="[250]"></a>__c89printf</STRONG> (Thumb, 0 bytes, Stack size 24 bytes, printfa.o(i.__0printf), UNUSED)

<P><STRONG><a name="[251]"></a>printf</STRONG> (Thumb, 0 bytes, Stack size 24 bytes, printfa.o(i.__0printf), UNUSED)

<P><STRONG><a name="[1c4]"></a>__0vsnprintf</STRONG> (Thumb, 44 bytes, Stack size 24 bytes, printfa.o(i.__0vsnprintf), UNUSED)
<BR><BR>[Calls]<UL><LI><a href="#[1c3]">&gt;&gt;</a>&nbsp;&nbsp;&nbsp;_printf_core
</UL>

<P><STRONG><a name="[252]"></a>__1vsnprintf</STRONG> (Thumb, 0 bytes, Stack size 24 bytes, printfa.o(i.__0vsnprintf), UNUSED)

<P><STRONG><a name="[253]"></a>__2vsnprintf</STRONG> (Thumb, 0 bytes, Stack size 24 bytes, printfa.o(i.__0vsnprintf), UNUSED)

<P><STRONG><a name="[254]"></a>__c89vsnprintf</STRONG> (Thumb, 0 bytes, Stack size 24 bytes, printfa.o(i.__0vsnprintf), UNUSED)

<P><STRONG><a name="[1b4]"></a>vsnprintf</STRONG> (Thumb, 0 bytes, Stack size 24 bytes, printfa.o(i.__0vsnprintf))
<BR><BR>[Stack]<UL><LI>Max Depth = 24<LI>Call Chain = vsnprintf
</UL>
<BR>[Called By]<UL><LI><a href="#[35]">&gt;&gt;</a>&nbsp;&nbsp;&nbsp;log_message
</UL>

<P><STRONG><a name="[1be]"></a>__ARM_clz</STRONG> (Thumb, 46 bytes, Stack size 0 bytes, depilogue.o(i.__ARM_clz))
<BR><BR>[Called By]<UL><LI><a href="#[1b9]">&gt;&gt;</a>&nbsp;&nbsp;&nbsp;_double_epilogue
</UL>

<P><STRONG><a name="[19d]"></a>__ARM_fpclassifyf</STRONG> (Thumb, 34 bytes, Stack size 0 bytes, fpclassifyf.o(i.__ARM_fpclassifyf), UNUSED)
<BR><BR>[Called By]<UL><LI><a href="#[19c]">&gt;&gt;</a>&nbsp;&nbsp;&nbsp;MBGetFloatData
</UL>

<P><STRONG><a name="[1c5]"></a>__mathlib_dbl_overflow</STRONG> (Thumb, 16 bytes, Stack size 8 bytes, dunder.o(i.__mathlib_dbl_overflow))
<BR><BR>[Stack]<UL><LI>Max Depth = 24<LI>Call Chain = __mathlib_dbl_overflow &rArr; __ARM_scalbn
</UL>
<BR>[Calls]<UL><LI><a href="#[1c6]">&gt;&gt;</a>&nbsp;&nbsp;&nbsp;__ARM_scalbn
</UL>
<BR>[Called By]<UL><LI><a href="#[14a]">&gt;&gt;</a>&nbsp;&nbsp;&nbsp;ldexp
</UL>

<P><STRONG><a name="[1c7]"></a>__mathlib_dbl_underflow</STRONG> (Thumb, 14 bytes, Stack size 8 bytes, dunder.o(i.__mathlib_dbl_underflow))
<BR><BR>[Stack]<UL><LI>Max Depth = 24<LI>Call Chain = __mathlib_dbl_underflow &rArr; __ARM_scalbn
</UL>
<BR>[Calls]<UL><LI><a href="#[1c6]">&gt;&gt;</a>&nbsp;&nbsp;&nbsp;__ARM_scalbn
</UL>
<BR>[Called By]<UL><LI><a href="#[14a]">&gt;&gt;</a>&nbsp;&nbsp;&nbsp;ldexp
</UL>

<P><STRONG><a name="[255]"></a>__scatterload_copy</STRONG> (Thumb, 14 bytes, Stack size unknown bytes, handlers.o(i.__scatterload_copy), UNUSED)

<P><STRONG><a name="[256]"></a>__scatterload_null</STRONG> (Thumb, 2 bytes, Stack size unknown bytes, handlers.o(i.__scatterload_null), UNUSED)

<P><STRONG><a name="[257]"></a>__scatterload_zeroinit</STRONG> (Thumb, 14 bytes, Stack size unknown bytes, handlers.o(i.__scatterload_zeroinit), UNUSED)

<P><STRONG><a name="[1cd]"></a>__set_errno</STRONG> (Thumb, 6 bytes, Stack size 0 bytes, errno.o(i.__set_errno))
<BR><BR>[Called By]<UL><LI><a href="#[14a]">&gt;&gt;</a>&nbsp;&nbsp;&nbsp;ldexp
</UL>

<P><STRONG><a name="[14a]"></a>ldexp</STRONG> (Thumb, 112 bytes, Stack size 16 bytes, ldexp.o(i.ldexp))
<BR><BR>[Stack]<UL><LI>Max Depth = 40<LI>Call Chain = ldexp &rArr; __mathlib_dbl_underflow &rArr; __ARM_scalbn
</UL>
<BR>[Calls]<UL><LI><a href="#[1c7]">&gt;&gt;</a>&nbsp;&nbsp;&nbsp;__mathlib_dbl_underflow
<LI><a href="#[1c5]">&gt;&gt;</a>&nbsp;&nbsp;&nbsp;__mathlib_dbl_overflow
<LI><a href="#[1cc]">&gt;&gt;</a>&nbsp;&nbsp;&nbsp;__aeabi_cdcmpeq
<LI><a href="#[1c6]">&gt;&gt;</a>&nbsp;&nbsp;&nbsp;__ARM_scalbn
<LI><a href="#[1cd]">&gt;&gt;</a>&nbsp;&nbsp;&nbsp;__set_errno
</UL>
<BR>[Called By]<UL><LI><a href="#[14d]">&gt;&gt;</a>&nbsp;&nbsp;&nbsp;SX1276FskGetBw
<LI><a href="#[11e]">&gt;&gt;</a>&nbsp;&nbsp;&nbsp;SX1276FskSetDccBw
</UL>

<P><STRONG><a name="[170]"></a>putchar</STRONG> (Thumb, 10 bytes, Stack size 8 bytes, putchar.o(i.putchar))
<BR><BR>[Stack]<UL><LI>Max Depth = 16<LI>Call Chain = putchar &rArr; fputc
</UL>
<BR>[Calls]<UL><LI><a href="#[3e]">&gt;&gt;</a>&nbsp;&nbsp;&nbsp;fputc
</UL>
<BR>[Called By]<UL><LI><a href="#[bf]">&gt;&gt;</a>&nbsp;&nbsp;&nbsp;printArray8Bit
<LI><a href="#[175]">&gt;&gt;</a>&nbsp;&nbsp;&nbsp;ShaTest
<LI><a href="#[16f]">&gt;&gt;</a>&nbsp;&nbsp;&nbsp;print_hex
</UL>

<P><STRONG><a name="[5d]"></a>puts</STRONG> (Thumb, 28 bytes, Stack size 8 bytes, puts.o(i.puts))
<BR><BR>[Stack]<UL><LI>Max Depth = 16<LI>Call Chain = puts &rArr; fputc
</UL>
<BR>[Calls]<UL><LI><a href="#[3e]">&gt;&gt;</a>&nbsp;&nbsp;&nbsp;fputc
</UL>
<BR>[Called By]<UL><LI><a href="#[37]">&gt;&gt;</a>&nbsp;&nbsp;&nbsp;Hard_Fault_Handler
<LI><a href="#[35]">&gt;&gt;</a>&nbsp;&nbsp;&nbsp;log_message
<LI><a href="#[11]">&gt;&gt;</a>&nbsp;&nbsp;&nbsp;WDT_IRQHandler
<LI><a href="#[66]">&gt;&gt;</a>&nbsp;&nbsp;&nbsp;SetDataFlashBase
<LI><a href="#[4b]">&gt;&gt;</a>&nbsp;&nbsp;&nbsp;DataFlash_Master_Init
<LI><a href="#[45]">&gt;&gt;</a>&nbsp;&nbsp;&nbsp;SB_WDT_Driver_Init
<LI><a href="#[172]">&gt;&gt;</a>&nbsp;&nbsp;&nbsp;test_encrypt_cbc
<LI><a href="#[171]">&gt;&gt;</a>&nbsp;&nbsp;&nbsp;test_decrypt_cbc
</UL>

<P><STRONG><a name="[132]"></a>round</STRONG> (Thumb, 142 bytes, Stack size 32 bytes, round.o(i.round))
<BR><BR>[Stack]<UL><LI>Max Depth = 144<LI>Call Chain = round &rArr; __aeabi_dsub &rArr; __aeabi_dadd &rArr; _double_epilogue &rArr; _double_round
</UL>
<BR>[Calls]<UL><LI><a href="#[14b]">&gt;&gt;</a>&nbsp;&nbsp;&nbsp;__aeabi_dsub
<LI><a href="#[133]">&gt;&gt;</a>&nbsp;&nbsp;&nbsp;__aeabi_dadd
<LI><a href="#[1bf]">&gt;&gt;</a>&nbsp;&nbsp;&nbsp;_drnd
<LI><a href="#[1c9]">&gt;&gt;</a>&nbsp;&nbsp;&nbsp;__aeabi_cdrcmple
<LI><a href="#[1ce]">&gt;&gt;</a>&nbsp;&nbsp;&nbsp;__aeabi_cdcmple
</UL>
<BR>[Called By]<UL><LI><a href="#[73]">&gt;&gt;</a>&nbsp;&nbsp;&nbsp;SX1276FskGetTimeOnAir
<LI><a href="#[119]">&gt;&gt;</a>&nbsp;&nbsp;&nbsp;SX1276FskProcess
</UL>
<P>
<H3>
Local Symbols
</H3>
<P><STRONG><a name="[2e]"></a>Default_Handler</STRONG> (Thumb, 2 bytes, Stack size 0 bytes, startup_nuc200series.o(.text))
<BR><BR>[Calls]<UL><LI><a href="#[2e]">&gt;&gt;</a>&nbsp;&nbsp;&nbsp;Default_Handler
</UL>
<BR>[Called By]<UL><LI><a href="#[2e]">&gt;&gt;</a>&nbsp;&nbsp;&nbsp;Default_Handler
</UL>
<BR>[Address Reference Count : 1]<UL><LI> startup_nuc200series.o(RESET)
</UL>
<P><STRONG><a name="[63]"></a>FMC_Read</STRONG> (Thumb, 28 bytes, Stack size 0 bytes, dataflash_driver.o(.text))
<BR><BR>[Called By]<UL><LI><a href="#[64]">&gt;&gt;</a>&nbsp;&nbsp;&nbsp;SIM_EEPROM_WRITE
<LI><a href="#[38]">&gt;&gt;</a>&nbsp;&nbsp;&nbsp;SIM_EEPROM_READ
</UL>

<P><STRONG><a name="[65]"></a>FMC_Write</STRONG> (Thumb, 28 bytes, Stack size 0 bytes, dataflash_driver.o(.text))
<BR><BR>[Called By]<UL><LI><a href="#[64]">&gt;&gt;</a>&nbsp;&nbsp;&nbsp;SIM_EEPROM_WRITE
</UL>

<P><STRONG><a name="[a7]"></a>USBD_SetStall</STRONG> (Thumb, 32 bytes, Stack size 8 bytes, hid_transfer.o(.text))
<BR><BR>[Stack]<UL><LI>Max Depth = 8<LI>Call Chain = USBD_SetStall
</UL>
<BR>[Called By]<UL><LI><a href="#[33]">&gt;&gt;</a>&nbsp;&nbsp;&nbsp;HID_ClassRequest
</UL>

<P><STRONG><a name="[c5]"></a>FMC_Read</STRONG> (Thumb, 28 bytes, Stack size 0 bytes, fmc.o(.text))
<BR><BR>[Called By]<UL><LI><a href="#[68]">&gt;&gt;</a>&nbsp;&nbsp;&nbsp;FMC_WriteConfig
<LI><a href="#[67]">&gt;&gt;</a>&nbsp;&nbsp;&nbsp;FMC_ReadConfig
</UL>

<P><STRONG><a name="[ca]"></a>CLK_GetPLLClockFreq</STRONG> (Thumb, 68 bytes, Stack size 8 bytes, spi.o(.text))
<BR><BR>[Stack]<UL><LI>Max Depth = 24<LI>Call Chain = CLK_GetPLLClockFreq &rArr; __aeabi_uidiv
</UL>
<BR>[Calls]<UL><LI><a href="#[58]">&gt;&gt;</a>&nbsp;&nbsp;&nbsp;__aeabi_uidiv
</UL>
<BR>[Called By]<UL><LI><a href="#[cc]">&gt;&gt;</a>&nbsp;&nbsp;&nbsp;SPI_GetBusClock
<LI><a href="#[cb]">&gt;&gt;</a>&nbsp;&nbsp;&nbsp;SPI_SetBusClock
<LI><a href="#[c9]">&gt;&gt;</a>&nbsp;&nbsp;&nbsp;SPI_Open
</UL>

<P><STRONG><a name="[d0]"></a>CLK_GetPLLClockFreq</STRONG> (Thumb, 68 bytes, Stack size 8 bytes, uart.o(.text), UNUSED)
<BR><BR>[Calls]<UL><LI><a href="#[58]">&gt;&gt;</a>&nbsp;&nbsp;&nbsp;__aeabi_uidiv
</UL>
<BR>[Called By]<UL><LI><a href="#[d2]">&gt;&gt;</a>&nbsp;&nbsp;&nbsp;UART_SelectIrDAMode
<LI><a href="#[d1]">&gt;&gt;</a>&nbsp;&nbsp;&nbsp;UART_SetLine_Config
<LI><a href="#[cf]">&gt;&gt;</a>&nbsp;&nbsp;&nbsp;UART_Open
</UL>

<P><STRONG><a name="[d3]"></a>USBD_MemCopy</STRONG> (Thumb, 18 bytes, Stack size 0 bytes, usbd.o(.text))
<BR><BR>[Calls]<UL><LI><a href="#[d3]">&gt;&gt;</a>&nbsp;&nbsp;&nbsp;USBD_MemCopy
</UL>
<BR>[Called By]<UL><LI><a href="#[d3]">&gt;&gt;</a>&nbsp;&nbsp;&nbsp;USBD_MemCopy
<LI><a href="#[a5]">&gt;&gt;</a>&nbsp;&nbsp;&nbsp;USBD_PrepareCtrlIn
<LI><a href="#[a4]">&gt;&gt;</a>&nbsp;&nbsp;&nbsp;USBD_GetSetupPacket
<LI><a href="#[9f]">&gt;&gt;</a>&nbsp;&nbsp;&nbsp;USBD_CtrlOut
<LI><a href="#[9e]">&gt;&gt;</a>&nbsp;&nbsp;&nbsp;USBD_CtrlIn
<LI><a href="#[9d]">&gt;&gt;</a>&nbsp;&nbsp;&nbsp;USBD_ProcessSetupPacket
</UL>

<P><STRONG><a name="[e1]"></a>USBD_MemCopy</STRONG> (Thumb, 16 bytes, Stack size 0 bytes, usb_stack.o(.text))
<BR><BR>[Called By]<UL><LI><a href="#[e5]">&gt;&gt;</a>&nbsp;&nbsp;&nbsp;sendDataUSBD
<LI><a href="#[e4]">&gt;&gt;</a>&nbsp;&nbsp;&nbsp;SendBackDevicesStatus
<LI><a href="#[e3]">&gt;&gt;</a>&nbsp;&nbsp;&nbsp;SendBackClientSettingInfo
<LI><a href="#[e2]">&gt;&gt;</a>&nbsp;&nbsp;&nbsp;SendBack
<LI><a href="#[d7]">&gt;&gt;</a>&nbsp;&nbsp;&nbsp;SendBackDeviceSettingInfo
<LI><a href="#[9b]">&gt;&gt;</a>&nbsp;&nbsp;&nbsp;SendBackTestModbus
</UL>

<P><STRONG><a name="[ed]"></a>CLK_SysTickDelay</STRONG> (Thumb, 32 bytes, Stack size 0 bytes, usb_stack.o(.text))
<BR><BR>[Called By]<UL><LI><a href="#[e8]">&gt;&gt;</a>&nbsp;&nbsp;&nbsp;ProcessCommand
</UL>

<P><STRONG><a name="[f7]"></a>CLK_SysTickDelay</STRONG> (Thumb, 28 bytes, Stack size 0 bytes, sx1278.o(.text))
<BR><BR>[Called By]<UL><LI><a href="#[f2]">&gt;&gt;</a>&nbsp;&nbsp;&nbsp;SX1276Reset
</UL>

<P><STRONG><a name="[166]"></a>KeyExpansion</STRONG> (Thumb, 132 bytes, Stack size 28 bytes, aes.o(.text))
<BR><BR>[Stack]<UL><LI>Max Depth = 28<LI>Call Chain = KeyExpansion
</UL>
<BR>[Called By]<UL><LI><a href="#[b2]">&gt;&gt;</a>&nbsp;&nbsp;&nbsp;AES_init_ctx_iv
<LI><a href="#[172]">&gt;&gt;</a>&nbsp;&nbsp;&nbsp;test_encrypt_cbc
<LI><a href="#[171]">&gt;&gt;</a>&nbsp;&nbsp;&nbsp;test_decrypt_cbc
<LI><a href="#[165]">&gt;&gt;</a>&nbsp;&nbsp;&nbsp;AES_init_ctx
</UL>

<P><STRONG><a name="[169]"></a>Cipher</STRONG> (Thumb, 268 bytes, Stack size 64 bytes, aes.o(.text))
<BR><BR>[Stack]<UL><LI>Max Depth = 80<LI>Call Chain = Cipher &rArr; AddRoundKey
</UL>
<BR>[Calls]<UL><LI><a href="#[16a]">&gt;&gt;</a>&nbsp;&nbsp;&nbsp;AddRoundKey
</UL>
<BR>[Called By]<UL><LI><a href="#[b3]">&gt;&gt;</a>&nbsp;&nbsp;&nbsp;AES_CBC_encrypt_buffer
<LI><a href="#[16e]">&gt;&gt;</a>&nbsp;&nbsp;&nbsp;AES_CTR_xcrypt_buffer
<LI><a href="#[168]">&gt;&gt;</a>&nbsp;&nbsp;&nbsp;AES_ECB_encrypt
</UL>

<P><STRONG><a name="[16a]"></a>AddRoundKey</STRONG> (Thumb, 40 bytes, Stack size 16 bytes, aes.o(.text))
<BR><BR>[Stack]<UL><LI>Max Depth = 16<LI>Call Chain = AddRoundKey
</UL>
<BR>[Called By]<UL><LI><a href="#[16c]">&gt;&gt;</a>&nbsp;&nbsp;&nbsp;InvCipher
<LI><a href="#[169]">&gt;&gt;</a>&nbsp;&nbsp;&nbsp;Cipher
</UL>

<P><STRONG><a name="[3a]"></a>xtime</STRONG> (Thumb, 16 bytes, Stack size 0 bytes, aes.o(.text))
<BR>[Address Reference Count : 1]<UL><LI> aes.o(.text)
</UL>
<P><STRONG><a name="[16c]"></a>InvCipher</STRONG> (Thumb, 468 bytes, Stack size 96 bytes, aes.o(.text))
<BR><BR>[Stack]<UL><LI>Max Depth = 112<LI>Call Chain = InvCipher &rArr; AddRoundKey
</UL>
<BR>[Calls]<UL><LI><a href="#[16a]">&gt;&gt;</a>&nbsp;&nbsp;&nbsp;AddRoundKey
</UL>
<BR>[Called By]<UL><LI><a href="#[b4]">&gt;&gt;</a>&nbsp;&nbsp;&nbsp;AES_CBC_decrypt_buffer
<LI><a href="#[16b]">&gt;&gt;</a>&nbsp;&nbsp;&nbsp;AES_ECB_decrypt
</UL>

<P><STRONG><a name="[16d]"></a>XorWithIv</STRONG> (Thumb, 22 bytes, Stack size 8 bytes, aes.o(.text))
<BR><BR>[Stack]<UL><LI>Max Depth = 8<LI>Call Chain = XorWithIv
</UL>
<BR>[Called By]<UL><LI><a href="#[b4]">&gt;&gt;</a>&nbsp;&nbsp;&nbsp;AES_CBC_decrypt_buffer
<LI><a href="#[b3]">&gt;&gt;</a>&nbsp;&nbsp;&nbsp;AES_CBC_encrypt_buffer
</UL>

<P><STRONG><a name="[173]"></a>TransformFunction</STRONG> (Thumb, 340 bytes, Stack size 340 bytes, sha.o(.text))
<BR><BR>[Stack]<UL><LI>Max Depth = 340<LI>Call Chain = TransformFunction
</UL>
<BR>[Called By]<UL><LI><a href="#[b9]">&gt;&gt;</a>&nbsp;&nbsp;&nbsp;Sha256Finalise
<LI><a href="#[b8]">&gt;&gt;</a>&nbsp;&nbsp;&nbsp;Sha256Update
</UL>

<P><STRONG><a name="[17b]"></a>crc16_update</STRONG> (Thumb, 28 bytes, Stack size 0 bytes, modbus_master.o(.text), UNUSED)
<BR><BR>[Called By]<UL><LI><a href="#[17a]">&gt;&gt;</a>&nbsp;&nbsp;&nbsp;ModbusMaster_ModbusMasterTransaction
</UL>

<P><STRONG><a name="[1c8]"></a>_fp_digits</STRONG> (Thumb, 344 bytes, Stack size 64 bytes, printfa.o(i._fp_digits), UNUSED)
<BR><BR>[Calls]<UL><LI><a href="#[133]">&gt;&gt;</a>&nbsp;&nbsp;&nbsp;__aeabi_dadd
<LI><a href="#[131]">&gt;&gt;</a>&nbsp;&nbsp;&nbsp;__aeabi_ddiv
<LI><a href="#[129]">&gt;&gt;</a>&nbsp;&nbsp;&nbsp;__aeabi_dmul
<LI><a href="#[1c0]">&gt;&gt;</a>&nbsp;&nbsp;&nbsp;__aeabi_d2ulz
<LI><a href="#[1c9]">&gt;&gt;</a>&nbsp;&nbsp;&nbsp;__aeabi_cdrcmple
<LI><a href="#[1bd]">&gt;&gt;</a>&nbsp;&nbsp;&nbsp;__aeabi_uldivmod
</UL>
<BR>[Called By]<UL><LI><a href="#[1c3]">&gt;&gt;</a>&nbsp;&nbsp;&nbsp;_printf_core
</UL>

<P><STRONG><a name="[1c3]"></a>_printf_core</STRONG> (Thumb, 1754 bytes, Stack size 128 bytes, printfa.o(i._printf_core), UNUSED)
<BR><BR>[Calls]<UL><LI><a href="#[1ca]">&gt;&gt;</a>&nbsp;&nbsp;&nbsp;_printf_pre_padding
<LI><a href="#[1cb]">&gt;&gt;</a>&nbsp;&nbsp;&nbsp;_printf_post_padding
<LI><a href="#[1c8]">&gt;&gt;</a>&nbsp;&nbsp;&nbsp;_fp_digits
<LI><a href="#[1bd]">&gt;&gt;</a>&nbsp;&nbsp;&nbsp;__aeabi_uldivmod
<LI><a href="#[d6]">&gt;&gt;</a>&nbsp;&nbsp;&nbsp;__aeabi_uidivmod
</UL>
<BR>[Called By]<UL><LI><a href="#[1c4]">&gt;&gt;</a>&nbsp;&nbsp;&nbsp;__0vsnprintf
<LI><a href="#[1c2]">&gt;&gt;</a>&nbsp;&nbsp;&nbsp;__0printf
</UL>

<P><STRONG><a name="[1cb]"></a>_printf_post_padding</STRONG> (Thumb, 32 bytes, Stack size 24 bytes, printfa.o(i._printf_post_padding), UNUSED)
<BR><BR>[Called By]<UL><LI><a href="#[1c3]">&gt;&gt;</a>&nbsp;&nbsp;&nbsp;_printf_core
</UL>

<P><STRONG><a name="[1ca]"></a>_printf_pre_padding</STRONG> (Thumb, 44 bytes, Stack size 40 bytes, printfa.o(i._printf_pre_padding), UNUSED)
<BR><BR>[Called By]<UL><LI><a href="#[1c3]">&gt;&gt;</a>&nbsp;&nbsp;&nbsp;_printf_core
</UL>

<P><STRONG><a name="[3f]"></a>_snputc</STRONG> (Thumb, 22 bytes, Stack size 0 bytes, printfa.o(i._snputc))
<BR>[Address Reference Count : 1]<UL><LI> printfa.o(i.__0vsnprintf)
</UL><P>
<H3>
Undefined Global Symbols
</H3><HR></body></html>
