<html>
<body>
<pre>
<h1>µVision Build Log</h1>
<h2>Tool Versions:</h2>
IDE-Version: µVision V5.40.0.0
Copyright (C) 2024 ARM Ltd and ARM Germany GmbH. All rights reserved.
License Information: nguyen thai
tulasolution
User-based license: Keil MDK Community (non-commercial free of charge)
Valid until: Jun 1 2033. Cached until: Oct 11 2024
 
Tool Versions:
Toolchain:       Keil MDK Community (non-commercial free of charge  Version: 5.40.0.3
Toolchain Path:  C:\Users\TULA_KT01\AppData\Local\Keil_v5\ARM\ARMCLANG\Bin
C Compiler:      ArmClang.exe V6.22
Assembler:       Armasm.exe V6.22
Linker/Locator:  ArmLink.exe V6.22
Library Manager: ArmAr.exe V6.22
Hex Converter:   FromElf.exe V6.22
CPU DLL:         SARMCM3.DLL V5.40.0.3
Dialog DLL:      DARMCM1.DLL V1.19.6.0
Target DLL:      NULink\Nu_Link.dll V3.15
Dialog DLL:      TARMCM1.DLL V1.14.6.0
 
<h2>Project:</h2>
C:\Users\TULA_KT01\Desktop\github\rf_master\rf_client\ide_MDK-ARM\Client\rf_client.uvprojx
Project File Date:  10/03/2024

<h2>Output:</h2>
*** Using Compiler 'V6.22', folder: 'C:\Users\TULA_KT01\AppData\Local\Keil_v5\ARM\ARMCLANG\Bin'
Build target 'rf_client'
compiling operation.c...
linking...
.\Objects\rf_client.axf: Warning: L6803W: Relocation #REL:4 in retarget.o(.text.HardFault_Handler) with respect to retarget.o. Thumb Branch is unlikely to reach target inHard_Fault_Handler(.text.Hard_Fault_Handler).
.\Objects\rf_client.axf: Warning: L6803W: Relocation #REL:5 in retarget.o(.text.HardFault_Handler) with respect to retarget.o. Thumb Branch is unlikely to reach target inHard_Fault_Handler(.text.Hard_Fault_Handler).
Program Size: Code=31780 RO-data=2104 RW-data=420 ZI-data=3600  
Finished: 0 information, 2 warning and 0 error messages.
FromELF: creating hex file...
After Build - User command #1: fromelf --bin ".\Objects\rf_client.axf" --output ".\Objects\rf_client.bin"
After Build - User command #2: fromelf --text -c ".\Objects\rf_client.axf" --output ".\Objects\rf_client.txt"
".\Objects\rf_client.axf" - 0 Error(s), 2 Warning(s).

<h2>Software Packages used:</h2>

Package Vendor: ARM
                https://www.keil.com/pack/ARM.CMSIS.6.1.0.pack
                ARM::CMSIS@6.1.0
                CMSIS (Common Microcontroller Software Interface Standard)
   * Component: CORE Version: 6.1.0

Package Vendor: Nuvoton
                https://github.com/OpenNuvoton/cmsis-packs/raw/master/Nuvoton_DFP/Nuvoton.NuMicro_DFP.1.3.24.pack
                Nuvoton::NuMicro_DFP@1.3.24
                Nuvoton ARM Cortex-M NuMicro Family Device Support

<h2>Collection of Component include folders:</h2>
  ./RTE/_rf_client
  C:/Users/TULA_KT01/AppData/Local/Arm/Packs/ARM/CMSIS/6.1.0/CMSIS/Core/Include
  C:/Users/TULA_KT01/AppData/Local/Arm/Packs/Nuvoton/NuMicro_DFP/1.3.24/Device/NUC200/Include

<h2>Collection of Component Files used:</h2>

   * Component: ARM::CMSIS:CORE@6.1.0
Build Time Elapsed:  00:00:02
</pre>
</body>
</html>
